Component: ARM Compiler 6.16 Tool: armlink [5dfeaa00]

==============================================================================

Section Cross References

    server.o(.text.main) refers to server.o(.text.InitAdc) for InitAdc
    server.o(.text.main) refers to server.o(.text.InitUart) for InitUart
    server.o(.ARM.exidx.text.main) refers to server.o(.text.main) for [Anonymous Symbol]
    server.o(.ARM.exidx.text.InitAdc) refers to server.o(.text.InitAdc) for [Anonymous Symbol]
    server.o(.ARM.exidx.text.InitUart) refers to server.o(.text.InitUart) for [Anonymous Symbol]
    startup_mkl25z4.o(RESET) refers to startup_mkl25z4.o(STACK) for __initial_sp
    startup_mkl25z4.o(RESET) refers to startup_mkl25z4.o(.text) for Reset_Handler
    startup_mkl25z4.o(RESET) refers to port.o(.text.SVC_Handler) for SVC_Handler
    startup_mkl25z4.o(RESET) refers to port.o(.text.PendSV_Handler) for PendSV_Handler
    startup_mkl25z4.o(RESET) refers to port.o(.text.SysTick_Handler) for SysTick_Handler
    startup_mkl25z4.o(.text) refers to system_mkl25z4.o(.text.SystemInit) for SystemInit
    startup_mkl25z4.o(.text) refers to entry.o(.ARM.Collect$$$$00000000) for __main
    system_mkl25z4.o(.ARM.exidx.text.SystemInit) refers to system_mkl25z4.o(.text.SystemInit) for [Anonymous Symbol]
    system_mkl25z4.o(.text.SystemCoreClockUpdate) refers to uidiv_div0.o(.text) for __aeabi_uidiv
    system_mkl25z4.o(.text.SystemCoreClockUpdate) refers to system_mkl25z4.o(.data.SystemCoreClock) for SystemCoreClock
    system_mkl25z4.o(.ARM.exidx.text.SystemCoreClockUpdate) refers to system_mkl25z4.o(.text.SystemCoreClockUpdate) for [Anonymous Symbol]
    event_groups.o(.text.xEventGroupCreate) refers to heap_4.o(.text.pvPortMalloc) for pvPortMalloc
    event_groups.o(.text.xEventGroupCreate) refers to list.o(.text.vListInitialise) for vListInitialise
    event_groups.o(.ARM.exidx.text.xEventGroupCreate) refers to event_groups.o(.text.xEventGroupCreate) for [Anonymous Symbol]
    event_groups.o(.text.xEventGroupSync) refers to tasks.o(.text.xTaskGetSchedulerState) for xTaskGetSchedulerState
    event_groups.o(.text.xEventGroupSync) refers to tasks.o(.text.vTaskSuspendAll) for vTaskSuspendAll
    event_groups.o(.text.xEventGroupSync) refers to event_groups.o(.text.xEventGroupSetBits) for xEventGroupSetBits
    event_groups.o(.text.xEventGroupSync) refers to tasks.o(.text.vTaskPlaceOnUnorderedEventList) for vTaskPlaceOnUnorderedEventList
    event_groups.o(.text.xEventGroupSync) refers to tasks.o(.text.xTaskResumeAll) for xTaskResumeAll
    event_groups.o(.text.xEventGroupSync) refers to port.o(.text.vPortYield) for vPortYield
    event_groups.o(.text.xEventGroupSync) refers to tasks.o(.text.uxTaskResetEventItemValue) for uxTaskResetEventItemValue
    event_groups.o(.text.xEventGroupSync) refers to port.o(.text.vPortEnterCritical) for vPortEnterCritical
    event_groups.o(.text.xEventGroupSync) refers to port.o(.text.vPortExitCritical) for vPortExitCritical
    event_groups.o(.ARM.exidx.text.xEventGroupSync) refers to event_groups.o(.text.xEventGroupSync) for [Anonymous Symbol]
    event_groups.o(.text.xEventGroupSetBits) refers to tasks.o(.text.vTaskSuspendAll) for vTaskSuspendAll
    event_groups.o(.text.xEventGroupSetBits) refers to tasks.o(.text.vTaskRemoveFromUnorderedEventList) for vTaskRemoveFromUnorderedEventList
    event_groups.o(.text.xEventGroupSetBits) refers to tasks.o(.text.xTaskResumeAll) for xTaskResumeAll
    event_groups.o(.ARM.exidx.text.xEventGroupSetBits) refers to event_groups.o(.text.xEventGroupSetBits) for [Anonymous Symbol]
    event_groups.o(.text.xEventGroupWaitBits) refers to tasks.o(.text.xTaskGetSchedulerState) for xTaskGetSchedulerState
    event_groups.o(.text.xEventGroupWaitBits) refers to tasks.o(.text.vTaskSuspendAll) for vTaskSuspendAll
    event_groups.o(.text.xEventGroupWaitBits) refers to event_groups.o(.text.prvTestWaitCondition) for prvTestWaitCondition
    event_groups.o(.text.xEventGroupWaitBits) refers to tasks.o(.text.vTaskPlaceOnUnorderedEventList) for vTaskPlaceOnUnorderedEventList
    event_groups.o(.text.xEventGroupWaitBits) refers to tasks.o(.text.xTaskResumeAll) for xTaskResumeAll
    event_groups.o(.text.xEventGroupWaitBits) refers to port.o(.text.vPortYield) for vPortYield
    event_groups.o(.text.xEventGroupWaitBits) refers to tasks.o(.text.uxTaskResetEventItemValue) for uxTaskResetEventItemValue
    event_groups.o(.text.xEventGroupWaitBits) refers to port.o(.text.vPortEnterCritical) for vPortEnterCritical
    event_groups.o(.text.xEventGroupWaitBits) refers to port.o(.text.vPortExitCritical) for vPortExitCritical
    event_groups.o(.ARM.exidx.text.xEventGroupWaitBits) refers to event_groups.o(.text.xEventGroupWaitBits) for [Anonymous Symbol]
    event_groups.o(.ARM.exidx.text.prvTestWaitCondition) refers to event_groups.o(.text.prvTestWaitCondition) for [Anonymous Symbol]
[...]
    tasks.o(.text.uxTaskGetNumberOfTasks) refers to tasks.o(.bss.uxCurrentNumberOfTasks) for [Anonymous Symbol]
    tasks.o(.ARM.exidx.text.uxTaskGetNumberOfTasks) refers to tasks.o(.text.uxTaskGetNumberOfTasks) for [Anonymous Symbol]
    tasks.o(.text.pcTaskGetName) refers to tasks.o(.bss.pxCurrentTCB) for pxCurrentTCB
    tasks.o(.ARM.exidx.text.pcTaskGetName) refers to tasks.o(.text.pcTaskGetName) for [Anonymous Symbol]
    tasks.o(.text.xTaskGetHandle) refers to strlen.o(.text) for strlen
    tasks.o(.text.xTaskGetHandle) refers to tasks.o(.text.vTaskSuspendAll) for vTaskSuspendAll
    tasks.o(.text.xTaskGetHandle) refers to tasks.o(.text.prvSearchForNameWithinSingleList) for prvSearchForNameWithinSingleList
    tasks.o(.text.xTaskGetHandle) refers to tasks.o(.text.xTaskResumeAll) for xTaskResumeAll
    tasks.o(.text.xTaskGetHandle) refers to tasks.o(.bss.pxReadyTasksLists) for [Anonymous Symbol]
    tasks.o(.text.xTaskGetHandle) refers to tasks.o(.bss.pxDelayedTaskList) for [Anonymous Symbol]
    tasks.o(.text.xTaskGetHandle) refers to tasks.o(.bss.pxOverflowDelayedTaskList) for [Anonymous Symbol]
    tasks.o(.text.xTaskGetHandle) refers to tasks.o(.bss.xSuspendedTaskList) for [Anonymous Symbol]
    tasks.o(.text.xTaskGetHandle) refers to tasks.o(.bss.xTasksWaitingTermination) for [Anonymous Symbol]
    tasks.o(.ARM.exidx.text.xTaskGetHandle) refers to tasks.o(.text.xTaskGetHandle) for [Anonymous Symbol]
    tasks.o(.ARM.exidx.text.prvSearchForNameWithinSingleList) refers to tasks.o(.text.prvSearchForNameWithinSingleList) for [Anonymous Symbol]
    tasks.o(.text.uxTaskGetSystemState) refers to tasks.o(.text.vTaskSuspendAll) for vTaskSuspendAll
    tasks.o(.text.uxTaskGetSystemState) refers to tasks.o(.text.prvListTasksWithinSingleList) for prvListTasksWithinSingleList
    tasks.o(.text.uxTaskGetSystemState) refers to tasks.o(.text.xTaskResumeAll) for xTaskResumeAll
    tasks.o(.text.uxTaskGetSystemState) refers to tasks.o(.bss.uxCurrentNumberOfTasks) for [Anonymous Symbol]
    tasks.o(.text.uxTaskGetSystemState) refers to tasks.o(.bss.pxReadyTasksLists) for [Anonymous Symbol]
    tasks.o(.text.uxTaskGetSystemState) refers to tasks.o(.bss.pxDelayedTaskList) for [Anonymous Symbol]
    tasks.o(.text.uxTaskGetSystemState) refers to tasks.o(.bss.pxOverflowDelayedTaskList) for [Anonymous Symbol]
    tasks.o(.text.uxTaskGetSystemState) refers to tasks.o(.bss.xTasksWaitingTermination) for [Anonymous Symbol]
    tasks.o(.text.uxTaskGetSystemState) refers to tasks.o(.bss.xSuspendedTaskList) for [Anonymous Symbol]
    tasks.o(.ARM.exidx.text.uxTaskGetSystemState) refers to tasks.o(.text.uxTaskGetSystemState) for [Anonymous Symbol]
    tasks.o(.text.prvListTasksWithinSingleList) refers to tasks.o(.text.vTaskGetInfo) for vTaskGetInfo
    tasks.o(.ARM.exidx.text.prvListTasksWithinSingleList) refers to tasks.o(.text.prvListTasksWithinSingleList) for [Anonymous Symbol]
    tasks.o(.text.xTaskGetIdleTaskHandle) refers to tasks.o(.bss.xIdleTaskHandle) for [Anonymous Symbol]
    tasks.o(.ARM.exidx.text.xTaskGetIdleTaskHandle) refers to tasks.o(.text.xTaskGetIdleTaskHandle) for [Anonymous Symbol]
    tasks.o(.text.vTaskStepTick) refers to tasks.o(.bss.xTickCount) for [Anonymous Symbol]
    tasks.o(.text.vTaskStepTick) refers to tasks.o(.bss.xNextTaskUnblockTime) for [Anonymous Symbol]
    tasks.o(.ARM.exidx.text.vTaskStepTick) refers to tasks.o(.text.vTaskStepTick) for [Anonymous Symbol]
    tasks.o(.text.xTaskCatchUpTicks) refers to tasks.o(.text.vTaskSuspendAll) for vTaskSuspendAll
    tasks.o(.text.xTaskCatchUpTicks) refers to tasks.o(.text.xTaskResumeAll) for xTaskResumeAll
    tasks.o(.text.xTaskCatchUpTicks) refers to tasks.o(.bss.uxSchedulerSuspended) for [Anonymous Symbol]
    tasks.o(.text.xTaskCatchUpTicks) refers to tasks.o(.bss.xPendedTicks) for [Anonymous Symbol]
    tasks.o(.ARM.exidx.text.xTaskCatchUpTicks) refers to tasks.o(.text.xTaskCatchUpTicks) for [Anonymous Symbol]
    tasks.o(.text.xTaskAbortDelay) refers to tasks.o(.text.vTaskSuspendAll) for vTaskSuspendAll
    tasks.o(.text.xTaskAbortDelay) refers to tasks.o(.text.eTaskGetState) for eTaskGetState
    tasks.o(.text.xTaskAbortDelay) refers to list.o(.text.uxListRemove) for uxListRemove
    tasks.o(.text.xTaskAbortDelay) refers to port.o(.text.vPortEnterCritical) for vPortEnterCritical
    tasks.o(.text.xTaskAbortDelay) refers to port.o(.text.vPortExitCritical) for vPortExitCritical
    tasks.o(.text.xTaskAbortDelay) refers to tasks.o(.text.xTaskResumeAll) for xTaskResumeAll
    tasks.o(.text.xTaskAbortDelay) refers to tasks.o(.bss.uxTopReadyPriority) for [Anonymous Symbol]
    tasks.o(.text.xTaskAbortDelay) refers to tasks.o(.bss.pxReadyTasksLists) for [Anonymous Symbol]
    tasks.o(.text.xTaskAbortDelay) refers to tasks.o(.bss.pxCurrentTCB) for pxCurrentTCB
    tasks.o(.text.xTaskAbortDelay) refers to tasks.o(.bss.xYieldPending) for [Anonymous Symbol]
    tasks.o(.ARM.exidx.text.xTaskAbortDelay) refers to tasks.o(.text.xTaskAbortDelay) for [Anonymous Symbol]
    tasks.o(.text.vTaskPlaceOnEventList) refers to list.o(.text.vListInsert) for vListInsert
    tasks.o(.text.vTaskPlaceOnEventList) refers to tasks.o(.text.prvAddCurrentTaskToDelayedList) for prvAddCurrentTaskToDelayedList
    tasks.o(.text.vTaskPlaceOnEventList) refers to tasks.o(.bss.pxCurrentTCB) for pxCurrentTCB
    tasks.o(.ARM.exidx.text.vTaskPlaceOnEventList) refers to tasks.o(.text.vTaskPlaceOnEventList) for [Anonymous Symbol]
    tasks.o(.text.vTaskPlaceOnUnorderedEventList) refers to tasks.o(.text.prvAddCurrentTaskToDelayedList) for prvAddCurrentTaskToDelayedList
    tasks.o(.text.vTaskPlaceOnUnorderedEventList) refers to tasks.o(.bss.uxSchedulerSuspended) for [Anonymous Symbol]
    tasks.o(.text.vTaskPlaceOnUnorderedEventList) refers to tasks.o(.bss.pxCurrentTCB) for pxCurrentTCB
    tasks.o(.ARM.exidx.text.vTaskPlaceOnUnorderedEventList) refers to tasks.o(.text.vTaskPlaceOnUnorderedEventList) for [Anonymous Symbol]
    tasks.o(.text.vTaskPlaceOnEventListRestricted) refers to tasks.o(.text.prvAddCurrentTaskToDelayedList) for prvAddCurrentTaskToDelayedList
    tasks.o(.text.vTaskPlaceOnEventListRestricted) refers to tasks.o(.bss.pxCurrentTCB) for pxCurrentTCB
    tasks.o(.ARM.exidx.text.vTaskPlaceOnEventListRestricted) refers to tasks.o(.text.vTaskPlaceOnEventListRestricted) for [Anonymous Symbol]
    tasks.o(.text.xTaskRemoveFromEventList) refers to tasks.o(.text.prvResetNextTaskUnblockTime) for prvResetNextTaskUnblockTime
    tasks.o(.text.xTaskRemoveFromEventList) refers to tasks.o(.bss.uxSchedulerSuspended) for [Anonymous Symbol]
    tasks.o(.text.xTaskRemoveFromEventList) refers to tasks.o(.bss.xPendingReadyList) for [Anonymous Symbol]
    tasks.o(.text.xTaskRemoveFromEventList) refers to tasks.o(.bss.uxTopReadyPriority) for [Anonymous Symbol]
    tasks.o(.text.xTaskRemoveFromEventList) refers to tasks.o(.bss.pxReadyTasksLists) for [Anonymous Symbol]
    tasks.o(.text.xTaskRemoveFromEventList) refers to tasks.o(.bss.pxCurrentTCB) for pxCurrentTCB
    tasks.o(.text.xTaskRemoveFromEventList) refers to tasks.o(.bss.xYieldPending) for [Anonymous Symbol]
    tasks.o(.ARM.exidx.text.xTaskRemoveFromEventList) refers to tasks.o(.text.xTaskRemoveFromEventList) for [Anonymous Symbol]
    tasks.o(.text.vTaskRemoveFromUnorderedEventList) refers to tasks.o(.text.prvResetNextTaskUnblockTime) for prvResetNextTaskUnblockTime
    tasks.o(.text.vTaskRemoveFromUnorderedEventList) refers to tasks.o(.bss.uxSchedulerSuspended) for [Anonymous Symbol]
    tasks.o(.text.vTaskRemoveFromUnorderedEventList) refers to tasks.o(.bss.uxTopReadyPriority) for [Anonymous Symbol]
    tasks.o(.text.vTaskRemoveFromUnorderedEventList) refers to tasks.o(.bss.pxReadyTasksLists) for [Anonymous Symbol]
    tasks.o(.text.vTaskRemoveFromUnorderedEventList) refers to tasks.o(.bss.pxCurrentTCB) for pxCurrentTCB
    tasks.o(.text.vTaskRemoveFromUnorderedEventList) refers to tasks.o(.bss.xYieldPending) for [Anonymous Symbol]
    tasks.o(.ARM.exidx.text.vTaskRemoveFromUnorderedEventList) refers to tasks.o(.text.vTaskRemoveFromUnorderedEventList) for [Anonymous Symbol]
    tasks.o(.text.vTaskSetTimeOutState) refers to port.o(.text.vPortEnterCritical) for vPortEnterCritical
    tasks.o(.text.vTaskSetTimeOutState) refers to port.o(.text.vPortExitCritical) for vPortExitCritical
    tasks.o(.text.vTaskSetTimeOutState) refers to tasks.o(.bss.xNumOfOverflows) for [Anonymous Symbol]
    tasks.o(.text.vTaskSetTimeOutState) refers to tasks.o(.bss.xTickCount) for [Anonymous Symbol]
    tasks.o(.ARM.exidx.text.vTaskSetTimeOutState) refers to tasks.o(.text.vTaskSetTimeOutState) for [Anonymous Symbol]
    tasks.o(.text.vTaskInternalSetTimeOutState) refers to tasks.o(.bss.xNumOfOverflows) for [Anonymous Symbol]
    tasks.o(.text.vTaskInternalSetTimeOutState) refers to tasks.o(.bss.xTickCount) for [Anonymous Symbol]
    tasks.o(.ARM.exidx.text.vTaskInternalSetTimeOutState) refers to tasks.o(.text.vTaskInternalSetTimeOutState) for [Anonymous Symbol]
    tasks.o(.text.xTaskCheckForTimeOut) refers to port.o(.text.vPortEnterCritical) for vPortEnterCritical
    tasks.o(.text.xTaskCheckForTimeOut) refers to port.o(.text.vPortExitCritical) for vPortExitCritical
    tasks.o(.text.xTaskCheckForTimeOut) refers to tasks.o(.text.vTaskInternalSetTimeOutState) for vTaskInternalSetTimeOutState
    tasks.o(.text.xTaskCheckForTimeOut) refers to tasks.o(.bss.xTickCount) for [Anonymous Symbol]
    tasks.o(.text.xTaskCheckForTimeOut) refers to tasks.o(.bss.pxCurrentTCB) for pxCurrentTCB
    tasks.o(.text.xTaskCheckForTimeOut) refers to tasks.o(.bss.xNumOfOverflows) for [Anonymous Symbol]
    tasks.o(.ARM.exidx.text.xTaskCheckForTimeOut) refers to tasks.o(.text.xTaskCheckForTimeOut) for [Anonymous Symbol]
    tasks.o(.text.vTaskMissedYield) refers to tasks.o(.bss.xYieldPending) for [Anonymous Symbol]
    tasks.o(.ARM.exidx.text.vTaskMissedYield) refers to tasks.o(.text.vTaskMissedYield) for [Anonymous Symbol]
    tasks.o(.ARM.exidx.text.uxTaskGetTaskNumber) refers to tasks.o(.text.uxTaskGetTaskNumber) for [Anonymous Symbol]
    tasks.o(.ARM.exidx.text.vTaskSetTaskNumber) refers to tasks.o(.text.vTaskSetTaskNumber) for [Anonymous Symbol]
    tasks.o(.text.eTaskConfirmSleepModeStatus) refers to tasks.o(.bss.xPendingReadyList) for [Anonymous Symbol]
    tasks.o(.text.eTaskConfirmSleepModeStatus) refers to tasks.o(.bss.xYieldPending) for [Anonymous Symbol]
    tasks.o(.text.eTaskConfirmSleepModeStatus) refers to tasks.o(.bss.xPendedTicks) for [Anonymous Symbol]
    tasks.o(.text.eTaskConfirmSleepModeStatus) refers to tasks.o(.bss.xSuspendedTaskList) for [Anonymous Symbol]
    tasks.o(.text.eTaskConfirmSleepModeStatus) refers to tasks.o(.bss.uxCurrentNumberOfTasks) for [Anonymous Symbol]
    tasks.o(.ARM.exidx.text.eTaskConfirmSleepModeStatus) refers to tasks.o(.text.eTaskConfirmSleepModeStatus) for [Anonymous Symbol]
    tasks.o(.text.vTaskGetInfo) refers to tasks.o(.text.eTaskGetState) for eTaskGetState
    tasks.o(.text.vTaskGetInfo) refers to tasks.o(.text.vTaskSuspendAll) for vTaskSuspendAll
    tasks.o(.text.vTaskGetInfo) refers to tasks.o(.text.xTaskResumeAll) for xTaskResumeAll
    tasks.o(.text.vTaskGetInfo) refers to tasks.o(.text.prvTaskCheckFreeStackSpace) for prvTaskCheckFreeStackSpace
    tasks.o(.text.vTaskGetInfo) refers to tasks.o(.bss.pxCurrentTCB) for pxCurrentTCB
    tasks.o(.ARM.exidx.text.vTaskGetInfo) refers to tasks.o(.text.vTaskGetInfo) for [Anonymous Symbol]
    tasks.o(.ARM.exidx.text.prvTaskCheckFreeStackSpace) refers to tasks.o(.text.prvTaskCheckFreeStackSpace) for [Anonymous Symbol]
    tasks.o(.text.uxTaskGetStackHighWaterMark2) refers to tasks.o(.text.prvTaskCheckFreeStackSpace) for prvTaskCheckFreeStackSpace
    tasks.o(.text.uxTaskGetStackHighWaterMark2) refers to tasks.o(.bss.pxCurrentTCB) for pxCurrentTCB
    tasks.o(.ARM.exidx.text.uxTaskGetStackHighWaterMark2) refers to tasks.o(.text.uxTaskGetStackHighWaterMark2) for [Anonymous Symbol]
    tasks.o(.text.uxTaskGetStackHighWaterMark) refers to tasks.o(.text.prvTaskCheckFreeStackSpace) for prvTaskCheckFreeStackSpace
    tasks.o(.text.uxTaskGetStackHighWaterMark) refers to tasks.o(.bss.pxCurrentTCB) for pxCurrentTCB
    tasks.o(.ARM.exidx.text.uxTaskGetStackHighWaterMark) refers to tasks.o(.text.uxTaskGetStackHighWaterMark) for [Anonymous Symbol]
    tasks.o(.text.xTaskGetCurrentTaskHandle) refers to tasks.o(.bss.pxCurrentTCB) for pxCurrentTCB
    tasks.o(.ARM.exidx.text.xTaskGetCurrentTaskHandle) refers to tasks.o(.text.xTaskGetCurrentTaskHandle) for [Anonymous Symbol]
    tasks.o(.text.xTaskGetSchedulerState) refers to tasks.o(.bss.xSchedulerRunning) for [Anonymous Symbol]
    tasks.o(.text.xTaskGetSchedulerState) refers to tasks.o(.bss.uxSchedulerSuspended) for [Anonymous Symbol]
    tasks.o(.ARM.exidx.text.xTaskGetSchedulerState) refers to tasks.o(.text.xTaskGetSchedulerState) for [Anonymous Symbol]
    tasks.o(.text.xTaskPriorityInherit) refers to list.o(.text.uxListRemove) for uxListRemove
    tasks.o(.text.xTaskPriorityInherit) refers to tasks.o(.bss.pxCurrentTCB) for pxCurrentTCB
    tasks.o(.text.xTaskPriorityInherit) refers to tasks.o(.bss.pxReadyTasksLists) for [Anonymous Symbol]
    tasks.o(.text.xTaskPriorityInherit) refers to tasks.o(.bss.uxTopReadyPriority) for [Anonymous Symbol]
    tasks.o(.ARM.exidx.text.xTaskPriorityInherit) refers to tasks.o(.text.xTaskPriorityInherit) for [Anonymous Symbol]
    tasks.o(.text.xTaskPriorityDisinherit) refers to list.o(.text.uxListRemove) for uxListRemove
    tasks.o(.text.xTaskPriorityDisinherit) refers to tasks.o(.bss.pxCurrentTCB) for pxCurrentTCB
    tasks.o(.text.xTaskPriorityDisinherit) refers to tasks.o(.bss.uxTopReadyPriority) for [Anonymous Symbol]
    tasks.o(.text.xTaskPriorityDisinherit) refers to tasks.o(.bss.pxReadyTasksLists) for [Anonymous Symbol]
    tasks.o(.ARM.exidx.text.xTaskPriorityDisinherit) refers to tasks.o(.text.xTaskPriorityDisinherit) for [Anonymous Symbol]
    tasks.o(.text.vTaskPriorityDisinheritAfterTimeout) refers to list.o(.text.uxListRemove) for uxListRemove
    tasks.o(.text.vTaskPriorityDisinheritAfterTimeout) refers to tasks.o(.bss.pxCurrentTCB) for pxCurrentTCB
    tasks.o(.text.vTaskPriorityDisinheritAfterTimeout) refers to tasks.o(.bss.pxReadyTasksLists) for [Anonymous Symbol]
    tasks.o(.text.vTaskPriorityDisinheritAfterTimeout) refers to tasks.o(.bss.uxTopReadyPriority) for [Anonymous Symbol]
    tasks.o(.ARM.exidx.text.vTaskPriorityDisinheritAfterTimeout) refers to tasks.o(.text.vTaskPriorityDisinheritAfterTimeout) for [Anonymous Symbol]
    tasks.o(.text.uxTaskResetEventItemValue) refers to tasks.o(.bss.pxCurrentTCB) for pxCurrentTCB
    tasks.o(.ARM.exidx.text.uxTaskResetEventItemValue) refers to tasks.o(.text.uxTaskResetEventItemValue) for [Anonymous Symbol]
    tasks.o(.text.pvTaskIncrementMutexHeldCount) refers to tasks.o(.bss.pxCurrentTCB) for pxCurrentTCB
    tasks.o(.ARM.exidx.text.pvTaskIncrementMutexHeldCount) refers to tasks.o(.text.pvTaskIncrementMutexHeldCount) for [Anonymous Symbol]
    tasks.o(.text.ulTaskGenericNotifyTake) refers to port.o(.text.vPortEnterCritical) for vPortEnterCritical
    tasks.o(.text.ulTaskGenericNotifyTake) refers to tasks.o(.text.prvAddCurrentTaskToDelayedList) for prvAddCurrentTaskToDelayedList
    tasks.o(.text.ulTaskGenericNotifyTake) refers to port.o(.text.vPortYield) for vPortYield
    tasks.o(.text.ulTaskGenericNotifyTake) refers to port.o(.text.vPortExitCritical) for vPortExitCritical
    tasks.o(.text.ulTaskGenericNotifyTake) refers to tasks.o(.bss.pxCurrentTCB) for pxCurrentTCB
    tasks.o(.ARM.exidx.text.ulTaskGenericNotifyTake) refers to tasks.o(.text.ulTaskGenericNotifyTake) for [Anonymous Symbol]
    tasks.o(.text.xTaskGenericNotifyWait) refers to port.o(.text.vPortEnterCritical) for vPortEnterCritical
    tasks.o(.text.xTaskGenericNotifyWait) refers to tasks.o(.text.prvAddCurrentTaskToDelayedList) for prvAddCurrentTaskToDelayedList
    tasks.o(.text.xTaskGenericNotifyWait) refers to port.o(.text.vPortYield) for vPortYield
    tasks.o(.text.xTaskGenericNotifyWait) refers to port.o(.text.vPortExitCritical) for vPortExitCritical
    tasks.o(.text.xTaskGenericNotifyWait) refers to tasks.o(.bss.pxCurrentTCB) for pxCurrentTCB
    tasks.o(.ARM.exidx.text.xTaskGenericNotifyWait) refers to tasks.o(.text.xTaskGenericNotifyWait) for [Anonymous Symbol]
    tasks.o(.text.xTaskGenericNotify) refers to port.o(.text.vPortEnterCritical) for vPortEnterCritical
    tasks.o(.text.xTaskGenericNotify) refers to tasks.o(.text.prvResetNextTaskUnblockTime) for prvResetNextTaskUnblockTime
    tasks.o(.text.xTaskGenericNotify) refers to port.o(.text.vPortYield) for vPortYield
    tasks.o(.text.xTaskGenericNotify) refers to port.o(.text.vPortExitCritical) for vPortExitCritical
    tasks.o(.text.xTaskGenericNotify) refers to tasks.o(.bss.xTickCount) for [Anonymous Symbol]
    tasks.o(.text.xTaskGenericNotify) refers to tasks.o(.bss.uxTopReadyPriority) for [Anonymous Symbol]
    tasks.o(.text.xTaskGenericNotify) refers to tasks.o(.bss.pxReadyTasksLists) for [Anonymous Symbol]
    tasks.o(.text.xTaskGenericNotify) refers to tasks.o(.bss.pxCurrentTCB) for pxCurrentTCB
    tasks.o(.ARM.exidx.text.xTaskGenericNotify) refers to tasks.o(.text.xTaskGenericNotify) for [Anonymous Symbol]
    tasks.o(.text.xTaskGenericNotifyFromISR) refers to port.o(.text.ulSetInterruptMaskFromISR) for ulSetInterruptMaskFromISR
    tasks.o(.text.xTaskGenericNotifyFromISR) refers to port.o(.text.vClearInterruptMaskFromISR) for vClearInterruptMaskFromISR
    tasks.o(.text.xTaskGenericNotifyFromISR) refers to tasks.o(.bss.xTickCount) for [Anonymous Symbol]
    tasks.o(.text.xTaskGenericNotifyFromISR) refers to tasks.o(.bss.uxSchedulerSuspended) for [Anonymous Symbol]
    tasks.o(.text.xTaskGenericNotifyFromISR) refers to tasks.o(.bss.xPendingReadyList) for [Anonymous Symbol]
    tasks.o(.text.xTaskGenericNotifyFromISR) refers to tasks.o(.bss.uxTopReadyPriority) for [Anonymous Symbol]
    tasks.o(.text.xTaskGenericNotifyFromISR) refers to tasks.o(.bss.pxReadyTasksLists) for [Anonymous Symbol]
    tasks.o(.text.xTaskGenericNotifyFromISR) refers to tasks.o(.bss.pxCurrentTCB) for pxCurrentTCB
    tasks.o(.text.xTaskGenericNotifyFromISR) refers to tasks.o(.bss.xYieldPending) for [Anonymous Symbol]
    tasks.o(.ARM.exidx.text.xTaskGenericNotifyFromISR) refers to tasks.o(.text.xTaskGenericNotifyFromISR) for [Anonymous Symbol]
    tasks.o(.text.vTaskGenericNotifyGiveFromISR) refers to port.o(.text.ulSetInterruptMaskFromISR) for ulSetInterruptMaskFromISR
    tasks.o(.text.vTaskGenericNotifyGiveFromISR) refers to port.o(.text.vClearInterruptMaskFromISR) for vClearInterruptMaskFromISR
    tasks.o(.text.vTaskGenericNotifyGiveFromISR) refers to tasks.o(.bss.uxSchedulerSuspended) for [Anonymous Symbol]
    tasks.o(.text.vTaskGenericNotifyGiveFromISR) refers to tasks.o(.bss.xPendingReadyList) for [Anonymous Symbol]
    tasks.o(.text.vTaskGenericNotifyGiveFromISR) refers to tasks.o(.bss.uxTopReadyPriority) for [Anonymous Symbol]
    tasks.o(.text.vTaskGenericNotifyGiveFromISR) refers to tasks.o(.bss.pxReadyTasksLists) for [Anonymous Symbol]
    tasks.o(.text.vTaskGenericNotifyGiveFromISR) refers to tasks.o(.bss.pxCurrentTCB) for pxCurrentTCB
    tasks.o(.text.vTaskGenericNotifyGiveFromISR) refers to tasks.o(.bss.xYieldPending) for [Anonymous Symbol]
    tasks.o(.ARM.exidx.text.vTaskGenericNotifyGiveFromISR) refers to tasks.o(.text.vTaskGenericNotifyGiveFromISR) for [Anonymous Symbol]
    tasks.o(.text.xTaskGenericNotifyStateClear) refers to port.o(.text.vPortEnterCritical) for vPortEnterCritical
    tasks.o(.text.xTaskGenericNotifyStateClear) refers to port.o(.text.vPortExitCritical) for vPortExitCritical
    tasks.o(.text.xTaskGenericNotifyStateClear) refers to tasks.o(.bss.pxCurrentTCB) for pxCurrentTCB
    tasks.o(.ARM.exidx.text.xTaskGenericNotifyStateClear) refers to tasks.o(.text.xTaskGenericNotifyStateClear) for [Anonymous Symbol]
    tasks.o(.text.ulTaskGenericNotifyValueClear) refers to port.o(.text.vPortEnterCritical) for vPortEnterCritical
    tasks.o(.text.ulTaskGenericNotifyValueClear) refers to port.o(.text.vPortExitCritical) for vPortExitCritical
    tasks.o(.text.ulTaskGenericNotifyValueClear) refers to tasks.o(.bss.pxCurrentTCB) for pxCurrentTCB
    tasks.o(.ARM.exidx.text.ulTaskGenericNotifyValueClear) refers to tasks.o(.text.ulTaskGenericNotifyValueClear) for [Anonymous Symbol]
    tasks.o(.text.prvInitialiseTaskLists) refers to list.o(.text.vListInitialise) for vListInitialise
    tasks.o(.text.prvInitialiseTaskLists) refers to tasks.o(.bss.pxReadyTasksLists) for [Anonymous Symbol]
    tasks.o(.text.prvInitialiseTaskLists) refers to tasks.o(.bss.xDelayedTaskList1) for [Anonymous Symbol]
    tasks.o(.text.prvInitialiseTaskLists) refers to tasks.o(.bss.xDelayedTaskList2) for [Anonymous Symbol]
    tasks.o(.text.prvInitialiseTaskLists) refers to tasks.o(.bss.xPendingReadyList) for [Anonymous Symbol]
    tasks.o(.text.prvInitialiseTaskLists) refers to tasks.o(.bss.xTasksWaitingTermination) for [Anonymous Symbol]
    tasks.o(.text.prvInitialiseTaskLists) refers to tasks.o(.bss.xSuspendedTaskList) for [Anonymous Symbol]
    tasks.o(.text.prvInitialiseTaskLists) refers to tasks.o(.bss.pxDelayedTaskList) for [Anonymous Symbol]
    tasks.o(.text.prvInitialiseTaskLists) refers to tasks.o(.bss.pxOverflowDelayedTaskList) for [Anonymous Symbol]
    tasks.o(.ARM.exidx.text.prvInitialiseTaskLists) refers to tasks.o(.text.prvInitialiseTaskLists) for [Anonymous Symbol]
    tasks.o(.text.prvCheckTasksWaitingTermination) refers to port.o(.text.vPortEnterCritical) for vPortEnterCritical
    tasks.o(.text.prvCheckTasksWaitingTermination) refers to list.o(.text.uxListRemove) for uxListRemove
    tasks.o(.text.prvCheckTasksWaitingTermination) refers to port.o(.text.vPortExitCritical) for vPortExitCritical
    tasks.o(.text.prvCheckTasksWaitingTermination) refers to tasks.o(.text.prvDeleteTCB) for prvDeleteTCB
    tasks.o(.text.prvCheckTasksWaitingTermination) refers to tasks.o(.bss.uxDeletedTasksWaitingCleanUp) for [Anonymous Symbol]
    tasks.o(.text.prvCheckTasksWaitingTermination) refers to tasks.o(.bss.xTasksWaitingTermination) for [Anonymous Symbol]
    tasks.o(.text.prvCheckTasksWaitingTermination) refers to tasks.o(.bss.uxCurrentNumberOfTasks) for [Anonymous Symbol]
    tasks.o(.ARM.exidx.text.prvCheckTasksWaitingTermination) refers to tasks.o(.text.prvCheckTasksWaitingTermination) for [Anonymous Symbol]
    tasks.o(.text.prvGetExpectedIdleTime) refers to tasks.o(.bss.uxTopReadyPriority) for [Anonymous Symbol]
    tasks.o(.text.prvGetExpectedIdleTime) refers to tasks.o(.bss.pxCurrentTCB) for pxCurrentTCB
    tasks.o(.text.prvGetExpectedIdleTime) refers to tasks.o(.bss.pxReadyTasksLists) for [Anonymous Symbol]
    tasks.o(.text.prvGetExpectedIdleTime) refers to tasks.o(.bss.xNextTaskUnblockTime) for [Anonymous Symbol]
    tasks.o(.text.prvGetExpectedIdleTime) refers to tasks.o(.bss.xTickCount) for [Anonymous Symbol]
    tasks.o(.ARM.exidx.text.prvGetExpectedIdleTime) refers to tasks.o(.text.prvGetExpectedIdleTime) for [Anonymous Symbol]
    timers.o(.text.xTimerCreateTimerTask) refers to timers.o(.text.prvCheckForValidListAndQueue) for prvCheckForValidListAndQueue
    timers.o(.text.xTimerCreateTimerTask) refers to tasks.o(.text.xTaskCreate) for xTaskCreate
    timers.o(.text.xTimerCreateTimerTask) refers to timers.o(.bss.xTimerQueue) for [Anonymous Symbol]
    timers.o(.text.xTimerCreateTimerTask) refers to timers.o(.bss.xTimerTaskHandle) for [Anonymous Symbol]
    timers.o(.text.xTimerCreateTimerTask) refers to timers.o(.text.prvTimerTask) for prvTimerTask
    timers.o(.ARM.exidx.text.xTimerCreateTimerTask) refers to timers.o(.text.xTimerCreateTimerTask) for [Anonymous Symbol]
    timers.o(.text.prvCheckForValidListAndQueue) refers to port.o(.text.vPortEnterCritical) for vPortEnterCritical
    timers.o(.text.prvCheckForValidListAndQueue) refers to port.o(.text.vPortExitCritical) for vPortExitCritical
    timers.o(.text.prvCheckForValidListAndQueue) refers to list.o(.text.vListInitialise) for vListInitialise
    timers.o(.text.prvCheckForValidListAndQueue) refers to queue.o(.text.xQueueGenericCreate) for xQueueGenericCreate
    timers.o(.text.prvCheckForValidListAndQueue) refers to timers.o(.bss.xTimerQueue) for [Anonymous Symbol]
    timers.o(.text.prvCheckForValidListAndQueue) refers to timers.o(.bss.xActiveTimerList1) for [Anonymous Symbol]
    timers.o(.text.prvCheckForValidListAndQueue) refers to timers.o(.bss.xActiveTimerList2) for [Anonymous Symbol]
    timers.o(.text.prvCheckForValidListAndQueue) refers to timers.o(.bss.pxOverflowTimerList) for [Anonymous Symbol]
    timers.o(.text.prvCheckForValidListAndQueue) refers to timers.o(.bss.pxCurrentTimerList) for [Anonymous Symbol]
    timers.o(.ARM.exidx.text.prvCheckForValidListAndQueue) refers to timers.o(.text.prvCheckForValidListAndQueue) for [Anonymous Symbol]
    timers.o(.text.prvTimerTask) refers to timers.o(.text.prvGetNextExpireTime) for prvGetNextExpireTime
    timers.o(.text.prvTimerTask) refers to timers.o(.text.prvProcessTimerOrBlockTask) for prvProcessTimerOrBlockTask
    timers.o(.text.prvTimerTask) refers to timers.o(.text.prvProcessReceivedCommands) for prvProcessReceivedCommands
    timers.o(.ARM.exidx.text.prvTimerTask) refers to timers.o(.text.prvTimerTask) for [Anonymous Symbol]
    timers.o(.text.xTimerCreate) refers to heap_4.o(.text.pvPortMalloc) for pvPortMalloc
    timers.o(.text.xTimerCreate) refers to timers.o(.text.prvInitialiseNewTimer) for prvInitialiseNewTimer
    timers.o(.ARM.exidx.text.xTimerCreate) refers to timers.o(.text.xTimerCreate) for [Anonymous Symbol]
    timers.o(.text.prvInitialiseNewTimer) refers to timers.o(.text.prvCheckForValidListAndQueue) for prvCheckForValidListAndQueue
    timers.o(.text.prvInitialiseNewTimer) refers to list.o(.text.vListInitialiseItem) for vListInitialiseItem
    timers.o(.ARM.exidx.text.prvInitialiseNewTimer) refers to timers.o(.text.prvInitialiseNewTimer) for [Anonymous Symbol]
    timers.o(.text.xTimerGenericCommand) refers to tasks.o(.text.xTaskGetSchedulerState) for xTaskGetSchedulerState
    timers.o(.text.xTimerGenericCommand) refers to queue.o(.text.xQueueGenericSendFromISR) for xQueueGenericSendFromISR
    timers.o(.text.xTimerGenericCommand) refers to queue.o(.text.xQueueGenericSend) for xQueueGenericSend
    timers.o(.text.xTimerGenericCommand) refers to timers.o(.bss.xTimerQueue) for [Anonymous Symbol]
    timers.o(.ARM.exidx.text.xTimerGenericCommand) refers to timers.o(.text.xTimerGenericCommand) for [Anonymous Symbol]
    timers.o(.text.xTimerGetTimerDaemonTaskHandle) refers to timers.o(.bss.xTimerTaskHandle) for [Anonymous Symbol]
    timers.o(.ARM.exidx.text.xTimerGetTimerDaemonTaskHandle) refers to timers.o(.text.xTimerGetTimerDaemonTaskHandle) for [Anonymous Symbol]
    timers.o(.ARM.exidx.text.xTimerGetPeriod) refers to timers.o(.text.xTimerGetPeriod) for [Anonymous Symbol]
    timers.o(.text.vTimerSetReloadMode) refers to port.o(.text.vPortEnterCritical) for vPortEnterCritical
    timers.o(.text.vTimerSetReloadMode) refers to port.o(.text.vPortExitCritical) for vPortExitCritical
    timers.o(.ARM.exidx.text.vTimerSetReloadMode) refers to timers.o(.text.vTimerSetReloadMode) for [Anonymous Symbol]
    timers.o(.text.uxTimerGetReloadMode) refers to port.o(.text.vPortEnterCritical) for vPortEnterCritical
    timers.o(.text.uxTimerGetReloadMode) refers to port.o(.text.vPortExitCritical) for vPortExitCritical
    timers.o(.ARM.exidx.text.uxTimerGetReloadMode) refers to timers.o(.text.uxTimerGetReloadMode) for [Anonymous Symbol]
    timers.o(.ARM.exidx.text.xTimerGetExpiryTime) refers to timers.o(.text.xTimerGetExpiryTime) for [Anonymous Symbol]
    timers.o(.ARM.exidx.text.pcTimerGetName) refers to timers.o(.text.pcTimerGetName) for [Anonymous Symbol]
    timers.o(.text.xTimerIsTimerActive) refers to port.o(.text.vPortEnterCritical) for vPortEnterCritical
    timers.o(.text.xTimerIsTimerActive) refers to port.o(.text.vPortExitCritical) for vPortExitCritical
    timers.o(.ARM.exidx.text.xTimerIsTimerActive) refers to timers.o(.text.xTimerIsTimerActive) for [Anonymous Symbol]
    timers.o(.text.pvTimerGetTimerID) refers to port.o(.text.vPortEnterCritical) for vPortEnterCritical
    timers.o(.text.pvTimerGetTimerID) refers to port.o(.text.vPortExitCritical) for vPortExitCritical
    timers.o(.ARM.exidx.text.pvTimerGetTimerID) refers to timers.o(.text.pvTimerGetTimerID) for [Anonymous Symbol]
    timers.o(.text.vTimerSetTimerID) refers to port.o(.text.vPortEnterCritical) for vPortEnterCritical
    timers.o(.text.vTimerSetTimerID) refers to port.o(.text.vPortExitCritical) for vPortExitCritical
    timers.o(.ARM.exidx.text.vTimerSetTimerID) refers to timers.o(.text.vTimerSetTimerID) for [Anonymous Symbol]
    timers.o(.text.xTimerPendFunctionCallFromISR) refers to queue.o(.text.xQueueGenericSendFromISR) for xQueueGenericSendFromISR
    timers.o(.text.xTimerPendFunctionCallFromISR) refers to timers.o(.bss.xTimerQueue) for [Anonymous Symbol]
    timers.o(.ARM.exidx.text.xTimerPendFunctionCallFromISR) refers to timers.o(.text.xTimerPendFunctionCallFromISR) for [Anonymous Symbol]
    timers.o(.text.xTimerPendFunctionCall) refers to queue.o(.text.xQueueGenericSend) for xQueueGenericSend
    timers.o(.text.xTimerPendFunctionCall) refers to timers.o(.bss.xTimerQueue) for [Anonymous Symbol]
    timers.o(.ARM.exidx.text.xTimerPendFunctionCall) refers to timers.o(.text.xTimerPendFunctionCall) for [Anonymous Symbol]
    timers.o(.ARM.exidx.text.uxTimerGetTimerNumber) refers to timers.o(.text.uxTimerGetTimerNumber) for [Anonymous Symbol]
    timers.o(.ARM.exidx.text.vTimerSetTimerNumber) refers to timers.o(.text.vTimerSetTimerNumber) for [Anonymous Symbol]
    timers.o(.text.prvGetNextExpireTime) refers to timers.o(.bss.pxCurrentTimerList) for [Anonymous Symbol]
    timers.o(.ARM.exidx.text.prvGetNextExpireTime) refers to timers.o(.text.prvGetNextExpireTime) for [Anonymous Symbol]
    timers.o(.text.prvProcessTimerOrBlockTask) refers to tasks.o(.text.vTaskSuspendAll) for vTaskSuspendAll
    timers.o(.text.prvProcessTimerOrBlockTask) refers to timers.o(.text.prvSampleTimeNow) for prvSampleTimeNow
    timers.o(.text.prvProcessTimerOrBlockTask) refers to tasks.o(.text.xTaskResumeAll) for xTaskResumeAll
    timers.o(.text.prvProcessTimerOrBlockTask) refers to timers.o(.text.prvProcessExpiredTimer) for prvProcessExpiredTimer
    timers.o(.text.prvProcessTimerOrBlockTask) refers to queue.o(.text.vQueueWaitForMessageRestricted) for vQueueWaitForMessageRestricted
    timers.o(.text.prvProcessTimerOrBlockTask) refers to port.o(.text.vPortYield) for vPortYield
    timers.o(.text.prvProcessTimerOrBlockTask) refers to timers.o(.bss.pxOverflowTimerList) for [Anonymous Symbol]
    timers.o(.text.prvProcessTimerOrBlockTask) refers to timers.o(.bss.xTimerQueue) for [Anonymous Symbol]
    timers.o(.ARM.exidx.text.prvProcessTimerOrBlockTask) refers to timers.o(.text.prvProcessTimerOrBlockTask) for [Anonymous Symbol]
    timers.o(.text.prvProcessReceivedCommands) refers to queue.o(.text.xQueueReceive) for xQueueReceive
    timers.o(.text.prvProcessReceivedCommands) refers to list.o(.text.uxListRemove) for uxListRemove
    timers.o(.text.prvProcessReceivedCommands) refers to timers.o(.text.prvSampleTimeNow) for prvSampleTimeNow
    timers.o(.text.prvProcessReceivedCommands) refers to timers.o(.text.prvInsertTimerInActiveList) for prvInsertTimerInActiveList
    timers.o(.text.prvProcessReceivedCommands) refers to timers.o(.text.prvReloadTimer) for prvReloadTimer
    timers.o(.text.prvProcessReceivedCommands) refers to heap_4.o(.text.vPortFree) for vPortFree
    timers.o(.text.prvProcessReceivedCommands) refers to timers.o(.bss.xTimerQueue) for [Anonymous Symbol]
    timers.o(.ARM.exidx.text.prvProcessReceivedCommands) refers to timers.o(.text.prvProcessReceivedCommands) for [Anonymous Symbol]
    timers.o(.text.prvSampleTimeNow) refers to tasks.o(.text.xTaskGetTickCount) for xTaskGetTickCount
    timers.o(.text.prvSampleTimeNow) refers to timers.o(.text.prvSwitchTimerLists) for prvSwitchTimerLists
    timers.o(.text.prvSampleTimeNow) refers to timers.o(.bss.prvSampleTimeNow.xLastTime) for [Anonymous Symbol]
    timers.o(.ARM.exidx.text.prvSampleTimeNow) refers to timers.o(.text.prvSampleTimeNow) for [Anonymous Symbol]
    timers.o(.text.prvProcessExpiredTimer) refers to list.o(.text.uxListRemove) for uxListRemove
    timers.o(.text.prvProcessExpiredTimer) refers to timers.o(.text.prvReloadTimer) for prvReloadTimer
    timers.o(.text.prvProcessExpiredTimer) refers to timers.o(.bss.pxCurrentTimerList) for [Anonymous Symbol]
    timers.o(.ARM.exidx.text.prvProcessExpiredTimer) refers to timers.o(.text.prvProcessExpiredTimer) for [Anonymous Symbol]
    timers.o(.text.prvSwitchTimerLists) refers to timers.o(.text.prvProcessExpiredTimer) for prvProcessExpiredTimer
    timers.o(.text.prvSwitchTimerLists) refers to timers.o(.bss.pxCurrentTimerList) for [Anonymous Symbol]
    timers.o(.text.prvSwitchTimerLists) refers to timers.o(.bss.pxOverflowTimerList) for [Anonymous Symbol]
    timers.o(.ARM.exidx.text.prvSwitchTimerLists) refers to timers.o(.text.prvSwitchTimerLists) for [Anonymous Symbol]
    timers.o(.text.prvReloadTimer) refers to timers.o(.text.prvInsertTimerInActiveList) for prvInsertTimerInActiveList
    timers.o(.ARM.exidx.text.prvReloadTimer) refers to timers.o(.text.prvReloadTimer) for [Anonymous Symbol]
    timers.o(.text.prvInsertTimerInActiveList) refers to list.o(.text.vListInsert) for vListInsert
    timers.o(.text.prvInsertTimerInActiveList) refers to timers.o(.bss.pxOverflowTimerList) for [Anonymous Symbol]
    timers.o(.text.prvInsertTimerInActiveList) refers to timers.o(.bss.pxCurrentTimerList) for [Anonymous Symbol]
    timers.o(.ARM.exidx.text.prvInsertTimerInActiveList) refers to timers.o(.text.prvInsertTimerInActiveList) for [Anonymous Symbol]
    entry.o(.ARM.Collect$$$$00000000) refers (Special) to entry10a.o(.ARM.Collect$$$$0000000D) for __rt_final_cpp
    entry.o(.ARM.Collect$$$$00000000) refers (Special) to entry11a.o(.ARM.Collect$$$$0000000F) for __rt_final_exit
    entry.o(.ARM.Collect$$$$00000000) refers (Special) to entry7b.o(.ARM.Collect$$$$00000008) for _main_clock
    entry.o(.ARM.Collect$$$$00000000) refers (Special) to entry8b.o(.ARM.Collect$$$$0000000A) for _main_cpp_init
    entry.o(.ARM.Collect$$$$00000000) refers (Special) to entry9a.o(.ARM.Collect$$$$0000000B) for _main_init
    entry.o(.ARM.Collect$$$$00000000) refers (Special) to entry5.o(.ARM.Collect$$$$00000004) for _main_scatterload
    entry.o(.ARM.Collect$$$$00000000) refers (Special) to entry2.o(.ARM.Collect$$$$00000001) for _main_stk
    entry2.o(.ARM.Collect$$$$00000001) refers to entry2.o(.ARM.Collect$$$$00002712) for __lit__00000000
    entry2.o(.ARM.Collect$$$$00002712) refers to startup_mkl25z4.o(STACK) for __initial_sp
    entry2.o(__vectab_stack_and_reset_area) refers to startup_mkl25z4.o(STACK) for __initial_sp
    entry2.o(__vectab_stack_and_reset_area) refers to entry.o(.ARM.Collect$$$$00000000) for __main
    entry5.o(.ARM.Collect$$$$00000004) refers to init.o(.text) for __scatterload
    entry9a.o(.ARM.Collect$$$$0000000B) refers to server.o(.text.main) for main
    entry9b.o(.ARM.Collect$$$$0000000C) refers to server.o(.text.main) for main
    idiv_div0.o(.text) refers to uidiv_div0.o(.text) for __aeabi_uidivmod
    init.o(.text) refers to entry5.o(.ARM.Collect$$$$00000004) for __main_after_scatterload


==============================================================================

Removing Unused input sections from the image.

    Removing server.o(.text), (0 bytes).
    Removing server.o(.ARM.exidx.text.main), (8 bytes).
    Removing server.o(.ARM.exidx.text.InitAdc), (8 bytes).
    Removing server.o(.ARM.exidx.text.InitUart), (8 bytes).
    Removing server.o(.ARM.use_no_argv), (4 bytes).
    Removing startup_mkl25z4.o(HEAP), (0 bytes).
    Removing system_mkl25z4.o(.text), (0 bytes).
    Removing system_mkl25z4.o(.ARM.exidx.text.SystemInit), (8 bytes).
    Removing system_mkl25z4.o(.text.SystemCoreClockUpdate), (272 bytes).
    Removing system_mkl25z4.o(.ARM.exidx.text.SystemCoreClockUpdate), (8 bytes).
    Removing system_mkl25z4.o(.data.SystemCoreClock), (4 bytes).
    Removing freertos_evr.o(.text), (0 bytes).
    Removing croutine.o(.text), (0 bytes).
    Removing event_groups.o(.text), (0 bytes).
    Removing event_groups.o(.text.xEventGroupCreate), (28 bytes).
    Removing event_groups.o(.ARM.exidx.text.xEventGroupCreate), (8 bytes).
    Removing event_groups.o(.text.xEventGroupSync), (184 bytes).
    Removing event_groups.o(.ARM.exidx.text.xEventGroupSync), (8 bytes).
    Removing event_groups.o(.text.xEventGroupSetBits), (152 bytes).
    Removing event_groups.o(.ARM.exidx.text.xEventGroupSetBits), (8 bytes).
    Removing event_groups.o(.text.xEventGroupWaitBits), (220 bytes).
    Removing event_groups.o(.ARM.exidx.text.xEventGroupWaitBits), (8 bytes).
    Removing event_groups.o(.text.prvTestWaitCondition), (20 bytes).
    Removing event_groups.o(.ARM.exidx.text.prvTestWaitCondition), (8 bytes).
    Removing event_groups.o(.text.xEventGroupClearBits), (42 bytes).
    Removing event_groups.o(.ARM.exidx.text.xEventGroupClearBits), (8 bytes).
    Removing event_groups.o(.text.xEventGroupClearBitsFromISR), (20 bytes).
    Removing event_groups.o(.ARM.exidx.text.xEventGroupClearBitsFromISR), (8 bytes).
    Removing event_groups.o(.text.vEventGroupClearBitsCallback), (8 bytes).
    Removing event_groups.o(.ARM.exidx.text.vEventGroupClearBitsCallback), (8 bytes).
    Removing event_groups.o(.text.xEventGroupGetBitsFromISR), (18 bytes).
    Removing event_groups.o(.ARM.exidx.text.xEventGroupGetBitsFromISR), (8 bytes).
    Removing event_groups.o(.text.vEventGroupDelete), (62 bytes).
    Removing event_groups.o(.ARM.exidx.text.vEventGroupDelete), (8 bytes).
    Removing event_groups.o(.text.vEventGroupSetBitsCallback), (8 bytes).
    Removing event_groups.o(.ARM.exidx.text.vEventGroupSetBitsCallback), (8 bytes).
    Removing event_groups.o(.text.xEventGroupSetBitsFromISR), (20 bytes).
    Removing event_groups.o(.ARM.exidx.text.xEventGroupSetBitsFromISR), (8 bytes).
    Removing event_groups.o(.text.uxEventGroupGetNumber), (12 bytes).
    Removing event_groups.o(.ARM.exidx.text.uxEventGroupGetNumber), (8 bytes).
    Removing event_groups.o(.text.vEventGroupSetNumber), (4 bytes).
    Removing event_groups.o(.ARM.exidx.text.vEventGroupSetNumber), (8 bytes).
    Removing list.o(.text), (0 bytes).
    Removing list.o(.text.vListInitialise), (20 bytes).
    Removing list.o(.ARM.exidx.text.vListInitialise), (8 bytes).
    Removing list.o(.text.vListInitialiseItem), (6 bytes).
    Removing list.o(.ARM.exidx.text.vListInitialiseItem), (8 bytes).
    Removing list.o(.text.vListInsertEnd), (24 bytes).
    Removing list.o(.ARM.exidx.text.vListInsertEnd), (8 bytes).
    Removing list.o(.text.vListInsert), (46 bytes).
    Removing list.o(.ARM.exidx.text.vListInsert), (8 bytes).
    Removing list.o(.text.uxListRemove), (34 bytes).
    Removing list.o(.ARM.exidx.text.uxListRemove), (8 bytes).
    Removing port.o(.text), (0 bytes).
    Removing port.o(.text.pxPortInitialiseStack), (44 bytes).
    Removing port.o(.ARM.exidx.text.pxPortInitialiseStack), (8 bytes).
    Removing port.o(.text.prvTaskExitError), (32 bytes).
    Removing port.o(.ARM.exidx.text.prvTaskExitError), (8 bytes).
    Removing port.o(.ARM.exidx.text.SVC_Handler), (8 bytes).
    Removing port.o(.text.xPortStartScheduler), (56 bytes).
    Removing port.o(.ARM.exidx.text.xPortStartScheduler), (8 bytes).
    Removing port.o(.text.vPortSetupTimerInterrupt), (88 bytes).
    Removing port.o(.ARM.exidx.text.vPortSetupTimerInterrupt), (8 bytes).
    Removing port.o(.text.vPortStartFirstTask), (52 bytes).
    Removing port.o(.ARM.exidx.text.vPortStartFirstTask), (8 bytes).
    Removing port.o(.text.vPortEndScheduler), (24 bytes).
    Removing port.o(.ARM.exidx.text.vPortEndScheduler), (8 bytes).
    Removing port.o(.text.vPortYield), (24 bytes).
    Removing port.o(.ARM.exidx.text.vPortYield), (8 bytes).
    Removing port.o(.text.vPortEnterCritical), (24 bytes).
    Removing port.o(.ARM.exidx.text.vPortEnterCritical), (8 bytes).
    Removing port.o(.text.vPortExitCritical), (28 bytes).
    Removing port.o(.ARM.exidx.text.vPortExitCritical), (8 bytes).
    Removing port.o(.ARM.exidx.text.ulSetInterruptMaskFromISR), (8 bytes).
    Removing port.o(.ARM.exidx.text.vClearInterruptMaskFromISR), (8 bytes).
    Removing port.o(.ARM.exidx.text.PendSV_Handler), (8 bytes).
    Removing port.o(.ARM.exidx.text.SysTick_Handler), (8 bytes).
    Removing port.o(.text.vPortSuppressTicksAndSleep), (268 bytes).
    Removing port.o(.ARM.exidx.text.vPortSuppressTicksAndSleep), (8 bytes).
    Removing port.o(.data.uxCriticalNesting), (4 bytes).
    Removing port.o(.bss.ulTimerCountsForOneTick), (4 bytes).
    Removing port.o(.bss.xMaximumPossibleSuppressedTicks), (4 bytes).
    Removing port.o(.bss.ulStoppedTimerCompensation), (1 bytes).
    Removing heap_4.o(.text), (0 bytes).
    Removing heap_4.o(.text.pvPortMalloc), (252 bytes).
    Removing heap_4.o(.ARM.exidx.text.pvPortMalloc), (8 bytes).
    Removing heap_4.o(.text.prvHeapInit), (104 bytes).
    Removing heap_4.o(.ARM.exidx.text.prvHeapInit), (8 bytes).
    Removing heap_4.o(.text.prvInsertBlockIntoFreeList), (76 bytes).
    Removing heap_4.o(.ARM.exidx.text.prvInsertBlockIntoFreeList), (8 bytes).
    Removing heap_4.o(.text.vPortFree), (100 bytes).
    Removing heap_4.o(.ARM.exidx.text.vPortFree), (8 bytes).
    Removing heap_4.o(.text.xPortGetFreeHeapSize), (12 bytes).
    Removing heap_4.o(.ARM.exidx.text.xPortGetFreeHeapSize), (8 bytes).
    Removing heap_4.o(.text.xPortGetMinimumEverFreeHeapSize), (12 bytes).
    Removing heap_4.o(.ARM.exidx.text.xPortGetMinimumEverFreeHeapSize), (8 bytes).
    Removing heap_4.o(.text.vPortInitialiseBlocks), (2 bytes).
    Removing heap_4.o(.ARM.exidx.text.vPortInitialiseBlocks), (8 bytes).
    Removing heap_4.o(.text.vPortGetHeapStats), (136 bytes).
    Removing heap_4.o(.ARM.exidx.text.vPortGetHeapStats), (8 bytes).
    Removing heap_4.o(.bss.pxEnd), (4 bytes).
    Removing heap_4.o(.bss.xBlockAllocatedBit), (1 bytes).
    Removing heap_4.o(.bss.xFreeBytesRemaining), (4 bytes).
    Removing heap_4.o(.bss.xStart), (8 bytes).
    Removing heap_4.o(.bss.xMinimumEverFreeBytesRemaining), (4 bytes).
    Removing heap_4.o(.bss.xNumberOfSuccessfulAllocations), (4 bytes).
    Removing heap_4.o(.bss.xNumberOfSuccessfulFrees), (4 bytes).
    Removing heap_4.o(.bss.ucHeap), (4096 bytes).
    Removing queue.o(.text), (0 bytes).
    Removing queue.o(.text.xQueueGenericReset), (148 bytes).
    Removing queue.o(.ARM.exidx.text.xQueueGenericReset), (8 bytes).
    Removing queue.o(.text.xQueueGenericCreate), (86 bytes).
    Removing queue.o(.ARM.exidx.text.xQueueGenericCreate), (8 bytes).
    Removing queue.o(.text.prvInitialiseNewQueue), (38 bytes).
    Removing queue.o(.ARM.exidx.text.prvInitialiseNewQueue), (8 bytes).
    Removing queue.o(.text.xQueueCreateMutex), (22 bytes).
    Removing queue.o(.ARM.exidx.text.xQueueCreateMutex), (8 bytes).
    Removing queue.o(.text.prvInitialiseMutex), (24 bytes).
    Removing queue.o(.ARM.exidx.text.prvInitialiseMutex), (8 bytes).
    Removing queue.o(.text.xQueueGetMutexHolder), (36 bytes).
    Removing queue.o(.ARM.exidx.text.xQueueGetMutexHolder), (8 bytes).
    Removing queue.o(.text.xQueueGetMutexHolderFromISR), (22 bytes).
    Removing queue.o(.ARM.exidx.text.xQueueGetMutexHolderFromISR), (8 bytes).
    Removing queue.o(.text.xQueueGiveMutexRecursive), (60 bytes).
    Removing queue.o(.ARM.exidx.text.xQueueGiveMutexRecursive), (8 bytes).
    Removing queue.o(.text.xQueueGenericSend), (312 bytes).
    Removing queue.o(.ARM.exidx.text.xQueueGenericSend), (8 bytes).
    Removing queue.o(.text.xQueueTakeMutexRecursive), (50 bytes).
    Removing queue.o(.ARM.exidx.text.xQueueTakeMutexRecursive), (8 bytes).
    Removing queue.o(.text.xQueueSemaphoreTake), (370 bytes).
    Removing queue.o(.ARM.exidx.text.xQueueSemaphoreTake), (8 bytes).
    Removing queue.o(.text.xQueueCreateCountingSemaphore), (38 bytes).
    Removing queue.o(.ARM.exidx.text.xQueueCreateCountingSemaphore), (8 bytes).
    Removing queue.o(.text.prvCopyDataToQueue), (120 bytes).
    Removing queue.o(.ARM.exidx.text.prvCopyDataToQueue), (8 bytes).
    Removing queue.o(.text.prvNotifyQueueSetContainer), (100 bytes).
    Removing queue.o(.ARM.exidx.text.prvNotifyQueueSetContainer), (8 bytes).
    Removing queue.o(.text.prvIsQueueFull), (26 bytes).
    Removing queue.o(.ARM.exidx.text.prvIsQueueFull), (8 bytes).
    Removing queue.o(.text.prvUnlockQueue), (144 bytes).
    Removing queue.o(.ARM.exidx.text.prvUnlockQueue), (8 bytes).
    Removing queue.o(.text.xQueueGenericSendFromISR), (214 bytes).
    Removing queue.o(.ARM.exidx.text.xQueueGenericSendFromISR), (8 bytes).
    Removing queue.o(.text.xQueueGiveFromISR), (158 bytes).
    Removing queue.o(.ARM.exidx.text.xQueueGiveFromISR), (8 bytes).
    Removing queue.o(.text.xQueueReceive), (306 bytes).
    Removing queue.o(.ARM.exidx.text.xQueueReceive), (8 bytes).
    Removing queue.o(.text.prvCopyDataFromQueue), (36 bytes).
    Removing queue.o(.ARM.exidx.text.prvCopyDataFromQueue), (8 bytes).
    Removing queue.o(.text.prvIsQueueEmpty), (22 bytes).
    Removing queue.o(.ARM.exidx.text.prvIsQueueEmpty), (8 bytes).
    Removing queue.o(.text.prvGetDisinheritPriorityAfterTimeout), (20 bytes).
    Removing queue.o(.ARM.exidx.text.prvGetDisinheritPriorityAfterTimeout), (8 bytes).
    Removing queue.o(.text.xQueuePeek), (300 bytes).
    Removing queue.o(.ARM.exidx.text.xQueuePeek), (8 bytes).
    Removing queue.o(.text.xQueueReceiveFromISR), (140 bytes).
    Removing queue.o(.ARM.exidx.text.xQueueReceiveFromISR), (8 bytes).
    Removing queue.o(.text.xQueuePeekFromISR), (82 bytes).
    Removing queue.o(.ARM.exidx.text.xQueuePeekFromISR), (8 bytes).
    Removing queue.o(.text.uxQueueMessagesWaiting), (26 bytes).
    Removing queue.o(.ARM.exidx.text.uxQueueMessagesWaiting), (8 bytes).
    Removing queue.o(.text.uxQueueSpacesAvailable), (30 bytes).
    Removing queue.o(.ARM.exidx.text.uxQueueSpacesAvailable), (8 bytes).
    Removing queue.o(.text.uxQueueMessagesWaitingFromISR), (12 bytes).
    Removing queue.o(.ARM.exidx.text.uxQueueMessagesWaitingFromISR), (8 bytes).
    Removing queue.o(.text.vQueueDelete), (16 bytes).
    Removing queue.o(.ARM.exidx.text.vQueueDelete), (8 bytes).
    Removing queue.o(.text.uxQueueGetQueueNumber), (4 bytes).
    Removing queue.o(.ARM.exidx.text.uxQueueGetQueueNumber), (8 bytes).
    Removing queue.o(.text.vQueueSetQueueNumber), (4 bytes).
    Removing queue.o(.ARM.exidx.text.vQueueSetQueueNumber), (8 bytes).
    Removing queue.o(.text.ucQueueGetQueueType), (6 bytes).
    Removing queue.o(.ARM.exidx.text.ucQueueGetQueueType), (8 bytes).
    Removing queue.o(.text.xQueueIsQueueEmptyFromISR), (16 bytes).
    Removing queue.o(.ARM.exidx.text.xQueueIsQueueEmptyFromISR), (8 bytes).
    Removing queue.o(.text.xQueueIsQueueFullFromISR), (20 bytes).
    Removing queue.o(.ARM.exidx.text.xQueueIsQueueFullFromISR), (8 bytes).
    Removing queue.o(.text.vQueueWaitForMessageRestricted), (68 bytes).
    Removing queue.o(.ARM.exidx.text.vQueueWaitForMessageRestricted), (8 bytes).
    Removing queue.o(.text.xQueueCreateSet), (12 bytes).
    Removing queue.o(.ARM.exidx.text.xQueueCreateSet), (8 bytes).
    Removing queue.o(.text.xQueueAddToSet), (36 bytes).
    Removing queue.o(.ARM.exidx.text.xQueueAddToSet), (8 bytes).
    Removing queue.o(.text.xQueueRemoveFromSet), (36 bytes).
    Removing queue.o(.ARM.exidx.text.xQueueRemoveFromSet), (8 bytes).
    Removing queue.o(.text.xQueueSelectFromSet), (22 bytes).
    Removing queue.o(.ARM.exidx.text.xQueueSelectFromSet), (8 bytes).
    Removing queue.o(.text.xQueueSelectFromSetFromISR), (20 bytes).
    Removing queue.o(.ARM.exidx.text.xQueueSelectFromSetFromISR), (8 bytes).
    Removing stream_buffer.o(.text), (0 bytes).
    Removing stream_buffer.o(.text.xStreamBufferGenericCreate), (106 bytes).
    Removing stream_buffer.o(.ARM.exidx.text.xStreamBufferGenericCreate), (8 bytes).
    Removing stream_buffer.o(.text.prvInitialiseNewStreamBuffer), (44 bytes).
    Removing stream_buffer.o(.ARM.exidx.text.prvInitialiseNewStreamBuffer), (8 bytes).
    Removing stream_buffer.o(.text.vStreamBufferDelete), (30 bytes).
    Removing stream_buffer.o(.ARM.exidx.text.vStreamBufferDelete), (8 bytes).
    Removing stream_buffer.o(.text.xStreamBufferReset), (64 bytes).
    Removing stream_buffer.o(.ARM.exidx.text.xStreamBufferReset), (8 bytes).
    Removing stream_buffer.o(.text.xStreamBufferSetTriggerLevel), (30 bytes).
    Removing stream_buffer.o(.ARM.exidx.text.xStreamBufferSetTriggerLevel), (8 bytes).
    Removing stream_buffer.o(.text.xStreamBufferSpacesAvailable), (38 bytes).
    Removing stream_buffer.o(.ARM.exidx.text.xStreamBufferSpacesAvailable), (8 bytes).
    Removing stream_buffer.o(.text.xStreamBufferBytesAvailable), (16 bytes).
    Removing stream_buffer.o(.ARM.exidx.text.xStreamBufferBytesAvailable), (8 bytes).
    Removing stream_buffer.o(.text.prvBytesInBuffer), (18 bytes).
    Removing stream_buffer.o(.ARM.exidx.text.prvBytesInBuffer), (8 bytes).
    Removing stream_buffer.o(.text.xStreamBufferSend), (254 bytes).
    Removing stream_buffer.o(.ARM.exidx.text.xStreamBufferSend), (8 bytes).
    Removing stream_buffer.o(.text.prvWriteMessageToBuffer), (78 bytes).
    Removing stream_buffer.o(.ARM.exidx.text.prvWriteMessageToBuffer), (8 bytes).
    Removing stream_buffer.o(.text.xStreamBufferSendFromISR), (122 bytes).
    Removing stream_buffer.o(.ARM.exidx.text.xStreamBufferSendFromISR), (8 bytes).
    Removing stream_buffer.o(.text.xStreamBufferReceive), (184 bytes).
    Removing stream_buffer.o(.ARM.exidx.text.xStreamBufferReceive), (8 bytes).
    Removing stream_buffer.o(.text.prvReadMessageFromBuffer), (78 bytes).
    Removing stream_buffer.o(.ARM.exidx.text.prvReadMessageFromBuffer), (8 bytes).
    Removing stream_buffer.o(.text.xStreamBufferNextMessageLengthBytes), (62 bytes).
    Removing stream_buffer.o(.ARM.exidx.text.xStreamBufferNextMessageLengthBytes), (8 bytes).
    Removing stream_buffer.o(.text.prvReadBytesFromBuffer), (82 bytes).
    Removing stream_buffer.o(.ARM.exidx.text.prvReadBytesFromBuffer), (8 bytes).
    Removing stream_buffer.o(.text.xStreamBufferReceiveFromISR), (114 bytes).
    Removing stream_buffer.o(.ARM.exidx.text.xStreamBufferReceiveFromISR), (8 bytes).
    Removing stream_buffer.o(.text.xStreamBufferIsEmpty), (20 bytes).
    Removing stream_buffer.o(.ARM.exidx.text.xStreamBufferIsEmpty), (8 bytes).
    Removing stream_buffer.o(.text.xStreamBufferIsFull), (32 bytes).
    Removing stream_buffer.o(.ARM.exidx.text.xStreamBufferIsFull), (8 bytes).
    Removing stream_buffer.o(.text.xStreamBufferSendCompletedFromISR), (66 bytes).
    Removing stream_buffer.o(.ARM.exidx.text.xStreamBufferSendCompletedFromISR), (8 bytes).
    Removing stream_buffer.o(.text.xStreamBufferReceiveCompletedFromISR), (66 bytes).
    Removing stream_buffer.o(.ARM.exidx.text.xStreamBufferReceiveCompletedFromISR), (8 bytes).
    Removing stream_buffer.o(.text.uxStreamBufferGetStreamBufferNumber), (4 bytes).
    Removing stream_buffer.o(.ARM.exidx.text.uxStreamBufferGetStreamBufferNumber), (8 bytes).
    Removing stream_buffer.o(.text.vStreamBufferSetStreamBufferNumber), (4 bytes).
    Removing stream_buffer.o(.ARM.exidx.text.vStreamBufferSetStreamBufferNumber), (8 bytes).
    Removing stream_buffer.o(.text.ucStreamBufferGetStreamBufferType), (8 bytes).
    Removing stream_buffer.o(.ARM.exidx.text.ucStreamBufferGetStreamBufferType), (8 bytes).
    Removing stream_buffer.o(.text.prvWriteBytesToBuffer), (88 bytes).
    Removing stream_buffer.o(.ARM.exidx.text.prvWriteBytesToBuffer), (8 bytes).
    Removing tasks.o(.text), (0 bytes).
    Removing tasks.o(.text.xTaskCreate), (98 bytes).
    Removing tasks.o(.ARM.exidx.text.xTaskCreate), (8 bytes).
    Removing tasks.o(.text.prvInitialiseNewTask), (152 bytes).
    Removing tasks.o(.ARM.exidx.text.prvInitialiseNewTask), (8 bytes).
    Removing tasks.o(.text.prvAddNewTaskToReadyList), (164 bytes).
    Removing tasks.o(.ARM.exidx.text.prvAddNewTaskToReadyList), (8 bytes).
    Removing tasks.o(.text.vTaskDelete), (164 bytes).
    Removing tasks.o(.ARM.exidx.text.vTaskDelete), (8 bytes).
    Removing tasks.o(.ARM.exidx.text.prvResetNextTaskUnblockTime), (8 bytes).
    Removing tasks.o(.text.prvDeleteTCB), (18 bytes).
    Removing tasks.o(.ARM.exidx.text.prvDeleteTCB), (8 bytes).
    Removing tasks.o(.text.xTaskDelayUntil), (132 bytes).
    Removing tasks.o(.ARM.exidx.text.xTaskDelayUntil), (8 bytes).
    Removing tasks.o(.text.vTaskSuspendAll), (16 bytes).
    Removing tasks.o(.ARM.exidx.text.vTaskSuspendAll), (8 bytes).
    Removing tasks.o(.text.prvAddCurrentTaskToDelayedList), (156 bytes).
    Removing tasks.o(.ARM.exidx.text.prvAddCurrentTaskToDelayedList), (8 bytes).
    Removing tasks.o(.text.xTaskResumeAll), (292 bytes).
    Removing tasks.o(.ARM.exidx.text.xTaskResumeAll), (8 bytes).
    Removing tasks.o(.text.vTaskDelay), (52 bytes).
    Removing tasks.o(.ARM.exidx.text.vTaskDelay), (8 bytes).
    Removing tasks.o(.text.eTaskGetState), (132 bytes).
    Removing tasks.o(.ARM.exidx.text.eTaskGetState), (8 bytes).
    Removing tasks.o(.text.uxTaskPriorityGet), (32 bytes).
    Removing tasks.o(.ARM.exidx.text.uxTaskPriorityGet), (8 bytes).
    Removing tasks.o(.text.uxTaskPriorityGetFromISR), (32 bytes).
    Removing tasks.o(.ARM.exidx.text.uxTaskPriorityGetFromISR), (8 bytes).
    Removing tasks.o(.text.vTaskPrioritySet), (180 bytes).
    Removing tasks.o(.ARM.exidx.text.vTaskPrioritySet), (8 bytes).
    Removing tasks.o(.text.vTaskSuspend), (164 bytes).
    Removing tasks.o(.ARM.exidx.text.vTaskSuspend), (8 bytes).
    Removing tasks.o(.ARM.exidx.text.vTaskSwitchContext), (8 bytes).
    Removing tasks.o(.text.vTaskResume), (116 bytes).
    Removing tasks.o(.ARM.exidx.text.vTaskResume), (8 bytes).
    Removing tasks.o(.text.prvTaskIsTaskSuspended), (32 bytes).
    Removing tasks.o(.ARM.exidx.text.prvTaskIsTaskSuspended), (8 bytes).
    Removing tasks.o(.text.xTaskResumeFromISR), (160 bytes).
    Removing tasks.o(.ARM.exidx.text.xTaskResumeFromISR), (8 bytes).
    Removing tasks.o(.text.vTaskStartScheduler), (108 bytes).
    Removing tasks.o(.ARM.exidx.text.vTaskStartScheduler), (8 bytes).
    Removing tasks.o(.text.prvIdleTask), (76 bytes).
    Removing tasks.o(.ARM.exidx.text.prvIdleTask), (8 bytes).
    Removing tasks.o(.text.vTaskEndScheduler), (20 bytes).
    Removing tasks.o(.ARM.exidx.text.vTaskEndScheduler), (8 bytes).
    Removing tasks.o(.ARM.exidx.text.xTaskIncrementTick), (8 bytes).
    Removing tasks.o(.text.xTaskGetTickCount), (12 bytes).
    Removing tasks.o(.ARM.exidx.text.xTaskGetTickCount), (8 bytes).
    Removing tasks.o(.text.xTaskGetTickCountFromISR), (12 bytes).
    Removing tasks.o(.ARM.exidx.text.xTaskGetTickCountFromISR), (8 bytes).
    Removing tasks.o(.text.uxTaskGetNumberOfTasks), (12 bytes).
    Removing tasks.o(.ARM.exidx.text.uxTaskGetNumberOfTasks), (8 bytes).
    Removing tasks.o(.text.pcTaskGetName), (28 bytes).
    Removing tasks.o(.ARM.exidx.text.pcTaskGetName), (8 bytes).
    Removing tasks.o(.text.xTaskGetHandle), (156 bytes).
    Removing tasks.o(.ARM.exidx.text.xTaskGetHandle), (8 bytes).
    Removing tasks.o(.text.prvSearchForNameWithinSingleList), (120 bytes).
    Removing tasks.o(.ARM.exidx.text.prvSearchForNameWithinSingleList), (8 bytes).
    Removing tasks.o(.text.uxTaskGetSystemState), (180 bytes).
    Removing tasks.o(.ARM.exidx.text.uxTaskGetSystemState), (8 bytes).
    Removing tasks.o(.text.prvListTasksWithinSingleList), (96 bytes).
    Removing tasks.o(.ARM.exidx.text.prvListTasksWithinSingleList), (8 bytes).
    Removing tasks.o(.text.xTaskGetIdleTaskHandle), (20 bytes).
    Removing tasks.o(.ARM.exidx.text.xTaskGetIdleTaskHandle), (8 bytes).
    Removing tasks.o(.text.vTaskStepTick), (36 bytes).
    Removing tasks.o(.ARM.exidx.text.vTaskStepTick), (8 bytes).
    Removing tasks.o(.text.xTaskCatchUpTicks), (44 bytes).
    Removing tasks.o(.ARM.exidx.text.xTaskCatchUpTicks), (8 bytes).
    Removing tasks.o(.text.xTaskAbortDelay), (152 bytes).
    Removing tasks.o(.ARM.exidx.text.xTaskAbortDelay), (8 bytes).
    Removing tasks.o(.text.vTaskPlaceOnEventList), (36 bytes).
    Removing tasks.o(.ARM.exidx.text.vTaskPlaceOnEventList), (8 bytes).
    Removing tasks.o(.text.vTaskPlaceOnUnorderedEventList), (96 bytes).
    Removing tasks.o(.ARM.exidx.text.vTaskPlaceOnUnorderedEventList), (8 bytes).
    Removing tasks.o(.text.vTaskPlaceOnEventListRestricted), (76 bytes).
    Removing tasks.o(.ARM.exidx.text.vTaskPlaceOnEventListRestricted), (8 bytes).
    Removing tasks.o(.text.xTaskRemoveFromEventList), (208 bytes).
    Removing tasks.o(.ARM.exidx.text.xTaskRemoveFromEventList), (8 bytes).
    Removing tasks.o(.text.vTaskRemoveFromUnorderedEventList), (176 bytes).
    Removing tasks.o(.ARM.exidx.text.vTaskRemoveFromUnorderedEventList), (8 bytes).
    Removing tasks.o(.text.vTaskSetTimeOutState), (44 bytes).
    Removing tasks.o(.ARM.exidx.text.vTaskSetTimeOutState), (8 bytes).
    Removing tasks.o(.text.vTaskInternalSetTimeOutState), (24 bytes).
    Removing tasks.o(.ARM.exidx.text.vTaskInternalSetTimeOutState), (8 bytes).
    Removing tasks.o(.text.xTaskCheckForTimeOut), (132 bytes).
    Removing tasks.o(.ARM.exidx.text.xTaskCheckForTimeOut), (8 bytes).
    Removing tasks.o(.text.vTaskMissedYield), (12 bytes).
    Removing tasks.o(.ARM.exidx.text.vTaskMissedYield), (8 bytes).
    Removing tasks.o(.text.uxTaskGetTaskNumber), (12 bytes).
    Removing tasks.o(.ARM.exidx.text.uxTaskGetTaskNumber), (8 bytes).
    Removing tasks.o(.text.vTaskSetTaskNumber), (8 bytes).
    Removing tasks.o(.ARM.exidx.text.vTaskSetTaskNumber), (8 bytes).
    Removing tasks.o(.text.eTaskConfirmSleepModeStatus), (72 bytes).
    Removing tasks.o(.ARM.exidx.text.eTaskConfirmSleepModeStatus), (8 bytes).
    Removing tasks.o(.text.vTaskGetInfo), (128 bytes).
    Removing tasks.o(.ARM.exidx.text.vTaskGetInfo), (8 bytes).
    Removing tasks.o(.text.prvTaskCheckFreeStackSpace), (30 bytes).
    Removing tasks.o(.ARM.exidx.text.prvTaskCheckFreeStackSpace), (8 bytes).
    Removing tasks.o(.text.uxTaskGetStackHighWaterMark2), (24 bytes).
    Removing tasks.o(.ARM.exidx.text.uxTaskGetStackHighWaterMark2), (8 bytes).
    Removing tasks.o(.text.uxTaskGetStackHighWaterMark), (24 bytes).
    Removing tasks.o(.ARM.exidx.text.uxTaskGetStackHighWaterMark), (8 bytes).
    Removing tasks.o(.text.xTaskGetCurrentTaskHandle), (12 bytes).
    Removing tasks.o(.ARM.exidx.text.xTaskGetCurrentTaskHandle), (8 bytes).
    Removing tasks.o(.text.xTaskGetSchedulerState), (32 bytes).
    Removing tasks.o(.ARM.exidx.text.xTaskGetSchedulerState), (8 bytes).
    Removing tasks.o(.text.xTaskPriorityInherit), (148 bytes).
    Removing tasks.o(.ARM.exidx.text.xTaskPriorityInherit), (8 bytes).
    Removing tasks.o(.text.xTaskPriorityDisinherit), (120 bytes).
    Removing tasks.o(.ARM.exidx.text.xTaskPriorityDisinherit), (8 bytes).
    Removing tasks.o(.text.vTaskPriorityDisinheritAfterTimeout), (144 bytes).
    Removing tasks.o(.ARM.exidx.text.vTaskPriorityDisinheritAfterTimeout), (8 bytes).
    Removing tasks.o(.text.uxTaskResetEventItemValue), (24 bytes).
    Removing tasks.o(.ARM.exidx.text.uxTaskResetEventItemValue), (8 bytes).
    Removing tasks.o(.text.pvTaskIncrementMutexHeldCount), (24 bytes).
    Removing tasks.o(.ARM.exidx.text.pvTaskIncrementMutexHeldCount), (8 bytes).
    Removing tasks.o(.text.ulTaskGenericNotifyTake), (128 bytes).
    Removing tasks.o(.ARM.exidx.text.ulTaskGenericNotifyTake), (8 bytes).
    Removing tasks.o(.text.xTaskGenericNotifyWait), (152 bytes).
    Removing tasks.o(.ARM.exidx.text.xTaskGenericNotifyWait), (8 bytes).
    Removing tasks.o(.text.xTaskGenericNotify), (264 bytes).
    Removing tasks.o(.ARM.exidx.text.xTaskGenericNotify), (8 bytes).
    Removing tasks.o(.text.xTaskGenericNotifyFromISR), (308 bytes).
    Removing tasks.o(.ARM.exidx.text.xTaskGenericNotifyFromISR), (8 bytes).
    Removing tasks.o(.text.vTaskGenericNotifyGiveFromISR), (224 bytes).
    Removing tasks.o(.ARM.exidx.text.vTaskGenericNotifyGiveFromISR), (8 bytes).
    Removing tasks.o(.text.xTaskGenericNotifyStateClear), (56 bytes).
    Removing tasks.o(.ARM.exidx.text.xTaskGenericNotifyStateClear), (8 bytes).
    Removing tasks.o(.text.ulTaskGenericNotifyValueClear), (40 bytes).
    Removing tasks.o(.ARM.exidx.text.ulTaskGenericNotifyValueClear), (8 bytes).
    Removing tasks.o(.text.prvInitialiseTaskLists), (96 bytes).
    Removing tasks.o(.ARM.exidx.text.prvInitialiseTaskLists), (8 bytes).
    Removing tasks.o(.text.prvCheckTasksWaitingTermination), (76 bytes).
    Removing tasks.o(.ARM.exidx.text.prvCheckTasksWaitingTermination), (8 bytes).
    Removing tasks.o(.text.prvGetExpectedIdleTime), (64 bytes).
    Removing tasks.o(.ARM.exidx.text.prvGetExpectedIdleTime), (8 bytes).
    Removing tasks.o(.rodata.uxTopUsedPriority), (4 bytes).
    Removing tasks.o(.bss.uxTaskNumber), (4 bytes).
    Removing tasks.o(.bss.xTasksWaitingTermination), (20 bytes).
    Removing tasks.o(.bss.uxDeletedTasksWaitingCleanUp), (4 bytes).
    Removing tasks.o(.bss.uxCurrentNumberOfTasks), (4 bytes).
    Removing tasks.o(.bss.xSchedulerRunning), (4 bytes).
    Removing tasks.o(.bss.xSuspendedTaskList), (20 bytes).
    Removing tasks.o(.bss.xPendingReadyList), (20 bytes).
    Removing tasks.o(.bss.xIdleTaskHandle), (4 bytes).
    Removing tasks.o(.bss.xDelayedTaskList1), (20 bytes).
    Removing tasks.o(.bss.xDelayedTaskList2), (20 bytes).
    Removing timers.o(.text), (0 bytes).
    Removing timers.o(.text.xTimerCreateTimerTask), (76 bytes).
    Removing timers.o(.ARM.exidx.text.xTimerCreateTimerTask), (8 bytes).
    Removing timers.o(.text.prvCheckForValidListAndQueue), (84 bytes).
    Removing timers.o(.ARM.exidx.text.prvCheckForValidListAndQueue), (8 bytes).
    Removing timers.o(.text.prvTimerTask), (20 bytes).
    Removing timers.o(.ARM.exidx.text.prvTimerTask), (8 bytes).
    Removing timers.o(.text.xTimerCreate), (54 bytes).
    Removing timers.o(.ARM.exidx.text.xTimerCreate), (8 bytes).
    Removing timers.o(.text.prvInitialiseNewTimer), (66 bytes).
    Removing timers.o(.ARM.exidx.text.prvInitialiseNewTimer), (8 bytes).
    Removing timers.o(.text.xTimerGenericCommand), (92 bytes).
    Removing timers.o(.ARM.exidx.text.xTimerGenericCommand), (8 bytes).
    Removing timers.o(.text.xTimerGetTimerDaemonTaskHandle), (20 bytes).
    Removing timers.o(.ARM.exidx.text.xTimerGetTimerDaemonTaskHandle), (8 bytes).
    Removing timers.o(.text.xTimerGetPeriod), (12 bytes).
    Removing timers.o(.ARM.exidx.text.xTimerGetPeriod), (8 bytes).
    Removing timers.o(.text.vTimerSetReloadMode), (40 bytes).
    Removing timers.o(.ARM.exidx.text.vTimerSetReloadMode), (8 bytes).
    Removing timers.o(.text.uxTimerGetReloadMode), (32 bytes).
    Removing timers.o(.ARM.exidx.text.uxTimerGetReloadMode), (8 bytes).
    Removing timers.o(.text.xTimerGetExpiryTime), (12 bytes).
    Removing timers.o(.ARM.exidx.text.xTimerGetExpiryTime), (8 bytes).
    Removing timers.o(.text.pcTimerGetName), (12 bytes).
    Removing timers.o(.ARM.exidx.text.pcTimerGetName), (8 bytes).
    Removing timers.o(.text.xTimerIsTimerActive), (32 bytes).
    Removing timers.o(.ARM.exidx.text.xTimerIsTimerActive), (8 bytes).
    Removing timers.o(.text.pvTimerGetTimerID), (26 bytes).
    Removing timers.o(.ARM.exidx.text.pvTimerGetTimerID), (8 bytes).
    Removing timers.o(.text.vTimerSetTimerID), (26 bytes).
    Removing timers.o(.ARM.exidx.text.vTimerSetTimerID), (8 bytes).
    Removing timers.o(.text.xTimerPendFunctionCallFromISR), (40 bytes).
    Removing timers.o(.ARM.exidx.text.xTimerPendFunctionCallFromISR), (8 bytes).
    Removing timers.o(.text.xTimerPendFunctionCall), (48 bytes).
    Removing timers.o(.ARM.exidx.text.xTimerPendFunctionCall), (8 bytes).
    Removing timers.o(.text.uxTimerGetTimerNumber), (4 bytes).
    Removing timers.o(.ARM.exidx.text.uxTimerGetTimerNumber), (8 bytes).
    Removing timers.o(.text.vTimerSetTimerNumber), (4 bytes).
    Removing timers.o(.ARM.exidx.text.vTimerSetTimerNumber), (8 bytes).
    Removing timers.o(.text.prvGetNextExpireTime), (32 bytes).
    Removing timers.o(.ARM.exidx.text.prvGetNextExpireTime), (8 bytes).
    Removing timers.o(.text.prvProcessTimerOrBlockTask), (112 bytes).
    Removing timers.o(.ARM.exidx.text.prvProcessTimerOrBlockTask), (8 bytes).
    Removing timers.o(.text.prvProcessReceivedCommands), (240 bytes).
    Removing timers.o(.ARM.exidx.text.prvProcessReceivedCommands), (8 bytes).
    Removing timers.o(.text.prvSampleTimeNow), (40 bytes).
    Removing timers.o(.ARM.exidx.text.prvSampleTimeNow), (8 bytes).
    Removing timers.o(.text.prvProcessExpiredTimer), (64 bytes).
    Removing timers.o(.ARM.exidx.text.prvProcessExpiredTimer), (8 bytes).
    Removing timers.o(.text.prvSwitchTimerLists), (52 bytes).
    Removing timers.o(.ARM.exidx.text.prvSwitchTimerLists), (8 bytes).
    Removing timers.o(.text.prvReloadTimer), (58 bytes).
    Removing timers.o(.ARM.exidx.text.prvReloadTimer), (8 bytes).
    Removing timers.o(.text.prvInsertTimerInActiveList), (60 bytes).
    Removing timers.o(.ARM.exidx.text.prvInsertTimerInActiveList), (8 bytes).
    Removing timers.o(.bss.xTimerQueue), (4 bytes).
    Removing timers.o(.bss.xTimerTaskHandle), (4 bytes).
    Removing timers.o(.bss.pxCurrentTimerList), (4 bytes).
    Removing timers.o(.bss.pxOverflowTimerList), (4 bytes).
    Removing timers.o(.bss.prvSampleTimeNow.xLastTime), (4 bytes).
    Removing timers.o(.bss.xActiveTimerList1), (20 bytes).
    Removing timers.o(.bss.xActiveTimerList2), (20 bytes).

447 unused section(s) (total 20866 bytes) removed from the image.

==============================================================================

Image Symbol Table

    Local Symbols

    Symbol Name                              Value     Ov Type        Size  Object(Section)

    ../clib/division.s                       0x00000000   Number         0  aeabi_sdivfast.o ABSOLUTE
    ../clib/division.s                       0x00000000   Number         0  aeabi_sdivfast_div0.o ABSOLUTE
    ../clib/longlong.c                       0x00000000   Number         0  llmul.o ABSOLUTE
    ../clib/microlib/division.c              0x00000000   Number         0  uidiv.o ABSOLUTE
    ../clib/microlib/division.c              0x00000000   Number         0  uidiv_div0.o ABSOLUTE
    ../clib/microlib/division.c              0x00000000   Number         0  idiv_div0.o ABSOLUTE
    ../clib/microlib/division.c              0x00000000   Number         0  idiv0.o ABSOLUTE
    ../clib/microlib/init/entry.s            0x00000000   Number         0  entry.o ABSOLUTE
    ../clib/microlib/init/entry.s            0x00000000   Number         0  entry2.o ABSOLUTE
    ../clib/microlib/init/entry.s            0x00000000   Number         0  entry5.o ABSOLUTE
    ../clib/microlib/init/entry.s            0x00000000   Number         0  entry7a.o ABSOLUTE
    ../clib/microlib/init/entry.s            0x00000000   Number         0  entry7b.o ABSOLUTE
    ../clib/microlib/init/entry.s            0x00000000   Number         0  entry8a.o ABSOLUTE
    ../clib/microlib/init/entry.s            0x00000000   Number         0  entry8b.o ABSOLUTE
    ../clib/microlib/init/entry.s            0x00000000   Number         0  entry9a.o ABSOLUTE
    ../clib/microlib/init/entry.s            0x00000000   Number         0  entry9b.o ABSOLUTE
    ../clib/microlib/init/entry.s            0x00000000   Number         0  entry10a.o ABSOLUTE
    ../clib/microlib/init/entry.s            0x00000000   Number         0  entry10b.o ABSOLUTE
    ../clib/microlib/init/entry.s            0x00000000   Number         0  entry11a.o ABSOLUTE
    ../clib/microlib/init/entry.s            0x00000000   Number         0  entry11b.o ABSOLUTE
    ../clib/microlib/string/memcpy.c         0x00000000   Number         0  memcpya.o ABSOLUTE
    ../clib/microlib/string/memcpy.c         0x00000000   Number         0  memcpyb.o ABSOLUTE
    ../clib/microlib/string/memset.c         0x00000000   Number         0  memseta.o ABSOLUTE
    ../clib/microlib/string/strlen.c         0x00000000   Number         0  strlen.o ABSOLUTE
    RTE/Device/MKL25Z128xxx4/startup_MKL25Z4.s 0x00000000   Number         0  startup_mkl25z4.o ABSOLUTE
    croutine.c                               0x00000000   Number         0  croutine.o ABSOLUTE
    dc.s                                     0x00000000   Number         0  dc.o ABSOLUTE
    event_groups.c                           0x00000000   Number         0  event_groups.o ABSOLUTE
    freertos_evr.c                           0x00000000   Number         0  freertos_evr.o ABSOLUTE
    handlers.s                               0x00000000   Number         0  handlers.o ABSOLUTE
    heap_4.c                                 0x00000000   Number         0  heap_4.o ABSOLUTE
    init.s                                   0x00000000   Number         0  init.o ABSOLUTE
    list.c                                   0x00000000   Number         0  list.o ABSOLUTE
    port.c                                   0x00000000   Number         0  port.o ABSOLUTE
    queue.c                                  0x00000000   Number         0  queue.o ABSOLUTE
    server.c                                 0x00000000   Number         0  server.o ABSOLUTE
    stream_buffer.c                          0x00000000   Number         0  stream_buffer.o ABSOLUTE
    system_MKL25Z4.c                         0x00000000   Number         0  system_mkl25z4.o ABSOLUTE
    tasks.c                                  0x00000000   Number         0  tasks.o ABSOLUTE
    timers.c                                 0x00000000   Number         0  timers.o ABSOLUTE
    RESET                                    0x00000000   Section      192  startup_mkl25z4.o(RESET)
    .ARM.Collect$$$$00000000                 0x000000c0   Section        0  entry.o(.ARM.Collect$$$$00000000)
    .ARM.Collect$$$$00000001                 0x000000c0   Section        4  entry2.o(.ARM.Collect$$$$00000001)
    .ARM.Collect$$$$00000004                 0x000000c4   Section        4  entry5.o(.ARM.Collect$$$$00000004)
    .ARM.Collect$$$$00000008                 0x000000c8   Section        0  entry7b.o(.ARM.Collect$$$$00000008)
    .ARM.Collect$$$$0000000A                 0x000000c8   Section        0  entry8b.o(.ARM.Collect$$$$0000000A)
    .ARM.Collect$$$$0000000B                 0x000000c8   Section        8  entry9a.o(.ARM.Collect$$$$0000000B)
    __lit__00000000                          0x000000d0   Data           4  entry2.o(.ARM.Collect$$$$00002712)
    .ARM.Collect$$$$0000000D                 0x000000d0   Section        0  entry10a.o(.ARM.Collect$$$$0000000D)
    .ARM.Collect$$$$0000000F                 0x000000d0   Section        0  entry11a.o(.ARM.Collect$$$$0000000F)
    .ARM.Collect$$$$00002712                 0x000000d0   Section        4  entry2.o(.ARM.Collect$$$$00002712)
    .text                                    0x000000d4   Section       40  startup_mkl25z4.o(.text)
    .text                                    0x000000fc   Section       36  init.o(.text)
    [Anonymous Symbol]                       0x00000120   Section        0  server.o(.text.InitAdc)
    __arm_cp.1_0                             0x00000174   Number         4  server.o(.text.InitAdc)
    __arm_cp.1_1                             0x00000178   Number         4  server.o(.text.InitAdc)
    __arm_cp.1_2                             0x0000017c   Number         4  server.o(.text.InitAdc)
    __arm_cp.1_3                             0x00000180   Number         4  server.o(.text.InitAdc)
    __arm_cp.1_4                             0x00000184   Number         4  server.o(.text.InitAdc)
    [Anonymous Symbol]                       0x00000188   Section        0  server.o(.text.InitUart)
    __arm_cp.2_0                             0x000001cc   Number         4  server.o(.text.InitUart)
    __arm_cp.2_1                             0x000001d0   Number         4  server.o(.text.InitUart)
    __arm_cp.2_2                             0x000001d4   Number         4  server.o(.text.InitUart)
    [Anonymous Symbol]                       0x000001e0   Section        0  port.o(.text.PendSV_Handler)
    pxCurrentTCBConst                        0x00000220   Number         0  port.o(.text.PendSV_Handler)
    [Anonymous Symbol]                       0x00000224   Section        0  port.o(.text.SVC_Handler)
    [Anonymous Symbol]                       0x00000228   Section        0  port.o(.text.SysTick_Handler)
    __arm_cp.13_0                            0x00000248   Number         4  port.o(.text.SysTick_Handler)
    [Anonymous Symbol]                       0x0000024c   Section        0  system_mkl25z4.o(.text.SystemInit)
    __arm_cp.0_0                             0x00000254   Number         4  system_mkl25z4.o(.text.SystemInit)
    [Anonymous Symbol]                       0x00000258   Section        0  server.o(.text.main)
    __arm_cp.0_0                             0x00000314   Number         4  server.o(.text.main)
    __arm_cp.0_1                             0x00000318   Number         4  server.o(.text.main)
    __arm_cp.0_2                             0x0000031c   Number         4  server.o(.text.main)
    __arm_cp.0_3                             0x00000320   Number         4  server.o(.text.main)
    __arm_cp.0_4                             0x00000324   Number         4  server.o(.text.main)
    prvResetNextTaskUnblockTime              0x00000329   Thumb Code    28  tasks.o(.text.prvResetNextTaskUnblockTime)
    [Anonymous Symbol]                       0x00000328   Section        0  tasks.o(.text.prvResetNextTaskUnblockTime)
    [Anonymous Symbol]                       0x00000344   Section        0  port.o(.text.ulSetInterruptMaskFromISR)
    [Anonymous Symbol]                       0x0000034c   Section        0  port.o(.text.vClearInterruptMaskFromISR)
    __tagsym$$used.0                         0x00000354   Number         0  tasks.o(.text.vTaskSwitchContext)
    [Anonymous Symbol]                       0x00000354   Section        0  tasks.o(.text.vTaskSwitchContext)
    i.__scatterload_copy                     0x000003b8   Section       14  handlers.o(i.__scatterload_copy)
    i.__scatterload_null                     0x000003c6   Section        2  handlers.o(i.__scatterload_null)
    i.__scatterload_zeroinit                 0x000003c8   Section       14  handlers.o(i.__scatterload_zeroinit)
    .ARM.__at_0x400                          0x00000400   Section       16  startup_mkl25z4.o(.ARM.__at_0x400)
    [Anonymous Symbol]                       0x00000410   Section        0  tasks.o(.text.xTaskIncrementTick)
    __arm_cp.23_0                            0x00000544   Number         4  tasks.o(.text.xTaskIncrementTick)
    __arm_cp.23_1                            0x00000548   Number         4  tasks.o(.text.xTaskIncrementTick)
    __arm_cp.23_2                            0x0000054c   Number         4  tasks.o(.text.xTaskIncrementTick)
    __arm_cp.23_3                            0x00000550   Number         4  tasks.o(.text.xTaskIncrementTick)
    __arm_cp.23_4                            0x00000554   Number         4  tasks.o(.text.xTaskIncrementTick)
    __arm_cp.23_5                            0x00000558   Number         4  tasks.o(.text.xTaskIncrementTick)
    __arm_cp.23_6                            0x0000055c   Number         4  tasks.o(.text.xTaskIncrementTick)
    __arm_cp.23_7                            0x00000560   Number         4  tasks.o(.text.xTaskIncrementTick)
    __arm_cp.23_8                            0x00000564   Number         4  tasks.o(.text.xTaskIncrementTick)
    __arm_cp.23_9                            0x00000568   Number         4  tasks.o(.text.xTaskIncrementTick)
    __arm_cp.23_10                           0x0000056c   Number         4  tasks.o(.text.xTaskIncrementTick)
    pxDelayedTaskList                        0x1ffff004   Data           4  tasks.o(.bss.pxDelayedTaskList)
    [Anonymous Symbol]                       0x1ffff004   Section        0  tasks.o(.bss.pxDelayedTaskList)
    pxOverflowDelayedTaskList                0x1ffff008   Data           4  tasks.o(.bss.pxOverflowDelayedTaskList)
    [Anonymous Symbol]                       0x1ffff008   Section        0  tasks.o(.bss.pxOverflowDelayedTaskList)
    pxReadyTasksLists                        0x1ffff00c   Data         100  tasks.o(.bss.pxReadyTasksLists)
    [Anonymous Symbol]                       0x1ffff00c   Section        0  tasks.o(.bss.pxReadyTasksLists)
    uxSchedulerSuspended                     0x1ffff070   Data           4  tasks.o(.bss.uxSchedulerSuspended)
    [Anonymous Symbol]                       0x1ffff070   Section        0  tasks.o(.bss.uxSchedulerSuspended)
    uxTopReadyPriority                       0x1ffff074   Data           4  tasks.o(.bss.uxTopReadyPriority)
    [Anonymous Symbol]                       0x1ffff074   Section        0  tasks.o(.bss.uxTopReadyPriority)
    xNextTaskUnblockTime                     0x1ffff078   Data           4  tasks.o(.bss.xNextTaskUnblockTime)
    [Anonymous Symbol]                       0x1ffff078   Section        0  tasks.o(.bss.xNextTaskUnblockTime)
    xNumOfOverflows                          0x1ffff07c   Data           4  tasks.o(.bss.xNumOfOverflows)
    [Anonymous Symbol]                       0x1ffff07c   Section        0  tasks.o(.bss.xNumOfOverflows)
    xPendedTicks                             0x1ffff080   Data           4  tasks.o(.bss.xPendedTicks)
    [Anonymous Symbol]                       0x1ffff080   Section        0  tasks.o(.bss.xPendedTicks)
    xTickCount                               0x1ffff084   Data           4  tasks.o(.bss.xTickCount)
    [Anonymous Symbol]                       0x1ffff084   Section        0  tasks.o(.bss.xTickCount)
    xYieldPending                            0x1ffff088   Data           4  tasks.o(.bss.xYieldPending)
    [Anonymous Symbol]                       0x1ffff088   Section        0  tasks.o(.bss.xYieldPending)
    STACK                                    0x1ffff090   Section     8192  startup_mkl25z4.o(STACK)

    Global Symbols

    Symbol Name                              Value     Ov Type        Size  Object(Section)

    BuildAttributes$$THM_ISAv3M$S$PE$A:L22$X:L11$S22$IEEE1$IW$~IW$USESV6$~STKCKD$USESV7$~SHL$OTIME$EBA8$MICROLIB$REQ8$PRES8$EABIv2 0x00000000   Number         0  anon$$obj.o ABSOLUTE
    __Vectors                                0x00000000   Data           4  startup_mkl25z4.o(RESET)
    __cpp_initialize__aeabi_                  - Undefined Weak Reference
    __cxa_finalize                            - Undefined Weak Reference
    __decompress                              - Undefined Weak Reference
    _clock_init                               - Undefined Weak Reference
    _microlib_exit                            - Undefined Weak Reference
    __Vectors_End                            0x000000c0   Data           0  startup_mkl25z4.o(RESET)
    __Vectors_Size                           0x000000c0   Number         0  startup_mkl25z4.o ABSOLUTE
    __main                                   0x000000c1   Thumb Code     0  entry.o(.ARM.Collect$$$$00000000)
    _main_stk                                0x000000c1   Thumb Code     0  entry2.o(.ARM.Collect$$$$00000001)
    _main_scatterload                        0x000000c5   Thumb Code     0  entry5.o(.ARM.Collect$$$$00000004)
    __main_after_scatterload                 0x000000c9   Thumb Code     0  entry5.o(.ARM.Collect$$$$00000004)
    _main_clock                              0x000000c9   Thumb Code     0  entry7b.o(.ARM.Collect$$$$00000008)
    _main_cpp_init                           0x000000c9   Thumb Code     0  entry8b.o(.ARM.Collect$$$$0000000A)
    _main_init                               0x000000c9   Thumb Code     0  entry9a.o(.ARM.Collect$$$$0000000B)
    __rt_final_cpp                           0x000000d1   Thumb Code     0  entry10a.o(.ARM.Collect$$$$0000000D)
    __rt_final_exit                          0x000000d1   Thumb Code     0  entry11a.o(.ARM.Collect$$$$0000000F)
    Reset_Handler                            0x000000d5   Thumb Code    12  startup_mkl25z4.o(.text)
    NMI_Handler                              0x000000e1   Thumb Code     2  startup_mkl25z4.o(.text)
    HardFault_Handler                        0x000000e3   Thumb Code     2  startup_mkl25z4.o(.text)
    ADC0_IRQHandler                          0x000000eb   Thumb Code     0  startup_mkl25z4.o(.text)
    CMP0_IRQHandler                          0x000000eb   Thumb Code     0  startup_mkl25z4.o(.text)
    DAC0_IRQHandler                          0x000000eb   Thumb Code     0  startup_mkl25z4.o(.text)
    DMA0_IRQHandler                          0x000000eb   Thumb Code     0  startup_mkl25z4.o(.text)
    DMA1_IRQHandler                          0x000000eb   Thumb Code     0  startup_mkl25z4.o(.text)
    DMA2_IRQHandler                          0x000000eb   Thumb Code     0  startup_mkl25z4.o(.text)
    DMA3_IRQHandler                          0x000000eb   Thumb Code     0  startup_mkl25z4.o(.text)
    DefaultISR                               0x000000eb   Thumb Code     0  startup_mkl25z4.o(.text)
    FTFA_IRQHandler                          0x000000eb   Thumb Code     0  startup_mkl25z4.o(.text)
    I2C0_IRQHandler                          0x000000eb   Thumb Code     0  startup_mkl25z4.o(.text)
    I2C1_IRQHandler                          0x000000eb   Thumb Code     0  startup_mkl25z4.o(.text)
    LLWU_IRQHandler                          0x000000eb   Thumb Code     0  startup_mkl25z4.o(.text)
    LPTMR0_IRQHandler                        0x000000eb   Thumb Code     0  startup_mkl25z4.o(.text)
    LVD_LVW_IRQHandler                       0x000000eb   Thumb Code     0  startup_mkl25z4.o(.text)
    MCG_IRQHandler                           0x000000eb   Thumb Code     0  startup_mkl25z4.o(.text)
    PIT_IRQHandler                           0x000000eb   Thumb Code     0  startup_mkl25z4.o(.text)
    PORTA_IRQHandler                         0x000000eb   Thumb Code     0  startup_mkl25z4.o(.text)
    PORTD_IRQHandler                         0x000000eb   Thumb Code     0  startup_mkl25z4.o(.text)
    RTC_IRQHandler                           0x000000eb   Thumb Code     0  startup_mkl25z4.o(.text)
    RTC_Seconds_IRQHandler                   0x000000eb   Thumb Code     0  startup_mkl25z4.o(.text)
    Reserved20_IRQHandler                    0x000000eb   Thumb Code     0  startup_mkl25z4.o(.text)
    Reserved39_IRQHandler                    0x000000eb   Thumb Code     0  startup_mkl25z4.o(.text)
    Reserved45_IRQHandler                    0x000000eb   Thumb Code     0  startup_mkl25z4.o(.text)
    SPI0_IRQHandler                          0x000000eb   Thumb Code     0  startup_mkl25z4.o(.text)
    SPI1_IRQHandler                          0x000000eb   Thumb Code     0  startup_mkl25z4.o(.text)
    TPM0_IRQHandler                          0x000000eb   Thumb Code     0  startup_mkl25z4.o(.text)
    TPM1_IRQHandler                          0x000000eb   Thumb Code     0  startup_mkl25z4.o(.text)
    TPM2_IRQHandler                          0x000000eb   Thumb Code     0  startup_mkl25z4.o(.text)
    TSI0_IRQHandler                          0x000000eb   Thumb Code     0  startup_mkl25z4.o(.text)
    UART0_IRQHandler                         0x000000eb   Thumb Code     0  startup_mkl25z4.o(.text)
    UART1_IRQHandler                         0x000000eb   Thumb Code     0  startup_mkl25z4.o(.text)
    UART2_IRQHandler                         0x000000eb   Thumb Code     0  startup_mkl25z4.o(.text)
    USB0_IRQHandler                          0x000000eb   Thumb Code     0  startup_mkl25z4.o(.text)
    __scatterload                            0x000000fd   Thumb Code    28  init.o(.text)
    __scatterload_rt2                        0x000000fd   Thumb Code     0  init.o(.text)
    InitAdc                                  0x00000121   Thumb Code    84  server.o(.text.InitAdc)
    InitUart                                 0x00000189   Thumb Code    68  server.o(.text.InitUart)
    PendSV_Handler                           0x000001e1   Thumb Code    68  port.o(.text.PendSV_Handler)
    SVC_Handler                              0x00000225   Thumb Code     2  port.o(.text.SVC_Handler)
    SysTick_Handler                          0x00000229   Thumb Code    32  port.o(.text.SysTick_Handler)
    SystemInit                               0x0000024d   Thumb Code     8  system_mkl25z4.o(.text.SystemInit)
    main                                     0x00000259   Thumb Code   188  server.o(.text.main)
    ulSetInterruptMaskFromISR                0x00000345   Thumb Code     8  port.o(.text.ulSetInterruptMaskFromISR)
    vClearInterruptMaskFromISR               0x0000034d   Thumb Code     6  port.o(.text.vClearInterruptMaskFromISR)
    vTaskSwitchContext                       0x00000355   Thumb Code   100  tasks.o(.text.vTaskSwitchContext)
    __scatterload_copy                       0x000003b9   Thumb Code    14  handlers.o(i.__scatterload_copy)
    __scatterload_null                       0x000003c7   Thumb Code     2  handlers.o(i.__scatterload_null)
    __scatterload_zeroinit                   0x000003c9   Thumb Code    14  handlers.o(i.__scatterload_zeroinit)
    Region$$Table$$Base                      0x000003d8   Number         0  anon$$obj.o(Region$$Table)
    Region$$Table$$Limit                     0x000003e8   Number         0  anon$$obj.o(Region$$Table)
    xTaskIncrementTick                       0x00000411   Thumb Code   308  tasks.o(.text.xTaskIncrementTick)
    pxCurrentTCB                             0x1ffff000   Data           4  tasks.o(.bss.pxCurrentTCB)
    __initial_sp                             0x20001090   Data           0  startup_mkl25z4.o(STACK)



==============================================================================

Memory Map of the image

  Image Entry point : 0x000000d5

  Load Region LR_1 (Base: 0x00000000, Size: 0x00000570, Max: 0xffffffff, ABSOLUTE)

    Execution Region ER_RO (Exec base: 0x00000000, Load base: 0x00000000, Size: 0x00000570, Max: 0xffffffff, ABSOLUTE)

    Exec Addr    Load Addr    Size         Type   Attr      Idx    E Section Name        Object

    0x00000000   0x00000000   0x000000c0   Data   RO           18    RESET               startup_mkl25z4.o
    0x000000c0   0x000000c0   0x00000000   Code   RO          552  * .ARM.Collect$$$$00000000  mc_p.l(entry.o)
    0x000000c0   0x000000c0   0x00000004   Code   RO          571    .ARM.Collect$$$$00000001  mc_p.l(entry2.o)
    0x000000c4   0x000000c4   0x00000004   Code   RO          574    .ARM.Collect$$$$00000004  mc_p.l(entry5.o)
    0x000000c8   0x000000c8   0x00000000   Code   RO          576    .ARM.Collect$$$$00000008  mc_p.l(entry7b.o)
    0x000000c8   0x000000c8   0x00000000   Code   RO          578    .ARM.Collect$$$$0000000A  mc_p.l(entry8b.o)
    0x000000c8   0x000000c8   0x00000008   Code   RO          579    .ARM.Collect$$$$0000000B  mc_p.l(entry9a.o)
    0x000000d0   0x000000d0   0x00000000   Code   RO          581    .ARM.Collect$$$$0000000D  mc_p.l(entry10a.o)
    0x000000d0   0x000000d0   0x00000000   Code   RO          583    .ARM.Collect$$$$0000000F  mc_p.l(entry11a.o)
    0x000000d0   0x000000d0   0x00000004   Code   RO          572    .ARM.Collect$$$$00002712  mc_p.l(entry2.o)
    0x000000d4   0x000000d4   0x00000028   Code   RO           20  * .text               startup_mkl25z4.o
    0x000000fc   0x000000fc   0x00000024   Code   RO          595    .text               mc_p.l(init.o)
    0x00000120   0x00000120   0x00000068   Code   RO            4    .text.InitAdc       server.o
    0x00000188   0x00000188   0x00000050   Code   RO            6    .text.InitUart      server.o
    0x000001d8   0x000001d8   0x00000008   PAD
    0x000001e0   0x000001e0   0x00000044   Code   RO          122    .text.PendSV_Handler  port.o
    0x00000224   0x00000224   0x00000002   Code   RO          102    .text.SVC_Handler   port.o
    0x00000226   0x00000226   0x00000002   PAD
    0x00000228   0x00000228   0x00000024   Code   RO          124    .text.SysTick_Handler  port.o
    0x0000024c   0x0000024c   0x0000000c   Code   RO           29    .text.SystemInit    system_mkl25z4.o
    0x00000258   0x00000258   0x000000d0   Code   RO            2    .text.main          server.o
    0x00000328   0x00000328   0x0000001c   Code   RO          324    .text.prvResetNextTaskUnblockTime  tasks.o
    0x00000344   0x00000344   0x00000008   Code   RO          118    .text.ulSetInterruptMaskFromISR  port.o
    0x0000034c   0x0000034c   0x00000006   Code   RO          120    .text.vClearInterruptMaskFromISR  port.o
    0x00000352   0x00000352   0x00000002   PAD
    0x00000354   0x00000354   0x00000064   Code   RO          348    .text.vTaskSwitchContext  tasks.o
    0x000003b8   0x000003b8   0x0000000e   Code   RO          599    i.__scatterload_copy  mc_p.l(handlers.o)
    0x000003c6   0x000003c6   0x00000002   Code   RO          600    i.__scatterload_null  mc_p.l(handlers.o)
    0x000003c8   0x000003c8   0x0000000e   Code   RO          601    i.__scatterload_zeroinit  mc_p.l(handlers.o)
    0x000003d6   0x000003d6   0x00000002   PAD
    0x000003d8   0x000003d8   0x00000010   Data   RO          598    Region$$Table       anon$$obj.o
    0x000003e8   0x000003e8   0x00000018   PAD
    0x00000400   0x00000400   0x00000010   Code   RO           19    .ARM.__at_0x400     startup_mkl25z4.o
    0x00000410   0x00000410   0x00000160   Code   RO          362    .text.xTaskIncrementTick  tasks.o


    Execution Region ER_RW (Exec base: 0x1ffff000, Load base: 0x00000570, Size: 0x00000000, Max: 0xffffffff, ABSOLUTE)

    **** No section assigned to this execution region ****


    Execution Region ER_ZI (Exec base: 0x1ffff000, Load base: 0x00000570, Size: 0x00002090, Max: 0xffffffff, ABSOLUTE)

    Exec Addr    Load Addr    Size         Type   Attr      Idx    E Section Name        Object

    0x1ffff000        -       0x00000004   Zero   RW          454    .bss.pxCurrentTCB   tasks.o
    0x1ffff004        -       0x00000004   Zero   RW          463    .bss.pxDelayedTaskList  tasks.o
    0x1ffff008        -       0x00000004   Zero   RW          464    .bss.pxOverflowDelayedTaskList  tasks.o
    0x1ffff00c        -       0x00000064   Zero   RW          466    .bss.pxReadyTasksLists  tasks.o
    0x1ffff070        -       0x00000004   Zero   RW          461    .bss.uxSchedulerSuspended  tasks.o
    0x1ffff074        -       0x00000004   Zero   RW          467    .bss.uxTopReadyPriority  tasks.o
    0x1ffff078        -       0x00000004   Zero   RW          471    .bss.xNextTaskUnblockTime  tasks.o
    0x1ffff07c        -       0x00000004   Zero   RW          473    .bss.xNumOfOverflows  tasks.o
    0x1ffff080        -       0x00000004   Zero   RW          472    .bss.xPendedTicks   tasks.o
    0x1ffff084        -       0x00000004   Zero   RW          462    .bss.xTickCount     tasks.o
    0x1ffff088        -       0x00000004   Zero   RW          468    .bss.xYieldPending  tasks.o
    0x1ffff08c   0x00000570   0x00000004   PAD
    0x1ffff090        -       0x00002000   Zero   RW           16    STACK               startup_mkl25z4.o


==============================================================================

Image component sizes


      Code (inc. data)   RO Data    RW Data    ZI Data      Debug   Object Name

       120          8          0          0          0       4062   port.o
       392         52          0          0          0       3074   server.o
        56         30        192          0       8192        880   startup_mkl25z4.o
        12          4          0          0          0       2559   system_mkl25z4.o
       480         44          0          0        140      31488   tasks.o

    ----------------------------------------------------------------------
      1072        146        232          0       8336      42063   Object Totals
         0          0         16          0          0          0   (incl. Generated)
        12          8         24          0          4          0   (incl. Padding)

    ----------------------------------------------------------------------

      Code (inc. data)   RO Data    RW Data    ZI Data      Debug   Library Member Name

         0          0          0          0          0          0   entry.o
         0          0          0          0          0          0   entry10a.o
         0          0          0          0          0          0   entry11a.o
         8          4          0          0          0          0   entry2.o
         4          0          0          0          0          0   entry5.o
         0          0          0          0          0          0   entry7b.o
         0          0          0          0          0          0   entry8b.o
         8          4          0          0          0          0   entry9a.o
        30          0          0          0          0          0   handlers.o
        36          8          0          0          0         68   init.o

    ----------------------------------------------------------------------
        88         16          0          0          0         68   Library Totals
         2          0          0          0          0          0   (incl. Padding)

    ----------------------------------------------------------------------

      Code (inc. data)   RO Data    RW Data    ZI Data      Debug   Library Name

        86         16          0          0          0         68   mc_p.l

    ----------------------------------------------------------------------
        88         16          0          0          0         68   Library Totals

    ----------------------------------------------------------------------

==============================================================================


      Code (inc. data)   RO Data    RW Data    ZI Data      Debug   

      1160        162        232          0       8336      42223   Grand Totals
      1160        162        232          0       8336      42223   ELF Image Totals
      1160        162        232          0          0          0   ROM Totals

==============================================================================

    Total RO  Size (Code + RO Data)                 1392 (   1.36kB)
    Total RW  Size (RW Data + ZI Data)              8336 (   8.14kB)
    Total ROM Size (Code + RO Data + RW Data)       1392 (   1.36kB)

==============================================================================

