Component: ARM Compiler 6.16 Tool: armlink [5dfeaa00]

==============================================================================

Section Cross References

    create_task.o(.text.vTask1) refers to puts.o(i.puts) for puts
    create_task.o(.ARM.exidx.text.vTask1) refers to create_task.o(.text.vTask1) for [Anonymous Symbol]
    create_task.o(.text.vTask2) refers to puts.o(i.puts) for puts
    create_task.o(.ARM.exidx.text.vTask2) refers to create_task.o(.text.vTask2) for [Anonymous Symbol]
    create_task.o(.text.main) refers to tasks.o(.text.xTaskCreate) for xTaskCreate
    create_task.o(.text.main) refers to tasks.o(.text.vTaskStartScheduler) for vTaskStartScheduler
    create_task.o(.text.main) refers to create_task.o(.text.vTask1) for vTask1
    create_task.o(.text.main) refers to create_task.o(.text.vTask2) for vTask2
    create_task.o(.ARM.exidx.text.main) refers to create_task.o(.text.main) for [Anonymous Symbol]
    common.o(.text.fputc) refers to common.o(.text.UartTransmit) for UartTransmit
    common.o(.ARM.exidx.text.fputc) refers to common.o(.text.fputc) for [Anonymous Symbol]
    common.o(.ARM.exidx.text.UartTransmit) refers to common.o(.text.UartTransmit) for [Anonymous Symbol]
    common.o(.text.InitUart) refers to uidiv_div0.o(.text) for __aeabi_uidiv
    common.o(.ARM.exidx.text.InitUart) refers to common.o(.text.InitUart) for [Anonymous Symbol]
    common.o(.ARM.exidx.text.UartReceive) refers to common.o(.text.UartReceive) for [Anonymous Symbol]
    startup_mkl25z4.o(RESET) refers to startup_mkl25z4.o(STACK) for __initial_sp
    startup_mkl25z4.o(RESET) refers to startup_mkl25z4.o(.text) for Reset_Handler
    startup_mkl25z4.o(RESET) refers to port.o(.text.SVC_Handler) for SVC_Handler
    startup_mkl25z4.o(RESET) refers to port.o(.text.PendSV_Handler) for PendSV_Handler
    startup_mkl25z4.o(RESET) refers to port.o(.text.SysTick_Handler) for SysTick_Handler
    startup_mkl25z4.o(.text) refers to system_mkl25z4.o(.text.SystemInit) for SystemInit
    startup_mkl25z4.o(.text) refers to entry.o(.ARM.Collect$$$$00000000) for __main
    system_mkl25z4.o(.ARM.exidx.text.SystemInit) refers to system_mkl25z4.o(.text.SystemInit) for [Anonymous Symbol]
    system_mkl25z4.o(.text.SystemCoreClockUpdate) refers to uidiv_div0.o(.text) for __aeabi_uidiv
    system_mkl25z4.o(.text.SystemCoreClockUpdate) refers to system_mkl25z4.o(.data.SystemCoreClock) for SystemCoreClock
    system_mkl25z4.o(.ARM.exidx.text.SystemCoreClockUpdate) refers to system_mkl25z4.o(.text.SystemCoreClockUpdate) for [Anonymous Symbol]
    event_groups.o(.text.xEventGroupCreate) refers to heap_4.o(.text.pvPortMalloc) for pvPortMalloc
    event_groups.o(.text.xEventGroupCreate) refers to list.o(.text.vListInitialise) for vListInitialise
    event_groups.o(.ARM.exidx.text.xEventGroupCreate) refers to event_groups.o(.text.xEventGroupCreate) for [Anonymous Symbol]
    event_groups.o(.text.xEventGroupSync) refers to tasks.o(.text.xTaskGetSchedulerState) for xTaskGetSchedulerState
    event_groups.o(.text.xEventGroupSync) refers to tasks.o(.text.vTaskSuspendAll) for vTaskSuspendAll
    event_groups.o(.text.xEventGroupSync) refers to event_groups.o(.text.xEventGroupSetBits) for xEventGroupSetBits
    event_groups.o(.text.xEventGroupSync) refers to tasks.o(.text.vTaskPlaceOnUnorderedEventList) for vTaskPlaceOnUnorderedEventList
    event_groups.o(.text.xEventGroupSync) refers to tasks.o(.text.xTaskResumeAll) for xTaskResumeAll
    event_groups.o(.text.xEventGroupSync) refers to port.o(.text.vPortYield) for vPortYield
    event_groups.o(.text.xEventGroupSync) refers to tasks.o(.text.uxTaskResetEventItemValue) for uxTaskResetEventItemValue
    event_groups.o(.text.xEventGroupSync) refers to port.o(.text.vPortEnterCritical) for vPortEnterCritical
    event_groups.o(.text.xEventGroupSync) refers to port.o(.text.vPortExitCritical) for vPortExitCritical
    event_groups.o(.ARM.exidx.text.xEventGroupSync) refers to event_groups.o(.text.xEventGroupSync) for [Anonymous Symbol]
    event_groups.o(.text.xEventGroupSetBits) refers to tasks.o(.text.vTaskSuspendAll) for vTaskSuspendAll
    event_groups.o(.text.xEventGroupSetBits) refers to tasks.o(.text.vTaskRemoveFromUnorderedEventList) for vTaskRemoveFromUnorderedEventList
    event_groups.o(.text.xEventGroupSetBits) refers to tasks.o(.text.xTaskResumeAll) for xTaskResumeAll
    event_groups.o(.ARM.exidx.text.xEventGroupSetBits) refers to event_groups.o(.text.xEventGroupSetBits) for [Anonymous Symbol]
    event_groups.o(.text.xEventGroupWaitBits) refers to tasks.o(.text.xTaskGetSchedulerState) for xTaskGetSchedulerState
    event_groups.o(.text.xEventGroupWaitBits) refers to tasks.o(.text.vTaskSuspendAll) for vTaskSuspendAll
    event_groups.o(.text.xEventGroupWaitBits) refers to event_groups.o(.text.prvTestWaitCondition) for prvTestWaitCondition
    event_groups.o(.text.xEventGroupWaitBits) refers to tasks.o(.text.vTaskPlaceOnUnorderedEventList) for vTaskPlaceOnUnorderedEventList
[...]
    Removing event_groups.o(.ARM.exidx.text.xEventGroupClearBits), (8 bytes).
    Removing event_groups.o(.text.xEventGroupClearBitsFromISR), (20 bytes).
    Removing event_groups.o(.ARM.exidx.text.xEventGroupClearBitsFromISR), (8 bytes).
    Removing event_groups.o(.text.vEventGroupClearBitsCallback), (8 bytes).
    Removing event_groups.o(.ARM.exidx.text.vEventGroupClearBitsCallback), (8 bytes).
    Removing event_groups.o(.text.xEventGroupGetBitsFromISR), (18 bytes).
    Removing event_groups.o(.ARM.exidx.text.xEventGroupGetBitsFromISR), (8 bytes).
    Removing event_groups.o(.text.vEventGroupDelete), (62 bytes).
    Removing event_groups.o(.ARM.exidx.text.vEventGroupDelete), (8 bytes).
    Removing event_groups.o(.text.vEventGroupSetBitsCallback), (8 bytes).
    Removing event_groups.o(.ARM.exidx.text.vEventGroupSetBitsCallback), (8 bytes).
    Removing event_groups.o(.text.xEventGroupSetBitsFromISR), (20 bytes).
    Removing event_groups.o(.ARM.exidx.text.xEventGroupSetBitsFromISR), (8 bytes).
    Removing event_groups.o(.text.uxEventGroupGetNumber), (12 bytes).
    Removing event_groups.o(.ARM.exidx.text.uxEventGroupGetNumber), (8 bytes).
    Removing event_groups.o(.text.vEventGroupSetNumber), (4 bytes).
    Removing event_groups.o(.ARM.exidx.text.vEventGroupSetNumber), (8 bytes).
    Removing list.o(.text), (0 bytes).
    Removing list.o(.ARM.exidx.text.vListInitialise), (8 bytes).
    Removing list.o(.ARM.exidx.text.vListInitialiseItem), (8 bytes).
    Removing list.o(.text.vListInsertEnd), (24 bytes).
    Removing list.o(.ARM.exidx.text.vListInsertEnd), (8 bytes).
    Removing list.o(.ARM.exidx.text.vListInsert), (8 bytes).
    Removing list.o(.ARM.exidx.text.uxListRemove), (8 bytes).
    Removing port.o(.text), (0 bytes).
    Removing port.o(.ARM.exidx.text.pxPortInitialiseStack), (8 bytes).
    Removing port.o(.ARM.exidx.text.prvTaskExitError), (8 bytes).
    Removing port.o(.ARM.exidx.text.SVC_Handler), (8 bytes).
    Removing port.o(.ARM.exidx.text.xPortStartScheduler), (8 bytes).
    Removing port.o(.ARM.exidx.text.vPortSetupTimerInterrupt), (8 bytes).
    Removing port.o(.ARM.exidx.text.vPortStartFirstTask), (8 bytes).
    Removing port.o(.text.vPortEndScheduler), (24 bytes).
    Removing port.o(.ARM.exidx.text.vPortEndScheduler), (8 bytes).
    Removing port.o(.ARM.exidx.text.vPortYield), (8 bytes).
    Removing port.o(.ARM.exidx.text.vPortEnterCritical), (8 bytes).
    Removing port.o(.ARM.exidx.text.vPortExitCritical), (8 bytes).
    Removing port.o(.ARM.exidx.text.ulSetInterruptMaskFromISR), (8 bytes).
    Removing port.o(.ARM.exidx.text.vClearInterruptMaskFromISR), (8 bytes).
    Removing port.o(.ARM.exidx.text.PendSV_Handler), (8 bytes).
    Removing port.o(.ARM.exidx.text.SysTick_Handler), (8 bytes).
    Removing port.o(.ARM.exidx.text.vPortSuppressTicksAndSleep), (8 bytes).
    Removing heap_4.o(.text), (0 bytes).
    Removing heap_4.o(.ARM.exidx.text.pvPortMalloc), (8 bytes).
    Removing heap_4.o(.ARM.exidx.text.prvHeapInit), (8 bytes).
    Removing heap_4.o(.ARM.exidx.text.prvInsertBlockIntoFreeList), (8 bytes).
    Removing heap_4.o(.ARM.exidx.text.vPortFree), (8 bytes).
    Removing heap_4.o(.text.xPortGetFreeHeapSize), (12 bytes).
    Removing heap_4.o(.ARM.exidx.text.xPortGetFreeHeapSize), (8 bytes).
    Removing heap_4.o(.text.xPortGetMinimumEverFreeHeapSize), (12 bytes).
    Removing heap_4.o(.ARM.exidx.text.xPortGetMinimumEverFreeHeapSize), (8 bytes).
    Removing heap_4.o(.text.vPortInitialiseBlocks), (2 bytes).
    Removing heap_4.o(.ARM.exidx.text.vPortInitialiseBlocks), (8 bytes).
    Removing heap_4.o(.text.vPortGetHeapStats), (136 bytes).
    Removing heap_4.o(.ARM.exidx.text.vPortGetHeapStats), (8 bytes).
    Removing queue.o(.text), (0 bytes).
    Removing queue.o(.ARM.exidx.text.xQueueGenericReset), (8 bytes).
    Removing queue.o(.ARM.exidx.text.xQueueGenericCreate), (8 bytes).
    Removing queue.o(.ARM.exidx.text.prvInitialiseNewQueue), (8 bytes).
    Removing queue.o(.text.xQueueCreateMutex), (22 bytes).
    Removing queue.o(.ARM.exidx.text.xQueueCreateMutex), (8 bytes).
    Removing queue.o(.text.prvInitialiseMutex), (24 bytes).
    Removing queue.o(.ARM.exidx.text.prvInitialiseMutex), (8 bytes).
    Removing queue.o(.text.xQueueGetMutexHolder), (36 bytes).
    Removing queue.o(.ARM.exidx.text.xQueueGetMutexHolder), (8 bytes).
    Removing queue.o(.text.xQueueGetMutexHolderFromISR), (22 bytes).
    Removing queue.o(.ARM.exidx.text.xQueueGetMutexHolderFromISR), (8 bytes).
    Removing queue.o(.text.xQueueGiveMutexRecursive), (60 bytes).
    Removing queue.o(.ARM.exidx.text.xQueueGiveMutexRecursive), (8 bytes).
    Removing queue.o(.text.xQueueGenericSend), (312 bytes).
    Removing queue.o(.ARM.exidx.text.xQueueGenericSend), (8 bytes).
    Removing queue.o(.text.xQueueTakeMutexRecursive), (50 bytes).
    Removing queue.o(.ARM.exidx.text.xQueueTakeMutexRecursive), (8 bytes).
    Removing queue.o(.text.xQueueSemaphoreTake), (370 bytes).
    Removing queue.o(.ARM.exidx.text.xQueueSemaphoreTake), (8 bytes).
    Removing queue.o(.text.xQueueCreateCountingSemaphore), (38 bytes).
    Removing queue.o(.ARM.exidx.text.xQueueCreateCountingSemaphore), (8 bytes).
    Removing queue.o(.ARM.exidx.text.prvCopyDataToQueue), (8 bytes).
    Removing queue.o(.ARM.exidx.text.prvNotifyQueueSetContainer), (8 bytes).
    Removing queue.o(.text.prvIsQueueFull), (26 bytes).
    Removing queue.o(.ARM.exidx.text.prvIsQueueFull), (8 bytes).
    Removing queue.o(.ARM.exidx.text.prvUnlockQueue), (8 bytes).
    Removing queue.o(.text.xQueueGenericSendFromISR), (214 bytes).
    Removing queue.o(.ARM.exidx.text.xQueueGenericSendFromISR), (8 bytes).
    Removing queue.o(.text.xQueueGiveFromISR), (158 bytes).
    Removing queue.o(.ARM.exidx.text.xQueueGiveFromISR), (8 bytes).
    Removing queue.o(.ARM.exidx.text.xQueueReceive), (8 bytes).
    Removing queue.o(.ARM.exidx.text.prvCopyDataFromQueue), (8 bytes).
    Removing queue.o(.ARM.exidx.text.prvIsQueueEmpty), (8 bytes).
    Removing queue.o(.text.prvGetDisinheritPriorityAfterTimeout), (20 bytes).
    Removing queue.o(.ARM.exidx.text.prvGetDisinheritPriorityAfterTimeout), (8 bytes).
    Removing queue.o(.text.xQueuePeek), (300 bytes).
    Removing queue.o(.ARM.exidx.text.xQueuePeek), (8 bytes).
    Removing queue.o(.text.xQueueReceiveFromISR), (140 bytes).
    Removing queue.o(.ARM.exidx.text.xQueueReceiveFromISR), (8 bytes).
    Removing queue.o(.text.xQueuePeekFromISR), (82 bytes).
    Removing queue.o(.ARM.exidx.text.xQueuePeekFromISR), (8 bytes).
    Removing queue.o(.text.uxQueueMessagesWaiting), (26 bytes).
    Removing queue.o(.ARM.exidx.text.uxQueueMessagesWaiting), (8 bytes).
    Removing queue.o(.text.uxQueueSpacesAvailable), (30 bytes).
    Removing queue.o(.ARM.exidx.text.uxQueueSpacesAvailable), (8 bytes).
    Removing queue.o(.text.uxQueueMessagesWaitingFromISR), (12 bytes).
    Removing queue.o(.ARM.exidx.text.uxQueueMessagesWaitingFromISR), (8 bytes).
    Removing queue.o(.text.vQueueDelete), (16 bytes).
    Removing queue.o(.ARM.exidx.text.vQueueDelete), (8 bytes).
    Removing queue.o(.text.uxQueueGetQueueNumber), (4 bytes).
    Removing queue.o(.ARM.exidx.text.uxQueueGetQueueNumber), (8 bytes).
    Removing queue.o(.text.vQueueSetQueueNumber), (4 bytes).
    Removing queue.o(.ARM.exidx.text.vQueueSetQueueNumber), (8 bytes).
    Removing queue.o(.text.ucQueueGetQueueType), (6 bytes).
    Removing queue.o(.ARM.exidx.text.ucQueueGetQueueType), (8 bytes).
    Removing queue.o(.text.xQueueIsQueueEmptyFromISR), (16 bytes).
    Removing queue.o(.ARM.exidx.text.xQueueIsQueueEmptyFromISR), (8 bytes).
    Removing queue.o(.text.xQueueIsQueueFullFromISR), (20 bytes).
    Removing queue.o(.ARM.exidx.text.xQueueIsQueueFullFromISR), (8 bytes).
    Removing queue.o(.ARM.exidx.text.vQueueWaitForMessageRestricted), (8 bytes).
    Removing queue.o(.text.xQueueCreateSet), (12 bytes).
    Removing queue.o(.ARM.exidx.text.xQueueCreateSet), (8 bytes).
    Removing queue.o(.text.xQueueAddToSet), (36 bytes).
    Removing queue.o(.ARM.exidx.text.xQueueAddToSet), (8 bytes).
    Removing queue.o(.text.xQueueRemoveFromSet), (36 bytes).
    Removing queue.o(.ARM.exidx.text.xQueueRemoveFromSet), (8 bytes).
    Removing queue.o(.text.xQueueSelectFromSet), (22 bytes).
    Removing queue.o(.ARM.exidx.text.xQueueSelectFromSet), (8 bytes).
    Removing queue.o(.text.xQueueSelectFromSetFromISR), (20 bytes).
    Removing queue.o(.ARM.exidx.text.xQueueSelectFromSetFromISR), (8 bytes).
    Removing stream_buffer.o(.text), (0 bytes).
    Removing stream_buffer.o(.text.xStreamBufferGenericCreate), (106 bytes).
    Removing stream_buffer.o(.ARM.exidx.text.xStreamBufferGenericCreate), (8 bytes).
    Removing stream_buffer.o(.text.prvInitialiseNewStreamBuffer), (44 bytes).
    Removing stream_buffer.o(.ARM.exidx.text.prvInitialiseNewStreamBuffer), (8 bytes).
    Removing stream_buffer.o(.text.vStreamBufferDelete), (30 bytes).
    Removing stream_buffer.o(.ARM.exidx.text.vStreamBufferDelete), (8 bytes).
    Removing stream_buffer.o(.text.xStreamBufferReset), (64 bytes).
    Removing stream_buffer.o(.ARM.exidx.text.xStreamBufferReset), (8 bytes).
    Removing stream_buffer.o(.text.xStreamBufferSetTriggerLevel), (30 bytes).
    Removing stream_buffer.o(.ARM.exidx.text.xStreamBufferSetTriggerLevel), (8 bytes).
    Removing stream_buffer.o(.text.xStreamBufferSpacesAvailable), (38 bytes).
    Removing stream_buffer.o(.ARM.exidx.text.xStreamBufferSpacesAvailable), (8 bytes).
    Removing stream_buffer.o(.text.xStreamBufferBytesAvailable), (16 bytes).
    Removing stream_buffer.o(.ARM.exidx.text.xStreamBufferBytesAvailable), (8 bytes).
    Removing stream_buffer.o(.text.prvBytesInBuffer), (18 bytes).
    Removing stream_buffer.o(.ARM.exidx.text.prvBytesInBuffer), (8 bytes).
    Removing stream_buffer.o(.text.xStreamBufferSend), (254 bytes).
    Removing stream_buffer.o(.ARM.exidx.text.xStreamBufferSend), (8 bytes).
    Removing stream_buffer.o(.text.prvWriteMessageToBuffer), (78 bytes).
    Removing stream_buffer.o(.ARM.exidx.text.prvWriteMessageToBuffer), (8 bytes).
    Removing stream_buffer.o(.text.xStreamBufferSendFromISR), (122 bytes).
    Removing stream_buffer.o(.ARM.exidx.text.xStreamBufferSendFromISR), (8 bytes).
    Removing stream_buffer.o(.text.xStreamBufferReceive), (184 bytes).
    Removing stream_buffer.o(.ARM.exidx.text.xStreamBufferReceive), (8 bytes).
    Removing stream_buffer.o(.text.prvReadMessageFromBuffer), (78 bytes).
    Removing stream_buffer.o(.ARM.exidx.text.prvReadMessageFromBuffer), (8 bytes).
    Removing stream_buffer.o(.text.xStreamBufferNextMessageLengthBytes), (62 bytes).
    Removing stream_buffer.o(.ARM.exidx.text.xStreamBufferNextMessageLengthBytes), (8 bytes).
    Removing stream_buffer.o(.text.prvReadBytesFromBuffer), (82 bytes).
    Removing stream_buffer.o(.ARM.exidx.text.prvReadBytesFromBuffer), (8 bytes).
    Removing stream_buffer.o(.text.xStreamBufferReceiveFromISR), (114 bytes).
    Removing stream_buffer.o(.ARM.exidx.text.xStreamBufferReceiveFromISR), (8 bytes).
    Removing stream_buffer.o(.text.xStreamBufferIsEmpty), (20 bytes).
    Removing stream_buffer.o(.ARM.exidx.text.xStreamBufferIsEmpty), (8 bytes).
    Removing stream_buffer.o(.text.xStreamBufferIsFull), (32 bytes).
    Removing stream_buffer.o(.ARM.exidx.text.xStreamBufferIsFull), (8 bytes).
    Removing stream_buffer.o(.text.xStreamBufferSendCompletedFromISR), (66 bytes).
    Removing stream_buffer.o(.ARM.exidx.text.xStreamBufferSendCompletedFromISR), (8 bytes).
    Removing stream_buffer.o(.text.xStreamBufferReceiveCompletedFromISR), (66 bytes).
    Removing stream_buffer.o(.ARM.exidx.text.xStreamBufferReceiveCompletedFromISR), (8 bytes).
    Removing stream_buffer.o(.text.uxStreamBufferGetStreamBufferNumber), (4 bytes).
    Removing stream_buffer.o(.ARM.exidx.text.uxStreamBufferGetStreamBufferNumber), (8 bytes).
    Removing stream_buffer.o(.text.vStreamBufferSetStreamBufferNumber), (4 bytes).
    Removing stream_buffer.o(.ARM.exidx.text.vStreamBufferSetStreamBufferNumber), (8 bytes).
    Removing stream_buffer.o(.text.ucStreamBufferGetStreamBufferType), (8 bytes).
    Removing stream_buffer.o(.ARM.exidx.text.ucStreamBufferGetStreamBufferType), (8 bytes).
    Removing stream_buffer.o(.text.prvWriteBytesToBuffer), (88 bytes).
    Removing stream_buffer.o(.ARM.exidx.text.prvWriteBytesToBuffer), (8 bytes).
    Removing tasks.o(.text), (0 bytes).
    Removing tasks.o(.ARM.exidx.text.xTaskCreate), (8 bytes).
    Removing tasks.o(.ARM.exidx.text.prvInitialiseNewTask), (8 bytes).
    Removing tasks.o(.ARM.exidx.text.prvAddNewTaskToReadyList), (8 bytes).
    Removing tasks.o(.text.vTaskDelete), (164 bytes).
    Removing tasks.o(.ARM.exidx.text.vTaskDelete), (8 bytes).
    Removing tasks.o(.ARM.exidx.text.prvResetNextTaskUnblockTime), (8 bytes).
    Removing tasks.o(.ARM.exidx.text.prvDeleteTCB), (8 bytes).
    Removing tasks.o(.text.xTaskDelayUntil), (132 bytes).
    Removing tasks.o(.ARM.exidx.text.xTaskDelayUntil), (8 bytes).
    Removing tasks.o(.ARM.exidx.text.vTaskSuspendAll), (8 bytes).
    Removing tasks.o(.ARM.exidx.text.prvAddCurrentTaskToDelayedList), (8 bytes).
    Removing tasks.o(.ARM.exidx.text.xTaskResumeAll), (8 bytes).
    Removing tasks.o(.text.vTaskDelay), (52 bytes).
    Removing tasks.o(.ARM.exidx.text.vTaskDelay), (8 bytes).
    Removing tasks.o(.text.eTaskGetState), (132 bytes).
    Removing tasks.o(.ARM.exidx.text.eTaskGetState), (8 bytes).
    Removing tasks.o(.text.uxTaskPriorityGet), (32 bytes).
    Removing tasks.o(.ARM.exidx.text.uxTaskPriorityGet), (8 bytes).
    Removing tasks.o(.text.uxTaskPriorityGetFromISR), (32 bytes).
    Removing tasks.o(.ARM.exidx.text.uxTaskPriorityGetFromISR), (8 bytes).
    Removing tasks.o(.text.vTaskPrioritySet), (180 bytes).
    Removing tasks.o(.ARM.exidx.text.vTaskPrioritySet), (8 bytes).
    Removing tasks.o(.text.vTaskSuspend), (164 bytes).
    Removing tasks.o(.ARM.exidx.text.vTaskSuspend), (8 bytes).
    Removing tasks.o(.ARM.exidx.text.vTaskSwitchContext), (8 bytes).
    Removing tasks.o(.text.vTaskResume), (116 bytes).
    Removing tasks.o(.ARM.exidx.text.vTaskResume), (8 bytes).
    Removing tasks.o(.text.prvTaskIsTaskSuspended), (32 bytes).
    Removing tasks.o(.ARM.exidx.text.prvTaskIsTaskSuspended), (8 bytes).
    Removing tasks.o(.text.xTaskResumeFromISR), (160 bytes).
    Removing tasks.o(.ARM.exidx.text.xTaskResumeFromISR), (8 bytes).
    Removing tasks.o(.ARM.exidx.text.vTaskStartScheduler), (8 bytes).
    Removing tasks.o(.ARM.exidx.text.prvIdleTask), (8 bytes).
    Removing tasks.o(.text.vTaskEndScheduler), (20 bytes).
    Removing tasks.o(.ARM.exidx.text.vTaskEndScheduler), (8 bytes).
    Removing tasks.o(.ARM.exidx.text.xTaskIncrementTick), (8 bytes).
    Removing tasks.o(.ARM.exidx.text.xTaskGetTickCount), (8 bytes).
    Removing tasks.o(.text.xTaskGetTickCountFromISR), (12 bytes).
    Removing tasks.o(.ARM.exidx.text.xTaskGetTickCountFromISR), (8 bytes).
    Removing tasks.o(.text.uxTaskGetNumberOfTasks), (12 bytes).
    Removing tasks.o(.ARM.exidx.text.uxTaskGetNumberOfTasks), (8 bytes).
    Removing tasks.o(.text.pcTaskGetName), (28 bytes).
    Removing tasks.o(.ARM.exidx.text.pcTaskGetName), (8 bytes).
    Removing tasks.o(.text.xTaskGetHandle), (156 bytes).
    Removing tasks.o(.ARM.exidx.text.xTaskGetHandle), (8 bytes).
    Removing tasks.o(.text.prvSearchForNameWithinSingleList), (120 bytes).
    Removing tasks.o(.ARM.exidx.text.prvSearchForNameWithinSingleList), (8 bytes).
    Removing tasks.o(.text.uxTaskGetSystemState), (180 bytes).
    Removing tasks.o(.ARM.exidx.text.uxTaskGetSystemState), (8 bytes).
    Removing tasks.o(.text.prvListTasksWithinSingleList), (96 bytes).
    Removing tasks.o(.ARM.exidx.text.prvListTasksWithinSingleList), (8 bytes).
    Removing tasks.o(.text.xTaskGetIdleTaskHandle), (20 bytes).
    Removing tasks.o(.ARM.exidx.text.xTaskGetIdleTaskHandle), (8 bytes).
    Removing tasks.o(.ARM.exidx.text.vTaskStepTick), (8 bytes).
    Removing tasks.o(.text.xTaskCatchUpTicks), (44 bytes).
    Removing tasks.o(.ARM.exidx.text.xTaskCatchUpTicks), (8 bytes).
    Removing tasks.o(.text.xTaskAbortDelay), (152 bytes).
    Removing tasks.o(.ARM.exidx.text.xTaskAbortDelay), (8 bytes).
    Removing tasks.o(.ARM.exidx.text.vTaskPlaceOnEventList), (8 bytes).
    Removing tasks.o(.text.vTaskPlaceOnUnorderedEventList), (96 bytes).
    Removing tasks.o(.ARM.exidx.text.vTaskPlaceOnUnorderedEventList), (8 bytes).
    Removing tasks.o(.ARM.exidx.text.vTaskPlaceOnEventListRestricted), (8 bytes).
    Removing tasks.o(.ARM.exidx.text.xTaskRemoveFromEventList), (8 bytes).
    Removing tasks.o(.text.vTaskRemoveFromUnorderedEventList), (176 bytes).
    Removing tasks.o(.ARM.exidx.text.vTaskRemoveFromUnorderedEventList), (8 bytes).
    Removing tasks.o(.text.vTaskSetTimeOutState), (44 bytes).
    Removing tasks.o(.ARM.exidx.text.vTaskSetTimeOutState), (8 bytes).
    Removing tasks.o(.ARM.exidx.text.vTaskInternalSetTimeOutState), (8 bytes).
    Removing tasks.o(.ARM.exidx.text.xTaskCheckForTimeOut), (8 bytes).
    Removing tasks.o(.ARM.exidx.text.vTaskMissedYield), (8 bytes).
    Removing tasks.o(.text.uxTaskGetTaskNumber), (12 bytes).
    Removing tasks.o(.ARM.exidx.text.uxTaskGetTaskNumber), (8 bytes).
    Removing tasks.o(.text.vTaskSetTaskNumber), (8 bytes).
    Removing tasks.o(.ARM.exidx.text.vTaskSetTaskNumber), (8 bytes).
    Removing tasks.o(.ARM.exidx.text.eTaskConfirmSleepModeStatus), (8 bytes).
    Removing tasks.o(.text.vTaskGetInfo), (128 bytes).
    Removing tasks.o(.ARM.exidx.text.vTaskGetInfo), (8 bytes).
    Removing tasks.o(.text.prvTaskCheckFreeStackSpace), (30 bytes).
    Removing tasks.o(.ARM.exidx.text.prvTaskCheckFreeStackSpace), (8 bytes).
    Removing tasks.o(.text.uxTaskGetStackHighWaterMark2), (24 bytes).
    Removing tasks.o(.ARM.exidx.text.uxTaskGetStackHighWaterMark2), (8 bytes).
    Removing tasks.o(.text.uxTaskGetStackHighWaterMark), (24 bytes).
    Removing tasks.o(.ARM.exidx.text.uxTaskGetStackHighWaterMark), (8 bytes).
    Removing tasks.o(.text.xTaskGetCurrentTaskHandle), (12 bytes).
    Removing tasks.o(.ARM.exidx.text.xTaskGetCurrentTaskHandle), (8 bytes).
    Removing tasks.o(.ARM.exidx.text.xTaskGetSchedulerState), (8 bytes).
    Removing tasks.o(.text.xTaskPriorityInherit), (148 bytes).
    Removing tasks.o(.ARM.exidx.text.xTaskPriorityInherit), (8 bytes).
    Removing tasks.o(.ARM.exidx.text.xTaskPriorityDisinherit), (8 bytes).
    Removing tasks.o(.text.vTaskPriorityDisinheritAfterTimeout), (144 bytes).
    Removing tasks.o(.ARM.exidx.text.vTaskPriorityDisinheritAfterTimeout), (8 bytes).
    Removing tasks.o(.text.uxTaskResetEventItemValue), (24 bytes).
    Removing tasks.o(.ARM.exidx.text.uxTaskResetEventItemValue), (8 bytes).
    Removing tasks.o(.text.pvTaskIncrementMutexHeldCount), (24 bytes).
    Removing tasks.o(.ARM.exidx.text.pvTaskIncrementMutexHeldCount), (8 bytes).
    Removing tasks.o(.text.ulTaskGenericNotifyTake), (128 bytes).
    Removing tasks.o(.ARM.exidx.text.ulTaskGenericNotifyTake), (8 bytes).
    Removing tasks.o(.text.xTaskGenericNotifyWait), (152 bytes).
    Removing tasks.o(.ARM.exidx.text.xTaskGenericNotifyWait), (8 bytes).
    Removing tasks.o(.text.xTaskGenericNotify), (264 bytes).
    Removing tasks.o(.ARM.exidx.text.xTaskGenericNotify), (8 bytes).
    Removing tasks.o(.text.xTaskGenericNotifyFromISR), (308 bytes).
    Removing tasks.o(.ARM.exidx.text.xTaskGenericNotifyFromISR), (8 bytes).
    Removing tasks.o(.text.vTaskGenericNotifyGiveFromISR), (224 bytes).
    Removing tasks.o(.ARM.exidx.text.vTaskGenericNotifyGiveFromISR), (8 bytes).
    Removing tasks.o(.text.xTaskGenericNotifyStateClear), (56 bytes).
    Removing tasks.o(.ARM.exidx.text.xTaskGenericNotifyStateClear), (8 bytes).
    Removing tasks.o(.text.ulTaskGenericNotifyValueClear), (40 bytes).
    Removing tasks.o(.ARM.exidx.text.ulTaskGenericNotifyValueClear), (8 bytes).
    Removing tasks.o(.ARM.exidx.text.prvInitialiseTaskLists), (8 bytes).
    Removing tasks.o(.ARM.exidx.text.prvCheckTasksWaitingTermination), (8 bytes).
    Removing tasks.o(.ARM.exidx.text.prvGetExpectedIdleTime), (8 bytes).
    Removing timers.o(.text), (0 bytes).
    Removing timers.o(.ARM.exidx.text.xTimerCreateTimerTask), (8 bytes).
    Removing timers.o(.ARM.exidx.text.prvCheckForValidListAndQueue), (8 bytes).
    Removing timers.o(.ARM.exidx.text.prvTimerTask), (8 bytes).
    Removing timers.o(.text.xTimerCreate), (54 bytes).
    Removing timers.o(.ARM.exidx.text.xTimerCreate), (8 bytes).
    Removing timers.o(.text.prvInitialiseNewTimer), (66 bytes).
    Removing timers.o(.ARM.exidx.text.prvInitialiseNewTimer), (8 bytes).
    Removing timers.o(.text.xTimerGenericCommand), (92 bytes).
    Removing timers.o(.ARM.exidx.text.xTimerGenericCommand), (8 bytes).
    Removing timers.o(.text.xTimerGetTimerDaemonTaskHandle), (20 bytes).
    Removing timers.o(.ARM.exidx.text.xTimerGetTimerDaemonTaskHandle), (8 bytes).
    Removing timers.o(.text.xTimerGetPeriod), (12 bytes).
    Removing timers.o(.ARM.exidx.text.xTimerGetPeriod), (8 bytes).
    Removing timers.o(.text.vTimerSetReloadMode), (40 bytes).
    Removing timers.o(.ARM.exidx.text.vTimerSetReloadMode), (8 bytes).
    Removing timers.o(.text.uxTimerGetReloadMode), (32 bytes).
    Removing timers.o(.ARM.exidx.text.uxTimerGetReloadMode), (8 bytes).
    Removing timers.o(.text.xTimerGetExpiryTime), (12 bytes).
    Removing timers.o(.ARM.exidx.text.xTimerGetExpiryTime), (8 bytes).
    Removing timers.o(.text.pcTimerGetName), (12 bytes).
    Removing timers.o(.ARM.exidx.text.pcTimerGetName), (8 bytes).
    Removing timers.o(.text.xTimerIsTimerActive), (32 bytes).
    Removing timers.o(.ARM.exidx.text.xTimerIsTimerActive), (8 bytes).
    Removing timers.o(.text.pvTimerGetTimerID), (26 bytes).
    Removing timers.o(.ARM.exidx.text.pvTimerGetTimerID), (8 bytes).
    Removing timers.o(.text.vTimerSetTimerID), (26 bytes).
    Removing timers.o(.ARM.exidx.text.vTimerSetTimerID), (8 bytes).
    Removing timers.o(.text.xTimerPendFunctionCallFromISR), (40 bytes).
    Removing timers.o(.ARM.exidx.text.xTimerPendFunctionCallFromISR), (8 bytes).
    Removing timers.o(.text.xTimerPendFunctionCall), (48 bytes).
    Removing timers.o(.ARM.exidx.text.xTimerPendFunctionCall), (8 bytes).
    Removing timers.o(.text.uxTimerGetTimerNumber), (4 bytes).
    Removing timers.o(.ARM.exidx.text.uxTimerGetTimerNumber), (8 bytes).
    Removing timers.o(.text.vTimerSetTimerNumber), (4 bytes).
    Removing timers.o(.ARM.exidx.text.vTimerSetTimerNumber), (8 bytes).
    Removing timers.o(.ARM.exidx.text.prvGetNextExpireTime), (8 bytes).
    Removing timers.o(.ARM.exidx.text.prvProcessTimerOrBlockTask), (8 bytes).
    Removing timers.o(.ARM.exidx.text.prvProcessReceivedCommands), (8 bytes).
    Removing timers.o(.ARM.exidx.text.prvSampleTimeNow), (8 bytes).
    Removing timers.o(.ARM.exidx.text.prvProcessExpiredTimer), (8 bytes).
    Removing timers.o(.ARM.exidx.text.prvSwitchTimerLists), (8 bytes).
    Removing timers.o(.ARM.exidx.text.prvReloadTimer), (8 bytes).
    Removing timers.o(.ARM.exidx.text.prvInsertTimerInActiveList), (8 bytes).

362 unused section(s) (total 11448 bytes) removed from the image.

==============================================================================

Image Symbol Table

    Local Symbols

    Symbol Name                              Value     Ov Type        Size  Object(Section)

    ../clib/division.s                       0x00000000   Number         0  aeabi_sdivfast.o ABSOLUTE
    ../clib/division.s                       0x00000000   Number         0  aeabi_sdivfast_div0.o ABSOLUTE
    ../clib/longlong.c                       0x00000000   Number         0  llmul.o ABSOLUTE
    ../clib/microlib/division.c              0x00000000   Number         0  uidiv.o ABSOLUTE
    ../clib/microlib/division.c              0x00000000   Number         0  uidiv_div0.o ABSOLUTE
    ../clib/microlib/division.c              0x00000000   Number         0  idiv_div0.o ABSOLUTE
    ../clib/microlib/division.c              0x00000000   Number         0  idiv0.o ABSOLUTE
    ../clib/microlib/init/entry.s            0x00000000   Number         0  entry.o ABSOLUTE
    ../clib/microlib/init/entry.s            0x00000000   Number         0  entry2.o ABSOLUTE
    ../clib/microlib/init/entry.s            0x00000000   Number         0  entry5.o ABSOLUTE
    ../clib/microlib/init/entry.s            0x00000000   Number         0  entry7a.o ABSOLUTE
    ../clib/microlib/init/entry.s            0x00000000   Number         0  entry7b.o ABSOLUTE
    ../clib/microlib/init/entry.s            0x00000000   Number         0  entry8a.o ABSOLUTE
    ../clib/microlib/init/entry.s            0x00000000   Number         0  entry8b.o ABSOLUTE
    ../clib/microlib/init/entry.s            0x00000000   Number         0  entry9a.o ABSOLUTE
    ../clib/microlib/init/entry.s            0x00000000   Number         0  entry9b.o ABSOLUTE
    ../clib/microlib/init/entry.s            0x00000000   Number         0  entry10a.o ABSOLUTE
    ../clib/microlib/init/entry.s            0x00000000   Number         0  entry10b.o ABSOLUTE
    ../clib/microlib/init/entry.s            0x00000000   Number         0  entry11a.o ABSOLUTE
    ../clib/microlib/init/entry.s            0x00000000   Number         0  entry11b.o ABSOLUTE
    ../clib/microlib/stdio/puts.c            0x00000000   Number         0  puts.o ABSOLUTE
    ../clib/microlib/stdio/puts.c            0x00000000   Number         0  puts_e.o ABSOLUTE
    ../clib/microlib/stdio/streams.c         0x00000000   Number         0  stdout.o ABSOLUTE
    ../clib/microlib/string/memcpy.c         0x00000000   Number         0  memcpya.o ABSOLUTE
    ../clib/microlib/string/memcpy.c         0x00000000   Number         0  memcpyb.o ABSOLUTE
    ../clib/microlib/string/memset.c         0x00000000   Number         0  memseta.o ABSOLUTE
    ../clib/microlib/string/strlen.c         0x00000000   Number         0  strlen.o ABSOLUTE
    RTE/Device/MKL25Z128xxx4/startup_MKL25Z4.s 0x00000000   Number         0  startup_mkl25z4.o ABSOLUTE
    common.c                                 0x00000000   Number         0  common.o ABSOLUTE
    create_task.c                            0x00000000   Number         0  create_task.o ABSOLUTE
    croutine.c                               0x00000000   Number         0  croutine.o ABSOLUTE
    dc.s                                     0x00000000   Number         0  dc.o ABSOLUTE
    event_groups.c                           0x00000000   Number         0  event_groups.o ABSOLUTE
    freertos_evr.c                           0x00000000   Number         0  freertos_evr.o ABSOLUTE
    handlers.s                               0x00000000   Number         0  handlers.o ABSOLUTE
    heap_4.c                                 0x00000000   Number         0  heap_4.o ABSOLUTE
    init.s                                   0x00000000   Number         0  init.o ABSOLUTE
    list.c                                   0x00000000   Number         0  list.o ABSOLUTE
    port.c                                   0x00000000   Number         0  port.o ABSOLUTE
    queue.c                                  0x00000000   Number         0  queue.o ABSOLUTE
    stream_buffer.c                          0x00000000   Number         0  stream_buffer.o ABSOLUTE
    system_MKL25Z4.c                         0x00000000   Number         0  system_mkl25z4.o ABSOLUTE
    tasks.c                                  0x00000000   Number         0  tasks.o ABSOLUTE
    timers.c                                 0x00000000   Number         0  timers.o ABSOLUTE
    RESET                                    0x00000000   Section      192  startup_mkl25z4.o(RESET)
    .ARM.Collect$$$$00000000                 0x000000c0   Section        0  entry.o(.ARM.Collect$$$$00000000)
    .ARM.Collect$$$$00000001                 0x000000c0   Section        4  entry2.o(.ARM.Collect$$$$00000001)
    .ARM.Collect$$$$00000004                 0x000000c4   Section        4  entry5.o(.ARM.Collect$$$$00000004)
    .ARM.Collect$$$$00000008                 0x000000c8   Section        0  entry7b.o(.ARM.Collect$$$$00000008)
    .ARM.Collect$$$$0000000A                 0x000000c8   Section        0  entry8b.o(.ARM.Collect$$$$0000000A)
    .ARM.Collect$$$$0000000B                 0x000000c8   Section        8  entry9a.o(.ARM.Collect$$$$0000000B)
    __lit__00000000                          0x000000d0   Data           4  entry2.o(.ARM.Collect$$$$00002712)
    .ARM.Collect$$$$0000000D                 0x000000d0   Section        0  entry10a.o(.ARM.Collect$$$$0000000D)
    .ARM.Collect$$$$0000000F                 0x000000d0   Section        0  entry11a.o(.ARM.Collect$$$$0000000F)
    .ARM.Collect$$$$00002712                 0x000000d0   Section        4  entry2.o(.ARM.Collect$$$$00002712)
    .text                                    0x000000d4   Section       40  startup_mkl25z4.o(.text)
    .text                                    0x000000fc   Section        0  llmul.o(.text)
    .text                                    0x0000012c   Section        0  memcpya.o(.text)
    .text                                    0x00000150   Section        0  memseta.o(.text)
    .text                                    0x00000174   Section        0  uidiv_div0.o(.text)
    .text                                    0x000001b4   Section       36  init.o(.text)
    [Anonymous Symbol]                       0x000001e0   Section        0  port.o(.text.PendSV_Handler)
    pxCurrentTCBConst                        0x00000220   Number         0  port.o(.text.PendSV_Handler)
    [Anonymous Symbol]                       0x00000224   Section        0  port.o(.text.SVC_Handler)
    [Anonymous Symbol]                       0x00000228   Section        0  port.o(.text.SysTick_Handler)
    __arm_cp.13_0                            0x00000248   Number         4  port.o(.text.SysTick_Handler)
    [Anonymous Symbol]                       0x0000024c   Section        0  system_mkl25z4.o(.text.SystemInit)
    __arm_cp.0_0                             0x00000254   Number         4  system_mkl25z4.o(.text.SystemInit)
    [Anonymous Symbol]                       0x00000258   Section        0  common.o(.text.UartTransmit)
    __arm_cp.1_0                             0x00000268   Number         4  common.o(.text.UartTransmit)
    [Anonymous Symbol]                       0x0000026c   Section        0  tasks.o(.text.eTaskConfirmSleepModeStatus)
    __arm_cp.47_0                            0x000002a0   Number         4  tasks.o(.text.eTaskConfirmSleepModeStatus)
    __arm_cp.47_1                            0x000002a4   Number         4  tasks.o(.text.eTaskConfirmSleepModeStatus)
    __arm_cp.47_2                            0x000002a8   Number         4  tasks.o(.text.eTaskConfirmSleepModeStatus)
    [Anonymous Symbol]                       0x000002ac   Section        0  common.o(.text.fputc)
    [Anonymous Symbol]                       0x000002bc   Section        0  create_task.o(.text.main)
    __arm_cp.2_0                             0x000002ec   Number         4  create_task.o(.text.main)
    __arm_cp.2_2                             0x000002f8   Number         4  create_task.o(.text.main)
    prvAddCurrentTaskToDelayedList           0x00000305   Thumb Code   132  tasks.o(.text.prvAddCurrentTaskToDelayedList)
    [Anonymous Symbol]                       0x00000304   Section        0  tasks.o(.text.prvAddCurrentTaskToDelayedList)
    __arm_cp.8_2                             0x00000388   Number         4  tasks.o(.text.prvAddCurrentTaskToDelayedList)
    __arm_cp.8_4                             0x0000038c   Number         4  tasks.o(.text.prvAddCurrentTaskToDelayedList)
    __arm_cp.8_5                             0x00000390   Number         4  tasks.o(.text.prvAddCurrentTaskToDelayedList)
    prvCheckForValidListAndQueue             0x00000395   Thumb Code    64  timers.o(.text.prvCheckForValidListAndQueue)
    [Anonymous Symbol]                       0x00000394   Section        0  timers.o(.text.prvCheckForValidListAndQueue)
    __arm_cp.1_0                             0x000003d4   Number         4  timers.o(.text.prvCheckForValidListAndQueue)
    __arm_cp.1_1                             0x000003d8   Number         4  timers.o(.text.prvCheckForValidListAndQueue)
    __arm_cp.1_2                             0x000003dc   Number         4  timers.o(.text.prvCheckForValidListAndQueue)
    __arm_cp.1_3                             0x000003e0   Number         4  timers.o(.text.prvCheckForValidListAndQueue)
    i.__scatterload_null                     0x000003e4   Section        2  handlers.o(i.__scatterload_null)
    prvDeleteTCB                             0x000003e7   Thumb Code    18  tasks.o(.text.prvDeleteTCB)
    [Anonymous Symbol]                       0x000003e6   Section        0  tasks.o(.text.prvDeleteTCB)
    [Anonymous Symbol]                       0x000003f8   Section        0  port.o(.text.ulSetInterruptMaskFromISR)
    .ARM.__at_0x400                          0x00000400   Section       16  startup_mkl25z4.o(.ARM.__at_0x400)
    prvAddNewTaskToReadyList                 0x00000411   Thumb Code   140  tasks.o(.text.prvAddNewTaskToReadyList)
    [Anonymous Symbol]                       0x00000410   Section        0  tasks.o(.text.prvAddNewTaskToReadyList)
    __arm_cp.2_2                             0x0000049c   Number         4  tasks.o(.text.prvAddNewTaskToReadyList)
    __arm_cp.2_3                             0x000004a0   Number         4  tasks.o(.text.prvAddNewTaskToReadyList)
    prvCheckTasksWaitingTermination          0x000004a5   Thumb Code    64  tasks.o(.text.prvCheckTasksWaitingTermination)
    [Anonymous Symbol]                       0x000004a4   Section        0  tasks.o(.text.prvCheckTasksWaitingTermination)
    __arm_cp.67_0                            0x000004e4   Number         4  tasks.o(.text.prvCheckTasksWaitingTermination)
    __arm_cp.67_2                            0x000004e8   Number         4  tasks.o(.text.prvCheckTasksWaitingTermination)
    prvCopyDataFromQueue                     0x000004ed   Thumb Code    36  queue.o(.text.prvCopyDataFromQueue)
    [Anonymous Symbol]                       0x000004ec   Section        0  queue.o(.text.prvCopyDataFromQueue)
    prvCopyDataToQueue                       0x00000511   Thumb Code   120  queue.o(.text.prvCopyDataToQueue)
    [Anonymous Symbol]                       0x00000510   Section        0  queue.o(.text.prvCopyDataToQueue)
    prvGetExpectedIdleTime                   0x00000589   Thumb Code    44  tasks.o(.text.prvGetExpectedIdleTime)
    [Anonymous Symbol]                       0x00000588   Section        0  tasks.o(.text.prvGetExpectedIdleTime)
    __arm_cp.68_0                            0x000005b4   Number         4  tasks.o(.text.prvGetExpectedIdleTime)
    __arm_cp.68_1                            0x000005b8   Number         4  tasks.o(.text.prvGetExpectedIdleTime)
    prvGetNextExpireTime                     0x000005bd   Thumb Code    28  timers.o(.text.prvGetNextExpireTime)
    [Anonymous Symbol]                       0x000005bc   Section        0  timers.o(.text.prvGetNextExpireTime)
    __arm_cp.19_0                            0x000005d8   Number         4  timers.o(.text.prvGetNextExpireTime)
    prvHeapInit                              0x000005dd   Thumb Code    80  heap_4.o(.text.prvHeapInit)
    [Anonymous Symbol]                       0x000005dc   Section        0  heap_4.o(.text.prvHeapInit)
    __arm_cp.1_0                             0x0000062c   Number         4  heap_4.o(.text.prvHeapInit)
    __arm_cp.1_3                             0x00000630   Number         4  heap_4.o(.text.prvHeapInit)
    __arm_cp.1_4                             0x00000634   Number         4  heap_4.o(.text.prvHeapInit)
    __arm_cp.1_5                             0x00000638   Number         4  heap_4.o(.text.prvHeapInit)
    prvIdleTask                              0x0000063d   Thumb Code    64  tasks.o(.text.prvIdleTask)
    [Anonymous Symbol]                       0x0000063c   Section        0  tasks.o(.text.prvIdleTask)
    __arm_cp.21_1                            0x0000067c   Number         4  tasks.o(.text.prvIdleTask)
    __arm_cp.21_2                            0x00000680   Number         4  tasks.o(.text.prvIdleTask)
    prvInitialiseNewQueue                    0x00000685   Thumb Code    38  queue.o(.text.prvInitialiseNewQueue)
    [Anonymous Symbol]                       0x00000684   Section        0  queue.o(.text.prvInitialiseNewQueue)
    prvInitialiseNewTask                     0x000006ab   Thumb Code   152  tasks.o(.text.prvInitialiseNewTask)
    [Anonymous Symbol]                       0x000006aa   Section        0  tasks.o(.text.prvInitialiseNewTask)
    prvInitialiseTaskLists                   0x00000745   Thumb Code    64  tasks.o(.text.prvInitialiseTaskLists)
    [Anonymous Symbol]                       0x00000744   Section        0  tasks.o(.text.prvInitialiseTaskLists)
    __arm_cp.66_0                            0x00000784   Number         4  tasks.o(.text.prvInitialiseTaskLists)
    __arm_cp.66_1                            0x00000788   Number         4  tasks.o(.text.prvInitialiseTaskLists)
    __arm_cp.66_2                            0x0000078c   Number         4  tasks.o(.text.prvInitialiseTaskLists)
    __arm_cp.66_3                            0x00000790   Number         4  tasks.o(.text.prvInitialiseTaskLists)
    __arm_cp.66_4                            0x00000794   Number         4  tasks.o(.text.prvInitialiseTaskLists)
    __arm_cp.66_5                            0x00000798   Number         4  tasks.o(.text.prvInitialiseTaskLists)
    __arm_cp.66_7                            0x0000079c   Number         4  tasks.o(.text.prvInitialiseTaskLists)
    prvInsertBlockIntoFreeList               0x000007a1   Thumb Code    68  heap_4.o(.text.prvInsertBlockIntoFreeList)
    [Anonymous Symbol]                       0x000007a0   Section        0  heap_4.o(.text.prvInsertBlockIntoFreeList)
    __arm_cp.2_0                             0x000007e4   Number         4  heap_4.o(.text.prvInsertBlockIntoFreeList)
    __arm_cp.2_1                             0x000007e8   Number         4  heap_4.o(.text.prvInsertBlockIntoFreeList)
    prvInsertTimerInActiveList               0x000007ed   Thumb Code    52  timers.o(.text.prvInsertTimerInActiveList)
    [Anonymous Symbol]                       0x000007ec   Section        0  timers.o(.text.prvInsertTimerInActiveList)
    prvIsQueueEmpty                          0x00000821   Thumb Code    22  queue.o(.text.prvIsQueueEmpty)
    [Anonymous Symbol]                       0x00000820   Section        0  queue.o(.text.prvIsQueueEmpty)
    prvNotifyQueueSetContainer               0x00000837   Thumb Code   100  queue.o(.text.prvNotifyQueueSetContainer)
    [Anonymous Symbol]                       0x00000836   Section        0  queue.o(.text.prvNotifyQueueSetContainer)
    prvProcessExpiredTimer                   0x0000089d   Thumb Code    60  timers.o(.text.prvProcessExpiredTimer)
    [Anonymous Symbol]                       0x0000089c   Section        0  timers.o(.text.prvProcessExpiredTimer)
    __arm_cp.23_0                            0x000008d8   Number         4  timers.o(.text.prvProcessExpiredTimer)
    prvProcessReceivedCommands               0x000008dd   Thumb Code   236  timers.o(.text.prvProcessReceivedCommands)
    [Anonymous Symbol]                       0x000008dc   Section        0  timers.o(.text.prvProcessReceivedCommands)
    prvProcessTimerOrBlockTask               0x000009c9   Thumb Code   104  timers.o(.text.prvProcessTimerOrBlockTask)
    [Anonymous Symbol]                       0x000009c8   Section        0  timers.o(.text.prvProcessTimerOrBlockTask)
    __arm_cp.20_1                            0x00000a30   Number         4  timers.o(.text.prvProcessTimerOrBlockTask)
    prvReloadTimer                           0x00000a35   Thumb Code    58  timers.o(.text.prvReloadTimer)
    [Anonymous Symbol]                       0x00000a34   Section        0  timers.o(.text.prvReloadTimer)
    prvResetNextTaskUnblockTime              0x00000a71   Thumb Code    28  tasks.o(.text.prvResetNextTaskUnblockTime)
    [Anonymous Symbol]                       0x00000a70   Section        0  tasks.o(.text.prvResetNextTaskUnblockTime)
    __arm_cp.4_0                             0x00000a8c   Number         4  tasks.o(.text.prvResetNextTaskUnblockTime)
    __arm_cp.4_1                             0x00000a90   Number         4  tasks.o(.text.prvResetNextTaskUnblockTime)
    prvSampleTimeNow                         0x00000a95   Thumb Code    36  timers.o(.text.prvSampleTimeNow)
    [Anonymous Symbol]                       0x00000a94   Section        0  timers.o(.text.prvSampleTimeNow)
    __arm_cp.22_0                            0x00000ab8   Number         4  timers.o(.text.prvSampleTimeNow)
    prvSwitchTimerLists                      0x00000abd   Thumb Code    44  timers.o(.text.prvSwitchTimerLists)
    [Anonymous Symbol]                       0x00000abc   Section        0  timers.o(.text.prvSwitchTimerLists)
    __arm_cp.24_0                            0x00000ae8   Number         4  timers.o(.text.prvSwitchTimerLists)
    __arm_cp.24_1                            0x00000aec   Number         4  timers.o(.text.prvSwitchTimerLists)
    prvTaskExitError                         0x00000af1   Thumb Code    28  port.o(.text.prvTaskExitError)
    [Anonymous Symbol]                       0x00000af0   Section        0  port.o(.text.prvTaskExitError)
    prvTimerTask                             0x00000b0d   Thumb Code    20  timers.o(.text.prvTimerTask)
    [Anonymous Symbol]                       0x00000b0c   Section        0  timers.o(.text.prvTimerTask)
    prvUnlockQueue                           0x00000b21   Thumb Code   144  queue.o(.text.prvUnlockQueue)
    [Anonymous Symbol]                       0x00000b20   Section        0  queue.o(.text.prvUnlockQueue)
    [Anonymous Symbol]                       0x00000bb0   Section        0  heap_4.o(.text.pvPortMalloc)
    __arm_cp.0_0                             0x00000c94   Number         4  heap_4.o(.text.pvPortMalloc)
    __arm_cp.0_3                             0x00000c98   Number         4  heap_4.o(.text.pvPortMalloc)
    __arm_cp.0_4                             0x00000c9c   Number         4  heap_4.o(.text.pvPortMalloc)
    __arm_cp.0_5                             0x00000ca0   Number         4  heap_4.o(.text.pvPortMalloc)
    [Anonymous Symbol]                       0x00000ca4   Section        0  port.o(.text.pxPortInitialiseStack)
    __arm_cp.0_0                             0x00000ccc   Number         4  port.o(.text.pxPortInitialiseStack)
    [Anonymous Symbol]                       0x00000cd0   Section        0  list.o(.text.uxListRemove)
    [Anonymous Symbol]                       0x00000cf2   Section        0  port.o(.text.vClearInterruptMaskFromISR)
    [Anonymous Symbol]                       0x00000cf8   Section        0  list.o(.text.vListInitialise)
    [Anonymous Symbol]                       0x00000d0c   Section        0  list.o(.text.vListInitialiseItem)
    [Anonymous Symbol]                       0x00000d12   Section        0  list.o(.text.vListInsert)
    [Anonymous Symbol]                       0x00000d40   Section        0  port.o(.text.vPortEnterCritical)
    [Anonymous Symbol]                       0x00000d54   Section        0  port.o(.text.vPortExitCritical)
    __arm_cp.9_0                             0x00000d6c   Number         4  port.o(.text.vPortExitCritical)
    [Anonymous Symbol]                       0x00000d70   Section        0  heap_4.o(.text.vPortFree)
    __arm_cp.3_0                             0x00000dc8   Number         4  heap_4.o(.text.vPortFree)
    __arm_cp.3_1                             0x00000dcc   Number         4  heap_4.o(.text.vPortFree)
    __arm_cp.3_2                             0x00000dd0   Number         4  heap_4.o(.text.vPortFree)
    [Anonymous Symbol]                       0x00000dd4   Section        0  port.o(.text.vPortSetupTimerInterrupt)
    __arm_cp.4_1                             0x00000e14   Number         4  port.o(.text.vPortSetupTimerInterrupt)
    __arm_cp.4_3                             0x00000e18   Number         4  port.o(.text.vPortSetupTimerInterrupt)
    vPortStartFirstTask                      0x00000e21   Thumb Code    52  port.o(.text.vPortStartFirstTask)
    [Anonymous Symbol]                       0x00000e20   Section        0  port.o(.text.vPortStartFirstTask)
    pxCurrentTCBConst2                       0x00000e50   Number         0  port.o(.text.vPortStartFirstTask)
    [Anonymous Symbol]                       0x00000e54   Section        0  port.o(.text.vPortSuppressTicksAndSleep)
    __arm_cp.14_0                            0x00000f50   Number         4  port.o(.text.vPortSuppressTicksAndSleep)
    __arm_cp.14_1                            0x00000f54   Number         4  port.o(.text.vPortSuppressTicksAndSleep)
    __arm_cp.14_2                            0x00000f58   Number         4  port.o(.text.vPortSuppressTicksAndSleep)
    __arm_cp.14_3                            0x00000f5c   Number         4  port.o(.text.vPortSuppressTicksAndSleep)
    [Anonymous Symbol]                       0x00000f60   Section        0  port.o(.text.vPortYield)
    __arm_cp.7_0                             0x00000f74   Number         4  port.o(.text.vPortYield)
    [Anonymous Symbol]                       0x00000f78   Section        0  queue.o(.text.vQueueWaitForMessageRestricted)
    [Anonymous Symbol]                       0x00000fbc   Section        0  create_task.o(.text.vTask1)
    __arm_cp.0_0                             0x00000fe0   Number         4  create_task.o(.text.vTask1)
    [Anonymous Symbol]                       0x00000ff8   Section        0  create_task.o(.text.vTask2)
    __arm_cp.1_0                             0x0000101c   Number         4  create_task.o(.text.vTask2)
    [Anonymous Symbol]                       0x00001034   Section        0  tasks.o(.text.vTaskInternalSetTimeOutState)
    __arm_cp.42_0                            0x00001044   Number         4  tasks.o(.text.vTaskInternalSetTimeOutState)
    [Anonymous Symbol]                       0x00001048   Section        0  tasks.o(.text.vTaskMissedYield)
    [Anonymous Symbol]                       0x00001050   Section        0  tasks.o(.text.vTaskPlaceOnEventList)
    [Anonymous Symbol]                       0x00001070   Section        0  tasks.o(.text.vTaskPlaceOnEventListRestricted)
    [Anonymous Symbol]                       0x000010b8   Section        0  tasks.o(.text.vTaskStartScheduler)
    __arm_cp.20_0                            0x00001104   Number         4  tasks.o(.text.vTaskStartScheduler)
    __arm_cp.20_1                            0x00001108   Number         4  tasks.o(.text.vTaskStartScheduler)
    __arm_cp.20_4                            0x00001114   Number         4  tasks.o(.text.vTaskStartScheduler)
    __arm_cp.20_6                            0x00001118   Number         4  tasks.o(.text.vTaskStartScheduler)
    [Anonymous Symbol]                       0x0000111c   Section        0  tasks.o(.text.vTaskStepTick)
    __arm_cp.33_0                            0x00001138   Number         4  tasks.o(.text.vTaskStepTick)
    __arm_cp.33_1                            0x0000113c   Number         4  tasks.o(.text.vTaskStepTick)
    [Anonymous Symbol]                       0x00001140   Section        0  tasks.o(.text.vTaskSuspendAll)
    __tagsym$$used.0                         0x0000114c   Number         0  tasks.o(.text.vTaskSwitchContext)
    [Anonymous Symbol]                       0x0000114c   Section        0  tasks.o(.text.vTaskSwitchContext)
    __arm_cp.16_1                            0x000011b0   Number         4  tasks.o(.text.vTaskSwitchContext)
    __arm_cp.16_2                            0x000011b4   Number         4  tasks.o(.text.vTaskSwitchContext)
    __arm_cp.16_3                            0x000011b8   Number         4  tasks.o(.text.vTaskSwitchContext)
    __arm_cp.16_4                            0x000011bc   Number         4  tasks.o(.text.vTaskSwitchContext)
    [Anonymous Symbol]                       0x000011c0   Section        0  port.o(.text.xPortStartScheduler)
    __arm_cp.3_0                             0x000011f0   Number         4  port.o(.text.xPortStartScheduler)
    __arm_cp.3_1                             0x000011f4   Number         4  port.o(.text.xPortStartScheduler)
    [Anonymous Symbol]                       0x000011f8   Section        0  queue.o(.text.xQueueGenericCreate)
    [Anonymous Symbol]                       0x0000124e   Section        0  queue.o(.text.xQueueGenericReset)
    [Anonymous Symbol]                       0x000012e2   Section        0  queue.o(.text.xQueueReceive)
    [Anonymous Symbol]                       0x00001414   Section        0  tasks.o(.text.xTaskCheckForTimeOut)
    __arm_cp.43_0                            0x0000148c   Number         4  tasks.o(.text.xTaskCheckForTimeOut)
    __arm_cp.43_1                            0x00001490   Number         4  tasks.o(.text.xTaskCheckForTimeOut)
    [Anonymous Symbol]                       0x00001494   Section        0  tasks.o(.text.xTaskCreate)
    [Anonymous Symbol]                       0x000014f8   Section        0  tasks.o(.text.xTaskGetSchedulerState)
    __arm_cp.53_0                            0x00001510   Number         4  tasks.o(.text.xTaskGetSchedulerState)
    __arm_cp.53_1                            0x00001514   Number         4  tasks.o(.text.xTaskGetSchedulerState)
    [Anonymous Symbol]                       0x00001518   Section        0  tasks.o(.text.xTaskGetTickCount)
    [Anonymous Symbol]                       0x00001520   Section        0  tasks.o(.text.xTaskIncrementTick)
    __arm_cp.23_2                            0x00001654   Number         4  tasks.o(.text.xTaskIncrementTick)
    __arm_cp.23_3                            0x00001658   Number         4  tasks.o(.text.xTaskIncrementTick)
    __arm_cp.23_4                            0x0000165c   Number         4  tasks.o(.text.xTaskIncrementTick)
    __arm_cp.23_5                            0x00001660   Number         4  tasks.o(.text.xTaskIncrementTick)
    __arm_cp.23_6                            0x00001664   Number         4  tasks.o(.text.xTaskIncrementTick)
    [Anonymous Symbol]                       0x00001668   Section        0  tasks.o(.text.xTaskPriorityDisinherit)
    [Anonymous Symbol]                       0x000016d4   Section        0  tasks.o(.text.xTaskRemoveFromEventList)
    __arm_cp.39_4                            0x0000178c   Number         4  tasks.o(.text.xTaskRemoveFromEventList)
    [Anonymous Symbol]                       0x00001790   Section        0  tasks.o(.text.xTaskResumeAll)
    __arm_cp.9_0                             0x00001894   Number         4  tasks.o(.text.xTaskResumeAll)
    __arm_cp.9_1                             0x00001898   Number         4  tasks.o(.text.xTaskResumeAll)
    __arm_cp.9_2                             0x0000189c   Number         4  tasks.o(.text.xTaskResumeAll)
    __arm_cp.9_3                             0x000018a0   Number         4  tasks.o(.text.xTaskResumeAll)
    __arm_cp.9_4                             0x000018a4   Number         4  tasks.o(.text.xTaskResumeAll)
    __arm_cp.9_5                             0x000018a8   Number         4  tasks.o(.text.xTaskResumeAll)
    __arm_cp.9_6                             0x000018ac   Number         4  tasks.o(.text.xTaskResumeAll)
    __arm_cp.9_7                             0x000018b0   Number         4  tasks.o(.text.xTaskResumeAll)
    [Anonymous Symbol]                       0x000018b4   Section        0  timers.o(.text.xTimerCreateTimerTask)
    __arm_cp.0_0                             0x000018ec   Number         4  timers.o(.text.xTimerCreateTimerTask)
    __arm_cp.0_1                             0x000018f0   Number         4  timers.o(.text.xTimerCreateTimerTask)
    __arm_cp.0_2                             0x000018f4   Number         4  timers.o(.text.xTimerCreateTimerTask)
    i.__scatterload_copy                     0x00001900   Section       14  handlers.o(i.__scatterload_copy)
    i.__scatterload_zeroinit                 0x0000190e   Section       14  handlers.o(i.__scatterload_zeroinit)
    i.puts                                   0x0000191c   Section        0  puts.o(i.puts)
    .data                                    0x1ffff000   Section        4  stdout.o(.data)
    uxCriticalNesting                        0x1ffff008   Data           4  port.o(.data.uxCriticalNesting)
    [Anonymous Symbol]                       0x1ffff008   Section        0  port.o(.data.uxCriticalNesting)
    prvSampleTimeNow.xLastTime               0x1ffff010   Data           4  timers.o(.bss.prvSampleTimeNow.xLastTime)
    [Anonymous Symbol]                       0x1ffff010   Section        0  timers.o(.bss.prvSampleTimeNow.xLastTime)
    pxCurrentTimerList                       0x1ffff018   Data           4  timers.o(.bss.pxCurrentTimerList)
    [Anonymous Symbol]                       0x1ffff018   Section        0  timers.o(.bss.pxCurrentTimerList)
    pxDelayedTaskList                        0x1ffff01c   Data           4  tasks.o(.bss.pxDelayedTaskList)
    [Anonymous Symbol]                       0x1ffff01c   Section        0  tasks.o(.bss.pxDelayedTaskList)
    pxEnd                                    0x1ffff020   Data           4  heap_4.o(.bss.pxEnd)
    [Anonymous Symbol]                       0x1ffff020   Section        0  heap_4.o(.bss.pxEnd)
    pxOverflowDelayedTaskList                0x1ffff024   Data           4  tasks.o(.bss.pxOverflowDelayedTaskList)
    [Anonymous Symbol]                       0x1ffff024   Section        0  tasks.o(.bss.pxOverflowDelayedTaskList)
    pxOverflowTimerList                      0x1ffff028   Data           4  timers.o(.bss.pxOverflowTimerList)
    [Anonymous Symbol]                       0x1ffff028   Section        0  timers.o(.bss.pxOverflowTimerList)
    pxReadyTasksLists                        0x1ffff02c   Data         100  tasks.o(.bss.pxReadyTasksLists)
    [Anonymous Symbol]                       0x1ffff02c   Section        0  tasks.o(.bss.pxReadyTasksLists)
    ucHeap                                   0x1ffff090   Data        4096  heap_4.o(.bss.ucHeap)
    [Anonymous Symbol]                       0x1ffff090   Section        0  heap_4.o(.bss.ucHeap)
    ulStoppedTimerCompensation               0x20000090   Data           1  port.o(.bss.ulStoppedTimerCompensation)
    [Anonymous Symbol]                       0x20000090   Section        0  port.o(.bss.ulStoppedTimerCompensation)
    ulTimerCountsForOneTick                  0x20000094   Data           4  port.o(.bss.ulTimerCountsForOneTick)
    [Anonymous Symbol]                       0x20000094   Section        0  port.o(.bss.ulTimerCountsForOneTick)
    uxCurrentNumberOfTasks                   0x20000098   Data           4  tasks.o(.bss.uxCurrentNumberOfTasks)
    [Anonymous Symbol]                       0x20000098   Section        0  tasks.o(.bss.uxCurrentNumberOfTasks)
    uxDeletedTasksWaitingCleanUp             0x2000009c   Data           4  tasks.o(.bss.uxDeletedTasksWaitingCleanUp)
    [Anonymous Symbol]                       0x2000009c   Section        0  tasks.o(.bss.uxDeletedTasksWaitingCleanUp)
    uxSchedulerSuspended                     0x200000a0   Data           4  tasks.o(.bss.uxSchedulerSuspended)
    [Anonymous Symbol]                       0x200000a0   Section        0  tasks.o(.bss.uxSchedulerSuspended)
    uxTaskNumber                             0x200000a4   Data           4  tasks.o(.bss.uxTaskNumber)
    [Anonymous Symbol]                       0x200000a4   Section        0  tasks.o(.bss.uxTaskNumber)
    uxTopReadyPriority                       0x200000a8   Data           4  tasks.o(.bss.uxTopReadyPriority)
    [Anonymous Symbol]                       0x200000a8   Section        0  tasks.o(.bss.uxTopReadyPriority)
    xActiveTimerList1                        0x200000ac   Data          20  timers.o(.bss.xActiveTimerList1)
    [Anonymous Symbol]                       0x200000ac   Section        0  timers.o(.bss.xActiveTimerList1)
    xActiveTimerList2                        0x200000c0   Data          20  timers.o(.bss.xActiveTimerList2)
    [Anonymous Symbol]                       0x200000c0   Section        0  timers.o(.bss.xActiveTimerList2)
    xBlockAllocatedBit                       0x200000d4   Data           1  heap_4.o(.bss.xBlockAllocatedBit)
    [Anonymous Symbol]                       0x200000d4   Section        0  heap_4.o(.bss.xBlockAllocatedBit)
    xDelayedTaskList1                        0x200000d8   Data          20  tasks.o(.bss.xDelayedTaskList1)
    [Anonymous Symbol]                       0x200000d8   Section        0  tasks.o(.bss.xDelayedTaskList1)
    xDelayedTaskList2                        0x200000ec   Data          20  tasks.o(.bss.xDelayedTaskList2)
    [Anonymous Symbol]                       0x200000ec   Section        0  tasks.o(.bss.xDelayedTaskList2)
    xFreeBytesRemaining                      0x20000100   Data           4  heap_4.o(.bss.xFreeBytesRemaining)
    [Anonymous Symbol]                       0x20000100   Section        0  heap_4.o(.bss.xFreeBytesRemaining)
    xIdleTaskHandle                          0x20000104   Data           4  tasks.o(.bss.xIdleTaskHandle)
    [Anonymous Symbol]                       0x20000104   Section        0  tasks.o(.bss.xIdleTaskHandle)
    xMaximumPossibleSuppressedTicks          0x20000108   Data           4  port.o(.bss.xMaximumPossibleSuppressedTicks)
    [Anonymous Symbol]                       0x20000108   Section        0  port.o(.bss.xMaximumPossibleSuppressedTicks)
    xMinimumEverFreeBytesRemaining           0x2000010c   Data           4  heap_4.o(.bss.xMinimumEverFreeBytesRemaining)
    [Anonymous Symbol]                       0x2000010c   Section        0  heap_4.o(.bss.xMinimumEverFreeBytesRemaining)
    xNextTaskUnblockTime                     0x20000110   Data           4  tasks.o(.bss.xNextTaskUnblockTime)
    [Anonymous Symbol]                       0x20000110   Section        0  tasks.o(.bss.xNextTaskUnblockTime)
    xNumOfOverflows                          0x20000114   Data           4  tasks.o(.bss.xNumOfOverflows)
    [Anonymous Symbol]                       0x20000114   Section        0  tasks.o(.bss.xNumOfOverflows)
    xNumberOfSuccessfulAllocations           0x20000118   Data           4  heap_4.o(.bss.xNumberOfSuccessfulAllocations)
    [Anonymous Symbol]                       0x20000118   Section        0  heap_4.o(.bss.xNumberOfSuccessfulAllocations)
    xNumberOfSuccessfulFrees                 0x2000011c   Data           4  heap_4.o(.bss.xNumberOfSuccessfulFrees)
    [Anonymous Symbol]                       0x2000011c   Section        0  heap_4.o(.bss.xNumberOfSuccessfulFrees)
    xPendedTicks                             0x20000120   Data           4  tasks.o(.bss.xPendedTicks)
    [Anonymous Symbol]                       0x20000120   Section        0  tasks.o(.bss.xPendedTicks)
    xPendingReadyList                        0x20000124   Data          20  tasks.o(.bss.xPendingReadyList)
    [Anonymous Symbol]                       0x20000124   Section        0  tasks.o(.bss.xPendingReadyList)
    xSchedulerRunning                        0x20000138   Data           4  tasks.o(.bss.xSchedulerRunning)
    [Anonymous Symbol]                       0x20000138   Section        0  tasks.o(.bss.xSchedulerRunning)
    xStart                                   0x2000013c   Data           8  heap_4.o(.bss.xStart)
    [Anonymous Symbol]                       0x2000013c   Section        0  heap_4.o(.bss.xStart)
    xSuspendedTaskList                       0x20000144   Data          20  tasks.o(.bss.xSuspendedTaskList)
    [Anonymous Symbol]                       0x20000144   Section        0  tasks.o(.bss.xSuspendedTaskList)
    xTasksWaitingTermination                 0x20000158   Data          20  tasks.o(.bss.xTasksWaitingTermination)
    [Anonymous Symbol]                       0x20000158   Section        0  tasks.o(.bss.xTasksWaitingTermination)
    xTickCount                               0x2000016c   Data           4  tasks.o(.bss.xTickCount)
    [Anonymous Symbol]                       0x2000016c   Section        0  tasks.o(.bss.xTickCount)
    xTimerQueue                              0x20000170   Data           4  timers.o(.bss.xTimerQueue)
    [Anonymous Symbol]                       0x20000170   Section        0  timers.o(.bss.xTimerQueue)
    xTimerTaskHandle                         0x20000174   Data           4  timers.o(.bss.xTimerTaskHandle)
    [Anonymous Symbol]                       0x20000174   Section        0  timers.o(.bss.xTimerTaskHandle)
    xYieldPending                            0x20000178   Data           4  tasks.o(.bss.xYieldPending)
    [Anonymous Symbol]                       0x20000178   Section        0  tasks.o(.bss.xYieldPending)
    STACK                                    0x20000180   Section    65536  startup_mkl25z4.o(STACK)

    Global Symbols

    Symbol Name                              Value     Ov Type        Size  Object(Section)

    BuildAttributes$$THM_ISAv3M$S$PE$A:L22$X:L11$S22$IEEE1$IW$~IW$USESV6$~STKCKD$USESV7$~SHL$OTIME$EBA8$MICROLIB$REQ8$PRES8$EABIv2 0x00000000   Number         0  anon$$obj.o ABSOLUTE
    __Vectors                                0x00000000   Data           4  startup_mkl25z4.o(RESET)
    __cpp_initialize__aeabi_                  - Undefined Weak Reference
    __cxa_finalize                            - Undefined Weak Reference
    __decompress                              - Undefined Weak Reference
    _clock_init                               - Undefined Weak Reference
    _microlib_exit                            - Undefined Weak Reference
    __Vectors_End                            0x000000c0   Data           0  startup_mkl25z4.o(RESET)
    __Vectors_Size                           0x000000c0   Number         0  startup_mkl25z4.o ABSOLUTE
    __main                                   0x000000c1   Thumb Code     0  entry.o(.ARM.Collect$$$$00000000)
    _main_stk                                0x000000c1   Thumb Code     0  entry2.o(.ARM.Collect$$$$00000001)
    _main_scatterload                        0x000000c5   Thumb Code     0  entry5.o(.ARM.Collect$$$$00000004)
    __main_after_scatterload                 0x000000c9   Thumb Code     0  entry5.o(.ARM.Collect$$$$00000004)
    _main_clock                              0x000000c9   Thumb Code     0  entry7b.o(.ARM.Collect$$$$00000008)
    _main_cpp_init                           0x000000c9   Thumb Code     0  entry8b.o(.ARM.Collect$$$$0000000A)
    _main_init                               0x000000c9   Thumb Code     0  entry9a.o(.ARM.Collect$$$$0000000B)
    __rt_final_cpp                           0x000000d1   Thumb Code     0  entry10a.o(.ARM.Collect$$$$0000000D)
    __rt_final_exit                          0x000000d1   Thumb Code     0  entry11a.o(.ARM.Collect$$$$0000000F)
    Reset_Handler                            0x000000d5   Thumb Code    12  startup_mkl25z4.o(.text)
    NMI_Handler                              0x000000e1   Thumb Code     2  startup_mkl25z4.o(.text)
    HardFault_Handler                        0x000000e3   Thumb Code     2  startup_mkl25z4.o(.text)
    ADC0_IRQHandler                          0x000000eb   Thumb Code     0  startup_mkl25z4.o(.text)
    CMP0_IRQHandler                          0x000000eb   Thumb Code     0  startup_mkl25z4.o(.text)
    DAC0_IRQHandler                          0x000000eb   Thumb Code     0  startup_mkl25z4.o(.text)
    DMA0_IRQHandler                          0x000000eb   Thumb Code     0  startup_mkl25z4.o(.text)
    DMA1_IRQHandler                          0x000000eb   Thumb Code     0  startup_mkl25z4.o(.text)
    DMA2_IRQHandler                          0x000000eb   Thumb Code     0  startup_mkl25z4.o(.text)
    DMA3_IRQHandler                          0x000000eb   Thumb Code     0  startup_mkl25z4.o(.text)
    DefaultISR                               0x000000eb   Thumb Code     0  startup_mkl25z4.o(.text)
    FTFA_IRQHandler                          0x000000eb   Thumb Code     0  startup_mkl25z4.o(.text)
    I2C0_IRQHandler                          0x000000eb   Thumb Code     0  startup_mkl25z4.o(.text)
    I2C1_IRQHandler                          0x000000eb   Thumb Code     0  startup_mkl25z4.o(.text)
    LLWU_IRQHandler                          0x000000eb   Thumb Code     0  startup_mkl25z4.o(.text)
    LPTMR0_IRQHandler                        0x000000eb   Thumb Code     0  startup_mkl25z4.o(.text)
    LVD_LVW_IRQHandler                       0x000000eb   Thumb Code     0  startup_mkl25z4.o(.text)
    MCG_IRQHandler                           0x000000eb   Thumb Code     0  startup_mkl25z4.o(.text)
    PIT_IRQHandler                           0x000000eb   Thumb Code     0  startup_mkl25z4.o(.text)
    PORTA_IRQHandler                         0x000000eb   Thumb Code     0  startup_mkl25z4.o(.text)
    PORTD_IRQHandler                         0x000000eb   Thumb Code     0  startup_mkl25z4.o(.text)
    RTC_IRQHandler                           0x000000eb   Thumb Code     0  startup_mkl25z4.o(.text)
    RTC_Seconds_IRQHandler                   0x000000eb   Thumb Code     0  startup_mkl25z4.o(.text)
    Reserved20_IRQHandler                    0x000000eb   Thumb Code     0  startup_mkl25z4.o(.text)
    Reserved39_IRQHandler                    0x000000eb   Thumb Code     0  startup_mkl25z4.o(.text)
    Reserved45_IRQHandler                    0x000000eb   Thumb Code     0  startup_mkl25z4.o(.text)
    SPI0_IRQHandler                          0x000000eb   Thumb Code     0  startup_mkl25z4.o(.text)
    SPI1_IRQHandler                          0x000000eb   Thumb Code     0  startup_mkl25z4.o(.text)
    TPM0_IRQHandler                          0x000000eb   Thumb Code     0  startup_mkl25z4.o(.text)
    TPM1_IRQHandler                          0x000000eb   Thumb Code     0  startup_mkl25z4.o(.text)
    TPM2_IRQHandler                          0x000000eb   Thumb Code     0  startup_mkl25z4.o(.text)
    TSI0_IRQHandler                          0x000000eb   Thumb Code     0  startup_mkl25z4.o(.text)
    UART0_IRQHandler                         0x000000eb   Thumb Code     0  startup_mkl25z4.o(.text)
    UART1_IRQHandler                         0x000000eb   Thumb Code     0  startup_mkl25z4.o(.text)
    UART2_IRQHandler                         0x000000eb   Thumb Code     0  startup_mkl25z4.o(.text)
    USB0_IRQHandler                          0x000000eb   Thumb Code     0  startup_mkl25z4.o(.text)
    __aeabi_lmul                             0x000000fd   Thumb Code    48  llmul.o(.text)
    _ll_mul                                  0x000000fd   Thumb Code     0  llmul.o(.text)
    __aeabi_memcpy                           0x0000012d   Thumb Code    36  memcpya.o(.text)
    __aeabi_memcpy4                          0x0000012d   Thumb Code     0  memcpya.o(.text)
    __aeabi_memcpy8                          0x0000012d   Thumb Code     0  memcpya.o(.text)
    __aeabi_memset                           0x00000151   Thumb Code    14  memseta.o(.text)
    __aeabi_memset4                          0x00000151   Thumb Code     0  memseta.o(.text)
    __aeabi_memset8                          0x00000151   Thumb Code     0  memseta.o(.text)
    __aeabi_memclr                           0x0000015f   Thumb Code     4  memseta.o(.text)
    __aeabi_memclr4                          0x0000015f   Thumb Code     0  memseta.o(.text)
    __aeabi_memclr8                          0x0000015f   Thumb Code     0  memseta.o(.text)
    _memset$wrapper                          0x00000163   Thumb Code    18  memseta.o(.text)
    __aeabi_uidiv                            0x00000175   Thumb Code     0  uidiv_div0.o(.text)
    __aeabi_uidivmod                         0x00000175   Thumb Code    62  uidiv_div0.o(.text)
    __scatterload                            0x000001b5   Thumb Code    28  init.o(.text)
    __scatterload_rt2                        0x000001b5   Thumb Code     0  init.o(.text)
    PendSV_Handler                           0x000001e1   Thumb Code    68  port.o(.text.PendSV_Handler)
    SVC_Handler                              0x00000225   Thumb Code     2  port.o(.text.SVC_Handler)
    SysTick_Handler                          0x00000229   Thumb Code    32  port.o(.text.SysTick_Handler)
    SystemInit                               0x0000024d   Thumb Code     8  system_mkl25z4.o(.text.SystemInit)
    UartTransmit                             0x00000259   Thumb Code    16  common.o(.text.UartTransmit)
    eTaskConfirmSleepModeStatus              0x0000026d   Thumb Code    52  tasks.o(.text.eTaskConfirmSleepModeStatus)
    fputc                                    0x000002ad   Thumb Code    14  common.o(.text.fputc)
    main                                     0x000002bd   Thumb Code    48  create_task.o(.text.main)
    __scatterload_null                       0x000003e5   Thumb Code     2  handlers.o(i.__scatterload_null)
    ulSetInterruptMaskFromISR                0x000003f9   Thumb Code     8  port.o(.text.ulSetInterruptMaskFromISR)
    pvPortMalloc                             0x00000bb1   Thumb Code   228  heap_4.o(.text.pvPortMalloc)
    pxPortInitialiseStack                    0x00000ca5   Thumb Code    40  port.o(.text.pxPortInitialiseStack)
    uxListRemove                             0x00000cd1   Thumb Code    34  list.o(.text.uxListRemove)
    vClearInterruptMaskFromISR               0x00000cf3   Thumb Code     6  port.o(.text.vClearInterruptMaskFromISR)
    vListInitialise                          0x00000cf9   Thumb Code    20  list.o(.text.vListInitialise)
    vListInitialiseItem                      0x00000d0d   Thumb Code     6  list.o(.text.vListInitialiseItem)
    vListInsert                              0x00000d13   Thumb Code    46  list.o(.text.vListInsert)
    vPortEnterCritical                       0x00000d41   Thumb Code    20  port.o(.text.vPortEnterCritical)
    vPortExitCritical                        0x00000d55   Thumb Code    24  port.o(.text.vPortExitCritical)
    vPortFree                                0x00000d71   Thumb Code    88  heap_4.o(.text.vPortFree)
    vPortSetupTimerInterrupt                 0x00000dd5   Thumb Code    64  port.o(.text.vPortSetupTimerInterrupt)
    vPortSuppressTicksAndSleep               0x00000e55   Thumb Code   252  port.o(.text.vPortSuppressTicksAndSleep)
    vPortYield                               0x00000f61   Thumb Code    20  port.o(.text.vPortYield)
    vQueueWaitForMessageRestricted           0x00000f79   Thumb Code    68  queue.o(.text.vQueueWaitForMessageRestricted)
    vTask1                                   0x00000fbd   Thumb Code    36  create_task.o(.text.vTask1)
    vTask2                                   0x00000ff9   Thumb Code    36  create_task.o(.text.vTask2)
    vTaskInternalSetTimeOutState             0x00001035   Thumb Code    16  tasks.o(.text.vTaskInternalSetTimeOutState)
    vTaskMissedYield                         0x00001049   Thumb Code     8  tasks.o(.text.vTaskMissedYield)
    vTaskPlaceOnEventList                    0x00001051   Thumb Code    32  tasks.o(.text.vTaskPlaceOnEventList)
    vTaskPlaceOnEventListRestricted          0x00001071   Thumb Code    72  tasks.o(.text.vTaskPlaceOnEventListRestricted)
    vTaskStartScheduler                      0x000010b9   Thumb Code    76  tasks.o(.text.vTaskStartScheduler)
    vTaskStepTick                            0x0000111d   Thumb Code    28  tasks.o(.text.vTaskStepTick)
    vTaskSuspendAll                          0x00001141   Thumb Code    12  tasks.o(.text.vTaskSuspendAll)
    vTaskSwitchContext                       0x0000114d   Thumb Code   100  tasks.o(.text.vTaskSwitchContext)
    xPortStartScheduler                      0x000011c1   Thumb Code    48  port.o(.text.xPortStartScheduler)
    xQueueGenericCreate                      0x000011f9   Thumb Code    86  queue.o(.text.xQueueGenericCreate)
    xQueueGenericReset                       0x0000124f   Thumb Code   148  queue.o(.text.xQueueGenericReset)
    xQueueReceive                            0x000012e3   Thumb Code   306  queue.o(.text.xQueueReceive)
    xTaskCheckForTimeOut                     0x00001415   Thumb Code   120  tasks.o(.text.xTaskCheckForTimeOut)
    xTaskCreate                              0x00001495   Thumb Code    98  tasks.o(.text.xTaskCreate)
    xTaskGetSchedulerState                   0x000014f9   Thumb Code    24  tasks.o(.text.xTaskGetSchedulerState)
    xTaskGetTickCount                        0x00001519   Thumb Code     8  tasks.o(.text.xTaskGetTickCount)
    xTaskIncrementTick                       0x00001521   Thumb Code   308  tasks.o(.text.xTaskIncrementTick)
    xTaskPriorityDisinherit                  0x00001669   Thumb Code   108  tasks.o(.text.xTaskPriorityDisinherit)
    xTaskRemoveFromEventList                 0x000016d5   Thumb Code   184  tasks.o(.text.xTaskRemoveFromEventList)
    xTaskResumeAll                           0x00001791   Thumb Code   260  tasks.o(.text.xTaskResumeAll)
    xTimerCreateTimerTask                    0x000018b5   Thumb Code    56  timers.o(.text.xTimerCreateTimerTask)
    __scatterload_copy                       0x00001901   Thumb Code    14  handlers.o(i.__scatterload_copy)
    __scatterload_zeroinit                   0x0000190f   Thumb Code    14  handlers.o(i.__scatterload_zeroinit)
    puts                                     0x0000191d   Thumb Code    28  puts.o(i.puts)
    uxTopUsedPriority                        0x0000193c   Data           4  tasks.o(.rodata.uxTopUsedPriority)
    Region$$Table$$Base                      0x00001940   Number         0  anon$$obj.o(Region$$Table)
    Region$$Table$$Limit                     0x00001960   Number         0  anon$$obj.o(Region$$Table)
    __stdout                                 0x1ffff000   Data           4  stdout.o(.data)
    SystemCoreClock                          0x1ffff004   Data           4  system_mkl25z4.o(.data.SystemCoreClock)
    pxCurrentTCB                             0x1ffff014   Data           4  tasks.o(.bss.pxCurrentTCB)
    __initial_sp                             0x20010180   Data           0  startup_mkl25z4.o(STACK)



==============================================================================

Memory Map of the image

  Image Entry point : 0x000000d5

  Load Region LR_1 (Base: 0x00000000, Size: 0x0000196c, Max: 0xffffffff, ABSOLUTE)

    Execution Region ER_RO (Exec base: 0x00000000, Load base: 0x00000000, Size: 0x00001960, Max: 0xffffffff, ABSOLUTE)

    Exec Addr    Load Addr    Size         Type   Attr      Idx    E Section Name        Object

    0x00000000   0x00000000   0x000000c0   Data   RO           33    RESET               startup_mkl25z4.o
    0x000000c0   0x000000c0   0x00000000   Code   RO          567  * .ARM.Collect$$$$00000000  mc_p.l(entry.o)
    0x000000c0   0x000000c0   0x00000004   Code   RO          590    .ARM.Collect$$$$00000001  mc_p.l(entry2.o)
    0x000000c4   0x000000c4   0x00000004   Code   RO          593    .ARM.Collect$$$$00000004  mc_p.l(entry5.o)
    0x000000c8   0x000000c8   0x00000000   Code   RO          595    .ARM.Collect$$$$00000008  mc_p.l(entry7b.o)
    0x000000c8   0x000000c8   0x00000000   Code   RO          597    .ARM.Collect$$$$0000000A  mc_p.l(entry8b.o)
    0x000000c8   0x000000c8   0x00000008   Code   RO          598    .ARM.Collect$$$$0000000B  mc_p.l(entry9a.o)
    0x000000d0   0x000000d0   0x00000000   Code   RO          600    .ARM.Collect$$$$0000000D  mc_p.l(entry10a.o)
    0x000000d0   0x000000d0   0x00000000   Code   RO          602    .ARM.Collect$$$$0000000F  mc_p.l(entry11a.o)
    0x000000d0   0x000000d0   0x00000004   Code   RO          591    .ARM.Collect$$$$00002712  mc_p.l(entry2.o)
    0x000000d4   0x000000d4   0x00000028   Code   RO           35  * .text               startup_mkl25z4.o
    0x000000fc   0x000000fc   0x00000030   Code   RO          580    .text               mc_p.l(llmul.o)
    0x0000012c   0x0000012c   0x00000024   Code   RO          582    .text               mc_p.l(memcpya.o)
    0x00000150   0x00000150   0x00000024   Code   RO          584    .text               mc_p.l(memseta.o)
    0x00000174   0x00000174   0x0000003e   Code   RO          609    .text               mc_p.l(uidiv_div0.o)
    0x000001b2   0x000001b2   0x00000002   PAD
    0x000001b4   0x000001b4   0x00000024   Code   RO          615    .text               mc_p.l(init.o)
    0x000001d8   0x000001d8   0x00000008   PAD
    0x000001e0   0x000001e0   0x00000044   Code   RO          137    .text.PendSV_Handler  port.o
    0x00000224   0x00000224   0x00000002   Code   RO          117    .text.SVC_Handler   port.o
    0x00000226   0x00000226   0x00000002   PAD
    0x00000228   0x00000228   0x00000024   Code   RO          139    .text.SysTick_Handler  port.o
    0x0000024c   0x0000024c   0x0000000c   Code   RO           44    .text.SystemInit    system_mkl25z4.o
    0x00000258   0x00000258   0x00000014   Code   RO           18    .text.UartTransmit  common.o
    0x0000026c   0x0000026c   0x00000040   Code   RO          425    .text.eTaskConfirmSleepModeStatus  tasks.o
    0x000002ac   0x000002ac   0x0000000e   Code   RO           16    .text.fputc         common.o
    0x000002ba   0x000002ba   0x00000002   PAD
    0x000002bc   0x000002bc   0x00000048   Code   RO            6    .text.main          create_task.o
    0x00000304   0x00000304   0x00000090   Code   RO          347    .text.prvAddCurrentTaskToDelayedList  tasks.o
    0x00000394   0x00000394   0x00000050   Code   RO          501    .text.prvCheckForValidListAndQueue  timers.o
    0x000003e4   0x000003e4   0x00000002   Code   RO          620    i.__scatterload_null  mc_p.l(handlers.o)
    0x000003e6   0x000003e6   0x00000012   Code   RO          341    .text.prvDeleteTCB  tasks.o
    0x000003f8   0x000003f8   0x00000008   Code   RO          133    .text.ulSetInterruptMaskFromISR  port.o
    0x00000400   0x00000400   0x00000010   Code   RO           34    .ARM.__at_0x400     startup_mkl25z4.o
    0x00000410   0x00000410   0x00000094   Code   RO          335    .text.prvAddNewTaskToReadyList  tasks.o
    0x000004a4   0x000004a4   0x00000048   Code   RO          465    .text.prvCheckTasksWaitingTermination  tasks.o
    0x000004ec   0x000004ec   0x00000024   Code   RO          225    .text.prvCopyDataFromQueue  queue.o
    0x00000510   0x00000510   0x00000078   Code   RO          211    .text.prvCopyDataToQueue  queue.o
    0x00000588   0x00000588   0x00000034   Code   RO          467    .text.prvGetExpectedIdleTime  tasks.o
    0x000005bc   0x000005bc   0x00000020   Code   RO          537    .text.prvGetNextExpireTime  timers.o
    0x000005dc   0x000005dc   0x00000060   Code   RO          157    .text.prvHeapInit   heap_4.o
    0x0000063c   0x0000063c   0x00000048   Code   RO          373    .text.prvIdleTask   tasks.o
    0x00000684   0x00000684   0x00000026   Code   RO          191    .text.prvInitialiseNewQueue  queue.o
    0x000006aa   0x000006aa   0x00000098   Code   RO          333    .text.prvInitialiseNewTask  tasks.o
    0x00000742   0x00000742   0x00000002   PAD
    0x00000744   0x00000744   0x0000005c   Code   RO          463    .text.prvInitialiseTaskLists  tasks.o
    0x000007a0   0x000007a0   0x0000004c   Code   RO          159    .text.prvInsertBlockIntoFreeList  heap_4.o
    0x000007ec   0x000007ec   0x00000034   Code   RO          551    .text.prvInsertTimerInActiveList  timers.o
    0x00000820   0x00000820   0x00000016   Code   RO          227    .text.prvIsQueueEmpty  queue.o
    0x00000836   0x00000836   0x00000064   Code   RO          213    .text.prvNotifyQueueSetContainer  queue.o
    0x0000089a   0x0000089a   0x00000002   PAD
    0x0000089c   0x0000089c   0x00000040   Code   RO          545    .text.prvProcessExpiredTimer  timers.o
    0x000008dc   0x000008dc   0x000000ec   Code   RO          541    .text.prvProcessReceivedCommands  timers.o
    0x000009c8   0x000009c8   0x0000006c   Code   RO          539    .text.prvProcessTimerOrBlockTask  timers.o
    0x00000a34   0x00000a34   0x0000003a   Code   RO          549    .text.prvReloadTimer  timers.o
    0x00000a6e   0x00000a6e   0x00000002   PAD
    0x00000a70   0x00000a70   0x00000024   Code   RO          339    .text.prvResetNextTaskUnblockTime  tasks.o
    0x00000a94   0x00000a94   0x00000028   Code   RO          543    .text.prvSampleTimeNow  timers.o
    0x00000abc   0x00000abc   0x00000034   Code   RO          547    .text.prvSwitchTimerLists  timers.o
    0x00000af0   0x00000af0   0x0000001c   Code   RO          115    .text.prvTaskExitError  port.o
    0x00000b0c   0x00000b0c   0x00000014   Code   RO          503    .text.prvTimerTask  timers.o
    0x00000b20   0x00000b20   0x00000090   Code   RO          217    .text.prvUnlockQueue  queue.o
    0x00000bb0   0x00000bb0   0x000000f4   Code   RO          155    .text.pvPortMalloc  heap_4.o
    0x00000ca4   0x00000ca4   0x0000002c   Code   RO          113    .text.pxPortInitialiseStack  port.o
    0x00000cd0   0x00000cd0   0x00000022   Code   RO          103    .text.uxListRemove  list.o
    0x00000cf2   0x00000cf2   0x00000006   Code   RO          135    .text.vClearInterruptMaskFromISR  port.o
    0x00000cf8   0x00000cf8   0x00000014   Code   RO           95    .text.vListInitialise  list.o
    0x00000d0c   0x00000d0c   0x00000006   Code   RO           97    .text.vListInitialiseItem  list.o
    0x00000d12   0x00000d12   0x0000002e   Code   RO          101    .text.vListInsert   list.o
    0x00000d40   0x00000d40   0x00000014   Code   RO          129    .text.vPortEnterCritical  port.o
    0x00000d54   0x00000d54   0x0000001c   Code   RO          131    .text.vPortExitCritical  port.o
    0x00000d70   0x00000d70   0x00000064   Code   RO          161    .text.vPortFree     heap_4.o
    0x00000dd4   0x00000dd4   0x00000048   Code   RO          121    .text.vPortSetupTimerInterrupt  port.o
    0x00000e1c   0x00000e1c   0x00000004   PAD
    0x00000e20   0x00000e20   0x00000034   Code   RO          123    .text.vPortStartFirstTask  port.o
    0x00000e54   0x00000e54   0x0000010c   Code   RO          141    .text.vPortSuppressTicksAndSleep  port.o
    0x00000f60   0x00000f60   0x00000018   Code   RO          127    .text.vPortYield    port.o
    0x00000f78   0x00000f78   0x00000044   Code   RO          255    .text.vQueueWaitForMessageRestricted  queue.o
    0x00000fbc   0x00000fbc   0x0000003c   Code   RO            2    .text.vTask1        create_task.o
    0x00000ff8   0x00000ff8   0x0000003c   Code   RO            4    .text.vTask2        create_task.o
    0x00001034   0x00001034   0x00000014   Code   RO          415    .text.vTaskInternalSetTimeOutState  tasks.o
    0x00001048   0x00001048   0x00000008   Code   RO          419    .text.vTaskMissedYield  tasks.o
    0x00001050   0x00001050   0x00000020   Code   RO          403    .text.vTaskPlaceOnEventList  tasks.o
    0x00001070   0x00001070   0x00000048   Code   RO          407    .text.vTaskPlaceOnEventListRestricted  tasks.o
    0x000010b8   0x000010b8   0x00000064   Code   RO          371    .text.vTaskStartScheduler  tasks.o
    0x0000111c   0x0000111c   0x00000024   Code   RO          397    .text.vTaskStepTick  tasks.o
    0x00001140   0x00001140   0x0000000c   Code   RO          345    .text.vTaskSuspendAll  tasks.o
    0x0000114c   0x0000114c   0x00000074   Code   RO          363    .text.vTaskSwitchContext  tasks.o
    0x000011c0   0x000011c0   0x00000038   Code   RO          119    .text.xPortStartScheduler  port.o
    0x000011f8   0x000011f8   0x00000056   Code   RO          189    .text.xQueueGenericCreate  queue.o
    0x0000124e   0x0000124e   0x00000094   Code   RO          187    .text.xQueueGenericReset  queue.o
    0x000012e2   0x000012e2   0x00000132   Code   RO          223    .text.xQueueReceive  queue.o
    0x00001414   0x00001414   0x00000080   Code   RO          417    .text.xTaskCheckForTimeOut  tasks.o
    0x00001494   0x00001494   0x00000062   Code   RO          331    .text.xTaskCreate   tasks.o
    0x000014f6   0x000014f6   0x00000002   PAD
    0x000014f8   0x000014f8   0x00000020   Code   RO          437    .text.xTaskGetSchedulerState  tasks.o
    0x00001518   0x00001518   0x00000008   Code   RO          379    .text.xTaskGetTickCount  tasks.o
    0x00001520   0x00001520   0x00000148   Code   RO          377    .text.xTaskIncrementTick  tasks.o
    0x00001668   0x00001668   0x0000006c   Code   RO          441    .text.xTaskPriorityDisinherit  tasks.o
    0x000016d4   0x000016d4   0x000000bc   Code   RO          409    .text.xTaskRemoveFromEventList  tasks.o
    0x00001790   0x00001790   0x00000124   Code   RO          349    .text.xTaskResumeAll  tasks.o
    0x000018b4   0x000018b4   0x0000004c   Code   RO          499    .text.xTimerCreateTimerTask  timers.o
    0x00001900   0x00001900   0x0000000e   Code   RO          619    i.__scatterload_copy  mc_p.l(handlers.o)
    0x0000190e   0x0000190e   0x0000000e   Code   RO          621    i.__scatterload_zeroinit  mc_p.l(handlers.o)
    0x0000191c   0x0000191c   0x00000020   Code   RO          570    i.puts              mc_p.l(puts.o)
    0x0000193c   0x0000193c   0x00000004   Data   RO          470    .rodata.uxTopUsedPriority  tasks.o
    0x00001940   0x00001940   0x00000020   Data   RO          618    Region$$Table       anon$$obj.o


    Execution Region ER_RW (Exec base: 0x1ffff000, Load base: 0x00001960, Size: 0x0000000c, Max: 0xffffffff, ABSOLUTE)

    Exec Addr    Load Addr    Size         Type   Attr      Idx    E Section Name        Object

    0x1ffff000   0x00001960   0x00000004   Data   RW          604    .data               mc_p.l(stdout.o)
    0x1ffff004   0x00001964   0x00000004   Data   RW           48    .data.SystemCoreClock  system_mkl25z4.o
    0x1ffff008   0x00001968   0x00000004   Data   RW          143    .data.uxCriticalNesting  port.o


    Execution Region ER_ZI (Exec base: 0x1ffff010, Load base: 0x0000196c, Size: 0x00011170, Max: 0xffffffff, ABSOLUTE)

    Exec Addr    Load Addr    Size         Type   Attr      Idx    E Section Name        Object

    0x1ffff010        -       0x00000004   Zero   RW          557    .bss.prvSampleTimeNow.xLastTime  timers.o
    0x1ffff014        -       0x00000004   Zero   RW          469    .bss.pxCurrentTCB   tasks.o
    0x1ffff018        -       0x00000004   Zero   RW          555    .bss.pxCurrentTimerList  timers.o
    0x1ffff01c        -       0x00000004   Zero   RW          478    .bss.pxDelayedTaskList  tasks.o
    0x1ffff020        -       0x00000004   Zero   RW          171    .bss.pxEnd          heap_4.o
    0x1ffff024        -       0x00000004   Zero   RW          479    .bss.pxOverflowDelayedTaskList  tasks.o
    0x1ffff028        -       0x00000004   Zero   RW          556    .bss.pxOverflowTimerList  timers.o
    0x1ffff02c        -       0x00000064   Zero   RW          481    .bss.pxReadyTasksLists  tasks.o
    0x1ffff090        -       0x00001000   Zero   RW          178    .bss.ucHeap         heap_4.o
    0x20000090        -       0x00000001   Zero   RW          146    .bss.ulStoppedTimerCompensation  port.o
    0x20000091   0x0000196c   0x00000003   PAD
    0x20000094        -       0x00000004   Zero   RW          144    .bss.ulTimerCountsForOneTick  port.o
    0x20000098        -       0x00000004   Zero   RW          474    .bss.uxCurrentNumberOfTasks  tasks.o
    0x2000009c        -       0x00000004   Zero   RW          473    .bss.uxDeletedTasksWaitingCleanUp  tasks.o
    0x200000a0        -       0x00000004   Zero   RW          476    .bss.uxSchedulerSuspended  tasks.o
    0x200000a4        -       0x00000004   Zero   RW          471    .bss.uxTaskNumber   tasks.o
    0x200000a8        -       0x00000004   Zero   RW          482    .bss.uxTopReadyPriority  tasks.o
    0x200000ac        -       0x00000014   Zero   RW          558    .bss.xActiveTimerList1  timers.o
    0x200000c0        -       0x00000014   Zero   RW          559    .bss.xActiveTimerList2  timers.o
    0x200000d4        -       0x00000001   Zero   RW          172    .bss.xBlockAllocatedBit  heap_4.o
    0x200000d5   0x0000196c   0x00000003   PAD
    0x200000d8        -       0x00000014   Zero   RW          489    .bss.xDelayedTaskList1  tasks.o
    0x200000ec        -       0x00000014   Zero   RW          490    .bss.xDelayedTaskList2  tasks.o
    0x20000100        -       0x00000004   Zero   RW          173    .bss.xFreeBytesRemaining  heap_4.o
    0x20000104        -       0x00000004   Zero   RW          485    .bss.xIdleTaskHandle  tasks.o
    0x20000108        -       0x00000004   Zero   RW          145    .bss.xMaximumPossibleSuppressedTicks  port.o
    0x2000010c        -       0x00000004   Zero   RW          175    .bss.xMinimumEverFreeBytesRemaining  heap_4.o
    0x20000110        -       0x00000004   Zero   RW          486    .bss.xNextTaskUnblockTime  tasks.o
    0x20000114        -       0x00000004   Zero   RW          488    .bss.xNumOfOverflows  tasks.o
    0x20000118        -       0x00000004   Zero   RW          176    .bss.xNumberOfSuccessfulAllocations  heap_4.o
    0x2000011c        -       0x00000004   Zero   RW          177    .bss.xNumberOfSuccessfulFrees  heap_4.o
    0x20000120        -       0x00000004   Zero   RW          487    .bss.xPendedTicks   tasks.o
    0x20000124        -       0x00000014   Zero   RW          484    .bss.xPendingReadyList  tasks.o
    0x20000138        -       0x00000004   Zero   RW          475    .bss.xSchedulerRunning  tasks.o
    0x2000013c        -       0x00000008   Zero   RW          174    .bss.xStart         heap_4.o
    0x20000144        -       0x00000014   Zero   RW          480    .bss.xSuspendedTaskList  tasks.o
    0x20000158        -       0x00000014   Zero   RW          472    .bss.xTasksWaitingTermination  tasks.o
    0x2000016c        -       0x00000004   Zero   RW          477    .bss.xTickCount     tasks.o
    0x20000170        -       0x00000004   Zero   RW          553    .bss.xTimerQueue    timers.o
    0x20000174        -       0x00000004   Zero   RW          554    .bss.xTimerTaskHandle  timers.o
    0x20000178        -       0x00000004   Zero   RW          483    .bss.xYieldPending  tasks.o
    0x2000017c   0x0000196c   0x00000004   PAD
    0x20000180        -       0x00010000   Zero   RW           31    STACK               startup_mkl25z4.o


==============================================================================

Image component sizes


      Code (inc. data)   RO Data    RW Data    ZI Data      Debug   Object Name

        34          4          0          0          0       2777   common.o
       192         72          0          0          0        929   create_task.o
       516         52          0          0       4125       4683   heap_4.o
       106          0          0          0          0       2381   list.o
       712         56          0          4          9       4062   port.o
      1068          0          0          0          0      21338   queue.o
        56         30        192          0      65536        880   startup_mkl25z4.o
        12          4          0          4          0       2559   system_mkl25z4.o
      2428        216          4          0        260      31488   tasks.o
       818         70          0          0         60      12076   timers.o

    ----------------------------------------------------------------------
      5958        508        228          8      70000      83173   Object Totals
         0          0         32          0          0          0   (incl. Generated)
        16          4          0          0         10          0   (incl. Padding)

    ----------------------------------------------------------------------

      Code (inc. data)   RO Data    RW Data    ZI Data      Debug   Library Member Name

         0          0          0          0          0          0   entry.o
         0          0          0          0          0          0   entry10a.o
         0          0          0          0          0          0   entry11a.o
         8          4          0          0          0          0   entry2.o
         4          0          0          0          0          0   entry5.o
         0          0          0          0          0          0   entry7b.o
         0          0          0          0          0          0   entry8b.o
         8          4          0          0          0          0   entry9a.o
        30          0          0          0          0          0   handlers.o
        36          8          0          0          0         68   init.o
        48          0          0          0          0         72   llmul.o
        36          0          0          0          0         60   memcpya.o
        36          0          0          0          0        100   memseta.o
        32          4          0          0          0         68   puts.o
         0          0          0          4          0          0   stdout.o
        62          0          0          0          0         72   uidiv_div0.o

    ----------------------------------------------------------------------
       310         28          0          4          0        440   Library Totals
        10          8          0          0          0          0   (incl. Padding)

    ----------------------------------------------------------------------

      Code (inc. data)   RO Data    RW Data    ZI Data      Debug   Library Name

       300         20          0          4          0        440   mc_p.l

    ----------------------------------------------------------------------
       310         28          0          4          0        440   Library Totals

    ----------------------------------------------------------------------

==============================================================================


      Code (inc. data)   RO Data    RW Data    ZI Data      Debug   

      6268        536        228         12      70000      83473   Grand Totals
      6268        536        228         12      70000      83473   ELF Image Totals
      6268        536        228         12          0          0   ROM Totals

==============================================================================

    Total RO  Size (Code + RO Data)                 6496 (   6.34kB)
    Total RW  Size (RW Data + ZI Data)             70012 (  68.37kB)
    Total ROM Size (Code + RO Data + RW Data)       6508 (   6.36kB)

==============================================================================

